cpu-bind=MASK - computenode0, task  0  0 [101741]: mask 0x1 set
cpu-bind=MASK - computenode0, task  1  1 [101742]: mask 0x1000000 set
cpu-bind=MASK - computenode0, task  2  2 [101743]: mask 0x1000000000000 set
cpu-bind=MASK - computenode0, task  3  3 [101744]: mask 0x1000000000000000000 set
cpu-bind=MASK - computenode0, task  4  4 [101745]: mask 0x2 set
cpu-bind=MASK - computenode0, task  5  5 [101746]: mask 0x2000000 set
cpu-bind=MASK - computenode0, task  6  6 [101747]: mask 0x2000000000000 set
cpu-bind=MASK - computenode0, task  7  7 [101748]: mask 0x2000000000000000000 set
cpu-bind=MASK - computenode0, task  8  8 [101749]: mask 0x4 set
cpu-bind=MASK - computenode0, task  9  9 [101750]: mask 0x4000000 set
cpu-bind=MASK - computenode0, task 10 10 [101751]: mask 0x4000000000000 set
cpu-bind=MASK - computenode0, task 11 11 [101752]: mask 0x4000000000000000000 set
cpu-bind=MASK - computenode0, task 12 12 [101753]: mask 0x8 set
cpu-bind=MASK - computenode0, task 13 13 [101754]: mask 0x8000000 set
cpu-bind=MASK - computenode0, task 14 14 [101755]: mask 0x8000000000000 set
cpu-bind=MASK - computenode0, task 15 15 [101756]: mask 0x8000000000000000000 set
cpu-bind=MASK - computenode0, task 16 16 [101757]: mask 0x10 set
cpu-bind=MASK - computenode0, task 17 17 [101758]: mask 0x10000000 set
cpu-bind=MASK - computenode0, task 18 18 [101759]: mask 0x10000000000000 set
cpu-bind=MASK - computenode0, task 19 19 [101760]: mask 0x10000000000000000000 set
cpu-bind=MASK - computenode0, task 20 20 [101761]: mask 0x20 set
cpu-bind=MASK - computenode0, task 21 21 [101762]: mask 0x20000000 set
cpu-bind=MASK - computenode0, task 22 22 [101763]: mask 0x20000000000000 set
cpu-bind=MASK - computenode0, task 23 23 [101764]: mask 0x20000000000000000000 set
cpu-bind=MASK - computenode0, task 24 24 [101765]: mask 0x40 set
cpu-bind=MASK - computenode0, task 25 25 [101766]: mask 0x40000000 set
cpu-bind=MASK - computenode0, task 26 26 [101767]: mask 0x40000000000000 set
cpu-bind=MASK - computenode0, task 27 27 [101768]: mask 0x40000000000000000000 set
cpu-bind=MASK - computenode0, task 28 28 [101769]: mask 0x80 set
cpu-bind=MASK - computenode0, task 29 29 [101770]: mask 0x80000000 set
cpu-bind=MASK - computenode0, task 30 30 [101771]: mask 0x80000000000000 set
cpu-bind=MASK - computenode0, task 31 31 [101772]: mask 0x80000000000000000000 set
cpu-bind=MASK - computenode0, task 32 32 [101773]: mask 0x100 set
cpu-bind=MASK - computenode0, task 33 33 [101774]: mask 0x100000000 set
cpu-bind=MASK - computenode0, task 34 34 [101775]: mask 0x100000000000000 set
cpu-bind=MASK - computenode0, task 35 35 [101776]: mask 0x100000000000000000000 set
cpu-bind=MASK - computenode0, task 36 36 [101777]: mask 0x200 set
cpu-bind=MASK - computenode0, task 37 37 [101778]: mask 0x200000000 set
cpu-bind=MASK - computenode0, task 38 38 [101779]: mask 0x200000000000000 set
cpu-bind=MASK - computenode0, task 39 39 [101780]: mask 0x200000000000000000000 set
cpu-bind=MASK - computenode0, task 40 40 [101781]: mask 0x400 set
cpu-bind=MASK - computenode0, task 41 41 [101782]: mask 0x400000000 set
cpu-bind=MASK - computenode0, task 42 42 [101783]: mask 0x400000000000000 set
cpu-bind=MASK - computenode0, task 43 43 [101784]: mask 0x400000000000000000000 set
cpu-bind=MASK - computenode0, task 44 44 [101785]: mask 0x800 set
cpu-bind=MASK - computenode0, task 45 45 [101786]: mask 0x800000000 set
cpu-bind=MASK - computenode0, task 46 46 [101787]: mask 0x800000000000000 set
cpu-bind=MASK - computenode0, task 47 47 [101788]: mask 0x800000000000000000000 set
cpu-bind=MASK - computenode0, task 48 48 [101789]: mask 0x1000 set
cpu-bind=MASK - computenode0, task 49 49 [101790]: mask 0x1000000000 set
cpu-bind=MASK - computenode0, task 50 50 [101791]: mask 0x1000000000000000 set
cpu-bind=MASK - computenode0, task 51 51 [101792]: mask 0x1000000000000000000000 set
cpu-bind=MASK - computenode0, task 52 52 [101793]: mask 0x2000 set
cpu-bind=MASK - computenode0, task 53 53 [101794]: mask 0x2000000000 set
cpu-bind=MASK - computenode0, task 54 54 [101795]: mask 0x2000000000000000 set
cpu-bind=MASK - computenode0, task 55 55 [101796]: mask 0x2000000000000000000000 set
cpu-bind=MASK - computenode0, task 56 56 [101797]: mask 0x4000 set
cpu-bind=MASK - computenode0, task 57 57 [101798]: mask 0x4000000000 set
cpu-bind=MASK - computenode0, task 58 58 [101799]: mask 0x4000000000000000 set
cpu-bind=MASK - computenode0, task 59 59 [101800]: mask 0x4000000000000000000000 set
cpu-bind=MASK - computenode0, task 60 60 [101801]: mask 0x8000 set
cpu-bind=MASK - computenode0, task 61 61 [101802]: mask 0x8000000000 set
cpu-bind=MASK - computenode0, task 62 62 [101803]: mask 0x8000000000000000 set
cpu-bind=MASK - computenode0, task 63 63 [101804]: mask 0x8000000000000000000000 set
cpu-bind=MASK - computenode0, task 64 64 [101805]: mask 0x10000 set
cpu-bind=MASK - computenode0, task 65 65 [101806]: mask 0x10000000000 set
cpu-bind=MASK - computenode0, task 66 66 [101807]: mask 0x10000000000000000 set
cpu-bind=MASK - computenode0, task 67 67 [101808]: mask 0x10000000000000000000000 set
cpu-bind=MASK - computenode0, task 68 68 [101809]: mask 0x20000 set
cpu-bind=MASK - computenode0, task 69 69 [101810]: mask 0x20000000000 set
cpu-bind=MASK - computenode0, task 70 70 [101811]: mask 0x20000000000000000 set
cpu-bind=MASK - computenode0, task 71 71 [101812]: mask 0x20000000000000000000000 set
cpu-bind=MASK - computenode0, task 72 72 [101813]: mask 0x40000 set
cpu-bind=MASK - computenode0, task 73 73 [101814]: mask 0x40000000000 set
cpu-bind=MASK - computenode0, task 74 74 [101815]: mask 0x40000000000000000 set
cpu-bind=MASK - computenode0, task 75 75 [101816]: mask 0x40000000000000000000000 set
cpu-bind=MASK - computenode0, task 76 76 [101817]: mask 0x80000 set
cpu-bind=MASK - computenode0, task 77 77 [101818]: mask 0x80000000000 set
cpu-bind=MASK - computenode0, task 78 78 [101819]: mask 0x80000000000000000 set
cpu-bind=MASK - computenode0, task 79 79 [101820]: mask 0x80000000000000000000000 set
cpu-bind=MASK - computenode0, task 80 80 [101821]: mask 0x100000 set
cpu-bind=MASK - computenode0, task 81 81 [101822]: mask 0x100000000000 set
cpu-bind=MASK - computenode0, task 82 82 [101823]: mask 0x100000000000000000 set
cpu-bind=MASK - computenode0, task 83 83 [101824]: mask 0x100000000000000000000000 set
cpu-bind=MASK - computenode0, task 84 84 [101825]: mask 0x200000 set
cpu-bind=MASK - computenode0, task 85 85 [101826]: mask 0x200000000000 set
cpu-bind=MASK - computenode0, task 86 86 [101827]: mask 0x200000000000000000 set
cpu-bind=MASK - computenode0, task 87 87 [101828]: mask 0x200000000000000000000000 set
cpu-bind=MASK - computenode0, task 88 88 [101829]: mask 0x400000 set
cpu-bind=MASK - computenode0, task 89 89 [101830]: mask 0x400000000000 set
cpu-bind=MASK - computenode0, task 90 90 [101831]: mask 0x400000000000000000 set
cpu-bind=MASK - computenode0, task 91 91 [101832]: mask 0x400000000000000000000000 set
cpu-bind=MASK - computenode0, task 92 92 [101833]: mask 0x800000 set
cpu-bind=MASK - computenode0, task 93 93 [101834]: mask 0x800000000000 set
cpu-bind=MASK - computenode0, task 94 94 [101835]: mask 0x800000000000000000 set
cpu-bind=MASK - computenode0, task 95 95 [101836]: mask 0x800000000000000000000000 set
cpu-bind=MASK - computenode0, task  0  0 [101857]: mask 0x1000000000000000000000001 set
cpu-bind=MASK - computenode0, task  1  1 [101858]: mask 0x1000000000000000000000001000000 set
cpu-bind=MASK - computenode0, task  2  2 [101859]: mask 0x1000000000000000000000001000000000000 set
cpu-bind=MASK - computenode0, task  3  3 [101860]: mask 0x1000000000000000000000001000000000000000000 set
cpu-bind=MASK - computenode0, task  4  4 [101861]: mask 0x2000000000000000000000002 set
cpu-bind=MASK - computenode0, task  5  5 [101862]: mask 0x2000000000000000000000002000000 set
cpu-bind=MASK - computenode0, task  6  6 [101863]: mask 0x2000000000000000000000002000000000000 set
cpu-bind=MASK - computenode0, task  7  7 [101864]: mask 0x2000000000000000000000002000000000000000000 set
cpu-bind=MASK - computenode0, task  8  8 [101865]: mask 0x4000000000000000000000004 set
cpu-bind=MASK - computenode0, task  9  9 [101866]: mask 0x4000000000000000000000004000000 set
cpu-bind=MASK - computenode0, task 10 10 [101867]: mask 0x4000000000000000000000004000000000000 set
cpu-bind=MASK - computenode0, task 11 11 [101868]: mask 0x4000000000000000000000004000000000000000000 set
cpu-bind=MASK - computenode0, task 12 12 [101869]: mask 0x8000000000000000000000008 set
cpu-bind=MASK - computenode0, task 13 13 [101870]: mask 0x8000000000000000000000008000000 set
cpu-bind=MASK - computenode0, task 14 14 [101871]: mask 0x8000000000000000000000008000000000000 set
cpu-bind=MASK - computenode0, task 15 15 [101872]: mask 0x8000000000000000000000008000000000000000000 set
cpu-bind=MASK - computenode0, task 16 16 [101873]: mask 0x10000000000000000000000010 set
cpu-bind=MASK - computenode0, task 17 17 [101874]: mask 0x10000000000000000000000010000000 set
cpu-bind=MASK - computenode0, task 18 18 [101875]: mask 0x10000000000000000000000010000000000000 set
cpu-bind=MASK - computenode0, task 19 19 [101876]: mask 0x10000000000000000000000010000000000000000000 set
cpu-bind=MASK - computenode0, task 20 20 [101877]: mask 0x20000000000000000000000020 set
cpu-bind=MASK - computenode0, task 21 21 [101878]: mask 0x20000000000000000000000020000000 set
cpu-bind=MASK - computenode0, task 22 22 [101879]: mask 0x20000000000000000000000020000000000000 set
cpu-bind=MASK - computenode0, task 23 23 [101880]: mask 0x20000000000000000000000020000000000000000000 set
cpu-bind=MASK - computenode0, task 24 24 [101881]: mask 0x40000000000000000000000040 set
cpu-bind=MASK - computenode0, task 25 25 [101882]: mask 0x40000000000000000000000040000000 set
cpu-bind=MASK - computenode0, task 26 26 [101883]: mask 0x40000000000000000000000040000000000000 set
cpu-bind=MASK - computenode0, task 27 27 [101884]: mask 0x40000000000000000000000040000000000000000000 set
cpu-bind=MASK - computenode0, task 28 28 [101885]: mask 0x80000000000000000000000080 set
cpu-bind=MASK - computenode0, task 29 29 [101886]: mask 0x80000000000000000000000080000000 set
cpu-bind=MASK - computenode0, task 30 30 [101887]: mask 0x80000000000000000000000080000000000000 set
cpu-bind=MASK - computenode0, task 31 31 [101888]: mask 0x80000000000000000000000080000000000000000000 set
cpu-bind=MASK - computenode0, task 32 32 [101889]: mask 0x100000000000000000000000100 set
cpu-bind=MASK - computenode0, task 33 33 [101890]: mask 0x100000000000000000000000100000000 set
cpu-bind=MASK - computenode0, task 34 34 [101891]: mask 0x100000000000000000000000100000000000000 set
cpu-bind=MASK - computenode0, task 35 35 [101892]: mask 0x100000000000000000000000100000000000000000000 set
cpu-bind=MASK - computenode0, task 36 36 [101893]: mask 0x200000000000000000000000200 set
cpu-bind=MASK - computenode0, task 37 37 [101894]: mask 0x200000000000000000000000200000000 set
cpu-bind=MASK - computenode0, task 38 38 [101895]: mask 0x200000000000000000000000200000000000000 set
cpu-bind=MASK - computenode0, task 39 39 [101896]: mask 0x200000000000000000000000200000000000000000000 set
cpu-bind=MASK - computenode0, task 40 40 [101897]: mask 0x400000000000000000000000400 set
cpu-bind=MASK - computenode0, task 41 41 [101898]: mask 0x400000000000000000000000400000000 set
cpu-bind=MASK - computenode0, task 42 42 [101899]: mask 0x400000000000000000000000400000000000000 set
cpu-bind=MASK - computenode0, task 43 43 [101900]: mask 0x400000000000000000000000400000000000000000000 set
cpu-bind=MASK - computenode0, task 44 44 [101901]: mask 0x800000000000000000000000800 set
cpu-bind=MASK - computenode0, task 45 45 [101902]: mask 0x800000000000000000000000800000000 set
cpu-bind=MASK - computenode0, task 46 46 [101903]: mask 0x800000000000000000000000800000000000000 set
cpu-bind=MASK - computenode0, task 47 47 [101904]: mask 0x800000000000000000000000800000000000000000000 set
cpu-bind=MASK - computenode0, task 48 48 [101905]: mask 0x1000000000000000000000001000 set
cpu-bind=MASK - computenode0, task 49 49 [101906]: mask 0x1000000000000000000000001000000000 set
cpu-bind=MASK - computenode0, task 50 50 [101907]: mask 0x1000000000000000000000001000000000000000 set
cpu-bind=MASK - computenode0, task 51 51 [101908]: mask 0x1000000000000000000000001000000000000000000000 set
cpu-bind=MASK - computenode0, task 52 52 [101909]: mask 0x2000000000000000000000002000 set
cpu-bind=MASK - computenode0, task 53 53 [101910]: mask 0x2000000000000000000000002000000000 set
cpu-bind=MASK - computenode0, task 54 54 [101911]: mask 0x2000000000000000000000002000000000000000 set
cpu-bind=MASK - computenode0, task 55 55 [101912]: mask 0x2000000000000000000000002000000000000000000000 set
cpu-bind=MASK - computenode0, task 56 56 [101913]: mask 0x4000000000000000000000004000 set
cpu-bind=MASK - computenode0, task 57 57 [101914]: mask 0x4000000000000000000000004000000000 set
cpu-bind=MASK - computenode0, task 58 58 [101915]: mask 0x4000000000000000000000004000000000000000 set
cpu-bind=MASK - computenode0, task 59 59 [101916]: mask 0x4000000000000000000000004000000000000000000000 set
cpu-bind=MASK - computenode0, task 60 60 [101917]: mask 0x8000000000000000000000008000 set
cpu-bind=MASK - computenode0, task 61 61 [101918]: mask 0x8000000000000000000000008000000000 set
cpu-bind=MASK - computenode0, task 62 62 [101919]: mask 0x8000000000000000000000008000000000000000 set
cpu-bind=MASK - computenode0, task 63 63 [101920]: mask 0x8000000000000000000000008000000000000000000000 set
cpu-bind=MASK - computenode0, task 64 64 [101921]: mask 0x10000000000000000000000010000 set
cpu-bind=MASK - computenode0, task 65 65 [101922]: mask 0x10000000000000000000000010000000000 set
cpu-bind=MASK - computenode0, task 66 66 [101923]: mask 0x10000000000000000000000010000000000000000 set
cpu-bind=MASK - computenode0, task 67 67 [101924]: mask 0x10000000000000000000000010000000000000000000000 set
cpu-bind=MASK - computenode0, task 68 68 [101925]: mask 0x20000000000000000000000020000 set
cpu-bind=MASK - computenode0, task 69 69 [101926]: mask 0x20000000000000000000000020000000000 set
cpu-bind=MASK - computenode0, task 70 70 [101927]: mask 0x20000000000000000000000020000000000000000 set
cpu-bind=MASK - computenode0, task 71 71 [101928]: mask 0x20000000000000000000000020000000000000000000000 set
cpu-bind=MASK - computenode0, task 72 72 [101929]: mask 0x40000000000000000000000040000 set
cpu-bind=MASK - computenode0, task 73 73 [101930]: mask 0x40000000000000000000000040000000000 set
cpu-bind=MASK - computenode0, task 74 74 [101931]: mask 0x40000000000000000000000040000000000000000 set
cpu-bind=MASK - computenode0, task 75 75 [101932]: mask 0x40000000000000000000000040000000000000000000000 set
cpu-bind=MASK - computenode0, task 76 76 [101933]: mask 0x80000000000000000000000080000 set
cpu-bind=MASK - computenode0, task 77 77 [101934]: mask 0x80000000000000000000000080000000000 set
cpu-bind=MASK - computenode0, task 78 78 [101935]: mask 0x80000000000000000000000080000000000000000 set
cpu-bind=MASK - computenode0, task 79 79 [101936]: mask 0x80000000000000000000000080000000000000000000000 set
cpu-bind=MASK - computenode0, task 80 80 [101937]: mask 0x100000000000000000000000100000 set
cpu-bind=MASK - computenode0, task 81 81 [101938]: mask 0x100000000000000000000000100000000000 set
cpu-bind=MASK - computenode0, task 82 82 [101939]: mask 0x100000000000000000000000100000000000000000 set
cpu-bind=MASK - computenode0, task 83 83 [101940]: mask 0x100000000000000000000000100000000000000000000000 set
cpu-bind=MASK - computenode0, task 84 84 [101941]: mask 0x200000000000000000000000200000 set
cpu-bind=MASK - computenode0, task 85 85 [101942]: mask 0x200000000000000000000000200000000000 set
cpu-bind=MASK - computenode0, task 86 86 [101943]: mask 0x200000000000000000000000200000000000000000 set
cpu-bind=MASK - computenode0, task 87 87 [101944]: mask 0x200000000000000000000000200000000000000000000000 set
cpu-bind=MASK - computenode0, task 88 88 [101945]: mask 0x400000000000000000000000400000 set
cpu-bind=MASK - computenode0, task 89 89 [101946]: mask 0x400000000000000000000000400000000000 set
cpu-bind=MASK - computenode0, task 90 90 [101947]: mask 0x400000000000000000000000400000000000000000 set
cpu-bind=MASK - computenode0, task 91 91 [101948]: mask 0x400000000000000000000000400000000000000000000000 set
cpu-bind=MASK - computenode0, task 92 92 [101949]: mask 0x800000000000000000000000800000 set
cpu-bind=MASK - computenode0, task 93 93 [101950]: mask 0x800000000000000000000000800000000000 set
cpu-bind=MASK - computenode0, task 94 94 [101951]: mask 0x800000000000000000000000800000000000000000 set
cpu-bind=MASK - computenode0, task 95 95 [101952]: mask 0x800000000000000000000000800000000000000000000000 set
cpu-bind=MASK - computenode0, task  0  0 [101976]: mask 0xffffff000000000000000000ffffff set
cpu-bind=MASK - computenode0, task  1  1 [101977]: mask 0xffffff000000000000000000ffffff000000 set
cpu-bind=MASK - computenode0, task  2  2 [101978]: mask 0xffffff000000000000000000ffffff000000000000 set
cpu-bind=MASK - computenode0, task  3  3 [101979]: mask 0xffffff000000000000000000ffffff000000000000000000 set
cpu-bind=MASK - computenode0, task  4  4 [101980]: mask 0xffffff000000000000000000ffffff set
cpu-bind=MASK - computenode0, task  5  5 [101981]: mask 0xffffff000000000000000000ffffff000000 set
cpu-bind=MASK - computenode0, task  6  6 [101982]: mask 0xffffff000000000000000000ffffff000000000000 set
cpu-bind=MASK - computenode0, task  7  7 [101983]: mask 0xffffff000000000000000000ffffff000000000000000000 set
cpu-bind=MASK - computenode0, task  8  8 [101984]: mask 0xffffff000000000000000000ffffff set
cpu-bind=MASK - computenode0, task  9  9 [101985]: mask 0xffffff000000000000000000ffffff000000 set
cpu-bind=MASK - computenode0, task 10 10 [101986]: mask 0xffffff000000000000000000ffffff000000000000 set
cpu-bind=MASK - computenode0, task 11 11 [101987]: mask 0xffffff000000000000000000ffffff000000000000000000 set
cpu-bind=MASK - computenode0, task 12 12 [101988]: mask 0xffffff000000000000000000ffffff set
cpu-bind=MASK - computenode0, task 13 13 [101989]: mask 0xffffff000000000000000000ffffff000000 set
cpu-bind=MASK - computenode0, task 14 14 [101990]: mask 0xffffff000000000000000000ffffff000000000000 set
cpu-bind=MASK - computenode0, task 15 15 [101991]: mask 0xffffff000000000000000000ffffff000000000000000000 set
cpu-bind=MASK - computenode0, task 16 16 [101992]: mask 0xffffff000000000000000000ffffff set
cpu-bind=MASK - computenode0, task 17 17 [101993]: mask 0xffffff000000000000000000ffffff000000 set
cpu-bind=MASK - computenode0, task 18 18 [101994]: mask 0xffffff000000000000000000ffffff000000000000 set
cpu-bind=MASK - computenode0, task 19 19 [101995]: mask 0xffffff000000000000000000ffffff000000000000000000 set
cpu-bind=MASK - computenode0, task 20 20 [101996]: mask 0xffffff000000000000000000ffffff set
cpu-bind=MASK - computenode0, task 21 21 [101997]: mask 0xffffff000000000000000000ffffff000000 set
cpu-bind=MASK - computenode0, task 22 22 [101998]: mask 0xffffff000000000000000000ffffff000000000000 set
cpu-bind=MASK - computenode0, task 23 23 [101999]: mask 0xffffff000000000000000000ffffff000000000000000000 set
cpu-bind=MASK - computenode0, task 24 24 [102000]: mask 0xffffff000000000000000000ffffff set
cpu-bind=MASK - computenode0, task 25 25 [102001]: mask 0xffffff000000000000000000ffffff000000 set
cpu-bind=MASK - computenode0, task 26 26 [102002]: mask 0xffffff000000000000000000ffffff000000000000 set
cpu-bind=MASK - computenode0, task 27 27 [102003]: mask 0xffffff000000000000000000ffffff000000000000000000 set
cpu-bind=MASK - computenode0, task 28 28 [102004]: mask 0xffffff000000000000000000ffffff set
cpu-bind=MASK - computenode0, task 29 29 [102005]: mask 0xffffff000000000000000000ffffff000000 set
cpu-bind=MASK - computenode0, task 30 30 [102006]: mask 0xffffff000000000000000000ffffff000000000000 set
cpu-bind=MASK - computenode0, task 31 31 [102007]: mask 0xffffff000000000000000000ffffff000000000000000000 set
cpu-bind=MASK - computenode0, task 32 32 [102008]: mask 0xffffff000000000000000000ffffff set
cpu-bind=MASK - computenode0, task 33 33 [102009]: mask 0xffffff000000000000000000ffffff000000 set
cpu-bind=MASK - computenode0, task 34 34 [102010]: mask 0xffffff000000000000000000ffffff000000000000 set
cpu-bind=MASK - computenode0, task 35 35 [102011]: mask 0xffffff000000000000000000ffffff000000000000000000 set
cpu-bind=MASK - computenode0, task 36 36 [102012]: mask 0xffffff000000000000000000ffffff set
cpu-bind=MASK - computenode0, task 37 37 [102013]: mask 0xffffff000000000000000000ffffff000000 set
cpu-bind=MASK - computenode0, task 38 38 [102014]: mask 0xffffff000000000000000000ffffff000000000000 set
cpu-bind=MASK - computenode0, task 39 39 [102015]: mask 0xffffff000000000000000000ffffff000000000000000000 set
cpu-bind=MASK - computenode0, task 40 40 [102016]: mask 0xffffff000000000000000000ffffff set
cpu-bind=MASK - computenode0, task 41 41 [102017]: mask 0xffffff000000000000000000ffffff000000 set
cpu-bind=MASK - computenode0, task 42 42 [102018]: mask 0xffffff000000000000000000ffffff000000000000 set
cpu-bind=MASK - computenode0, task 43 43 [102019]: mask 0xffffff000000000000000000ffffff000000000000000000 set
cpu-bind=MASK - computenode0, task 44 44 [102020]: mask 0xffffff000000000000000000ffffff set
cpu-bind=MASK - computenode0, task 45 45 [102021]: mask 0xffffff000000000000000000ffffff000000 set
cpu-bind=MASK - computenode0, task 46 46 [102022]: mask 0xffffff000000000000000000ffffff000000000000 set
cpu-bind=MASK - computenode0, task 47 47 [102023]: mask 0xffffff000000000000000000ffffff000000000000000000 set
cpu-bind=MASK - computenode0, task 48 48 [102024]: mask 0xffffff000000000000000000ffffff set
cpu-bind=MASK - computenode0, task 49 49 [102025]: mask 0xffffff000000000000000000ffffff000000 set
cpu-bind=MASK - computenode0, task 50 50 [102026]: mask 0xffffff000000000000000000ffffff000000000000 set
cpu-bind=MASK - computenode0, task 51 51 [102027]: mask 0xffffff000000000000000000ffffff000000000000000000 set
cpu-bind=MASK - computenode0, task 52 52 [102028]: mask 0xffffff000000000000000000ffffff set
cpu-bind=MASK - computenode0, task 53 53 [102029]: mask 0xffffff000000000000000000ffffff000000 set
cpu-bind=MASK - computenode0, task 54 54 [102030]: mask 0xffffff000000000000000000ffffff000000000000 set
cpu-bind=MASK - computenode0, task 55 55 [102031]: mask 0xffffff000000000000000000ffffff000000000000000000 set
cpu-bind=MASK - computenode0, task 56 56 [102032]: mask 0xffffff000000000000000000ffffff set
cpu-bind=MASK - computenode0, task 57 57 [102033]: mask 0xffffff000000000000000000ffffff000000 set
cpu-bind=MASK - computenode0, task 58 58 [102034]: mask 0xffffff000000000000000000ffffff000000000000 set
cpu-bind=MASK - computenode0, task 59 59 [102035]: mask 0xffffff000000000000000000ffffff000000000000000000 set
cpu-bind=MASK - computenode0, task 60 60 [102036]: mask 0xffffff000000000000000000ffffff set
cpu-bind=MASK - computenode0, task 61 61 [102037]: mask 0xffffff000000000000000000ffffff000000 set
cpu-bind=MASK - computenode0, task 62 62 [102038]: mask 0xffffff000000000000000000ffffff000000000000 set
cpu-bind=MASK - computenode0, task 63 63 [102039]: mask 0xffffff000000000000000000ffffff000000000000000000 set
cpu-bind=MASK - computenode0, task 64 64 [102040]: mask 0xffffff000000000000000000ffffff set
cpu-bind=MASK - computenode0, task 65 65 [102041]: mask 0xffffff000000000000000000ffffff000000 set
cpu-bind=MASK - computenode0, task 66 66 [102042]: mask 0xffffff000000000000000000ffffff000000000000 set
cpu-bind=MASK - computenode0, task 67 67 [102043]: mask 0xffffff000000000000000000ffffff000000000000000000 set
cpu-bind=MASK - computenode0, task 68 68 [102044]: mask 0xffffff000000000000000000ffffff set
cpu-bind=MASK - computenode0, task 69 69 [102045]: mask 0xffffff000000000000000000ffffff000000 set
cpu-bind=MASK - computenode0, task 70 70 [102046]: mask 0xffffff000000000000000000ffffff000000000000 set
cpu-bind=MASK - computenode0, task 71 71 [102047]: mask 0xffffff000000000000000000ffffff000000000000000000 set
cpu-bind=MASK - computenode0, task 72 72 [102048]: mask 0xffffff000000000000000000ffffff set
cpu-bind=MASK - computenode0, task 73 73 [102049]: mask 0xffffff000000000000000000ffffff000000 set
cpu-bind=MASK - computenode0, task 74 74 [102050]: mask 0xffffff000000000000000000ffffff000000000000 set
cpu-bind=MASK - computenode0, task 75 75 [102051]: mask 0xffffff000000000000000000ffffff000000000000000000 set
cpu-bind=MASK - computenode0, task 76 76 [102052]: mask 0xffffff000000000000000000ffffff set
cpu-bind=MASK - computenode0, task 77 77 [102053]: mask 0xffffff000000000000000000ffffff000000 set
cpu-bind=MASK - computenode0, task 78 78 [102054]: mask 0xffffff000000000000000000ffffff000000000000 set
cpu-bind=MASK - computenode0, task 79 79 [102055]: mask 0xffffff000000000000000000ffffff000000000000000000 set
cpu-bind=MASK - computenode0, task 80 80 [102056]: mask 0xffffff000000000000000000ffffff set
cpu-bind=MASK - computenode0, task 81 81 [102057]: mask 0xffffff000000000000000000ffffff000000 set
cpu-bind=MASK - computenode0, task 82 82 [102058]: mask 0xffffff000000000000000000ffffff000000000000 set
cpu-bind=MASK - computenode0, task 83 83 [102059]: mask 0xffffff000000000000000000ffffff000000000000000000 set
cpu-bind=MASK - computenode0, task 84 84 [102060]: mask 0xffffff000000000000000000ffffff set
cpu-bind=MASK - computenode0, task 85 85 [102061]: mask 0xffffff000000000000000000ffffff000000 set
cpu-bind=MASK - computenode0, task 86 86 [102062]: mask 0xffffff000000000000000000ffffff000000000000 set
cpu-bind=MASK - computenode0, task 87 87 [102063]: mask 0xffffff000000000000000000ffffff000000000000000000 set
cpu-bind=MASK - computenode0, task 88 88 [102064]: mask 0xffffff000000000000000000ffffff set
cpu-bind=MASK - computenode0, task 89 89 [102065]: mask 0xffffff000000000000000000ffffff000000 set
cpu-bind=MASK - computenode0, task 90 90 [102066]: mask 0xffffff000000000000000000ffffff000000000000 set
cpu-bind=MASK - computenode0, task 91 91 [102067]: mask 0xffffff000000000000000000ffffff000000000000000000 set
cpu-bind=MASK - computenode0, task 92 92 [102068]: mask 0xffffff000000000000000000ffffff set
cpu-bind=MASK - computenode0, task 93 93 [102069]: mask 0xffffff000000000000000000ffffff000000 set
cpu-bind=MASK - computenode0, task 94 94 [102070]: mask 0xffffff000000000000000000ffffff000000000000 set
cpu-bind=MASK - computenode0, task 95 95 [102071]: mask 0xffffff000000000000000000ffffff000000000000000000 set
cpu-bind=MASK - computenode0, task  0  0 [102095]: mask 0xffffff000000000000000000ffffff set
cpu-bind=MASK - computenode0, task  1  1 [102096]: mask 0xffffff000000000000000000ffffff000000 set
cpu-bind=MASK - computenode0, task  2  2 [102097]: mask 0xffffff000000000000000000ffffff000000000000 set
cpu-bind=MASK - computenode0, task  3  3 [102098]: mask 0xffffff000000000000000000ffffff000000000000000000 set
cpu-bind=MASK - computenode0, task  4  4 [102099]: mask 0xffffff000000000000000000ffffff set
cpu-bind=MASK - computenode0, task  5  5 [102100]: mask 0xffffff000000000000000000ffffff000000 set
cpu-bind=MASK - computenode0, task  6  6 [102101]: mask 0xffffff000000000000000000ffffff000000000000 set
cpu-bind=MASK - computenode0, task  7  7 [102102]: mask 0xffffff000000000000000000ffffff000000000000000000 set
cpu-bind=MASK - computenode0, task  8  8 [102103]: mask 0xffffff000000000000000000ffffff set
cpu-bind=MASK - computenode0, task  9  9 [102104]: mask 0xffffff000000000000000000ffffff000000 set
cpu-bind=MASK - computenode0, task 10 10 [102105]: mask 0xffffff000000000000000000ffffff000000000000 set
cpu-bind=MASK - computenode0, task 11 11 [102106]: mask 0xffffff000000000000000000ffffff000000000000000000 set
cpu-bind=MASK - computenode0, task 12 12 [102107]: mask 0xffffff000000000000000000ffffff set
cpu-bind=MASK - computenode0, task 13 13 [102108]: mask 0xffffff000000000000000000ffffff000000 set
cpu-bind=MASK - computenode0, task 14 14 [102109]: mask 0xffffff000000000000000000ffffff000000000000 set
cpu-bind=MASK - computenode0, task 15 15 [102110]: mask 0xffffff000000000000000000ffffff000000000000000000 set
cpu-bind=MASK - computenode0, task 16 16 [102111]: mask 0xffffff000000000000000000ffffff set
cpu-bind=MASK - computenode0, task 17 17 [102112]: mask 0xffffff000000000000000000ffffff000000 set
cpu-bind=MASK - computenode0, task 18 18 [102113]: mask 0xffffff000000000000000000ffffff000000000000 set
cpu-bind=MASK - computenode0, task 19 19 [102114]: mask 0xffffff000000000000000000ffffff000000000000000000 set
cpu-bind=MASK - computenode0, task 20 20 [102115]: mask 0xffffff000000000000000000ffffff set
cpu-bind=MASK - computenode0, task 21 21 [102116]: mask 0xffffff000000000000000000ffffff000000 set
cpu-bind=MASK - computenode0, task 22 22 [102117]: mask 0xffffff000000000000000000ffffff000000000000 set
cpu-bind=MASK - computenode0, task 23 23 [102118]: mask 0xffffff000000000000000000ffffff000000000000000000 set
cpu-bind=MASK - computenode0, task 24 24 [102119]: mask 0xffffff000000000000000000ffffff set
cpu-bind=MASK - computenode0, task 25 25 [102120]: mask 0xffffff000000000000000000ffffff000000 set
cpu-bind=MASK - computenode0, task 26 26 [102121]: mask 0xffffff000000000000000000ffffff000000000000 set
cpu-bind=MASK - computenode0, task 27 27 [102122]: mask 0xffffff000000000000000000ffffff000000000000000000 set
cpu-bind=MASK - computenode0, task 28 28 [102123]: mask 0xffffff000000000000000000ffffff set
cpu-bind=MASK - computenode0, task 29 29 [102124]: mask 0xffffff000000000000000000ffffff000000 set
cpu-bind=MASK - computenode0, task 30 30 [102125]: mask 0xffffff000000000000000000ffffff000000000000 set
cpu-bind=MASK - computenode0, task 31 31 [102126]: mask 0xffffff000000000000000000ffffff000000000000000000 set
cpu-bind=MASK - computenode0, task 32 32 [102127]: mask 0xffffff000000000000000000ffffff set
cpu-bind=MASK - computenode0, task 33 33 [102128]: mask 0xffffff000000000000000000ffffff000000 set
cpu-bind=MASK - computenode0, task 34 34 [102129]: mask 0xffffff000000000000000000ffffff000000000000 set
cpu-bind=MASK - computenode0, task 35 35 [102130]: mask 0xffffff000000000000000000ffffff000000000000000000 set
cpu-bind=MASK - computenode0, task 36 36 [102131]: mask 0xffffff000000000000000000ffffff set
cpu-bind=MASK - computenode0, task 37 37 [102132]: mask 0xffffff000000000000000000ffffff000000 set
cpu-bind=MASK - computenode0, task 38 38 [102133]: mask 0xffffff000000000000000000ffffff000000000000 set
cpu-bind=MASK - computenode0, task 39 39 [102134]: mask 0xffffff000000000000000000ffffff000000000000000000 set
cpu-bind=MASK - computenode0, task 40 40 [102135]: mask 0xffffff000000000000000000ffffff set
cpu-bind=MASK - computenode0, task 41 41 [102136]: mask 0xffffff000000000000000000ffffff000000 set
cpu-bind=MASK - computenode0, task 42 42 [102137]: mask 0xffffff000000000000000000ffffff000000000000 set
cpu-bind=MASK - computenode0, task 43 43 [102138]: mask 0xffffff000000000000000000ffffff000000000000000000 set
cpu-bind=MASK - computenode0, task 44 44 [102139]: mask 0xffffff000000000000000000ffffff set
cpu-bind=MASK - computenode0, task 45 45 [102140]: mask 0xffffff000000000000000000ffffff000000 set
cpu-bind=MASK - computenode0, task 46 46 [102141]: mask 0xffffff000000000000000000ffffff000000000000 set
cpu-bind=MASK - computenode0, task 47 47 [102142]: mask 0xffffff000000000000000000ffffff000000000000000000 set
cpu-bind=MASK - computenode0, task 48 48 [102143]: mask 0xffffff000000000000000000ffffff set
cpu-bind=MASK - computenode0, task 49 49 [102144]: mask 0xffffff000000000000000000ffffff000000 set
cpu-bind=MASK - computenode0, task 50 50 [102145]: mask 0xffffff000000000000000000ffffff000000000000 set
cpu-bind=MASK - computenode0, task 51 51 [102146]: mask 0xffffff000000000000000000ffffff000000000000000000 set
cpu-bind=MASK - computenode0, task 52 52 [102147]: mask 0xffffff000000000000000000ffffff set
cpu-bind=MASK - computenode0, task 53 53 [102148]: mask 0xffffff000000000000000000ffffff000000 set
cpu-bind=MASK - computenode0, task 54 54 [102149]: mask 0xffffff000000000000000000ffffff000000000000 set
cpu-bind=MASK - computenode0, task 55 55 [102150]: mask 0xffffff000000000000000000ffffff000000000000000000 set
cpu-bind=MASK - computenode0, task 56 56 [102151]: mask 0xffffff000000000000000000ffffff set
cpu-bind=MASK - computenode0, task 57 57 [102152]: mask 0xffffff000000000000000000ffffff000000 set
cpu-bind=MASK - computenode0, task 58 58 [102153]: mask 0xffffff000000000000000000ffffff000000000000 set
cpu-bind=MASK - computenode0, task 59 59 [102154]: mask 0xffffff000000000000000000ffffff000000000000000000 set
cpu-bind=MASK - computenode0, task 60 60 [102155]: mask 0xffffff000000000000000000ffffff set
cpu-bind=MASK - computenode0, task 61 61 [102156]: mask 0xffffff000000000000000000ffffff000000 set
cpu-bind=MASK - computenode0, task 62 62 [102157]: mask 0xffffff000000000000000000ffffff000000000000 set
cpu-bind=MASK - computenode0, task 63 63 [102158]: mask 0xffffff000000000000000000ffffff000000000000000000 set
cpu-bind=MASK - computenode0, task 64 64 [102159]: mask 0xffffff000000000000000000ffffff set
cpu-bind=MASK - computenode0, task 65 65 [102160]: mask 0xffffff000000000000000000ffffff000000 set
cpu-bind=MASK - computenode0, task 66 66 [102161]: mask 0xffffff000000000000000000ffffff000000000000 set
cpu-bind=MASK - computenode0, task 67 67 [102162]: mask 0xffffff000000000000000000ffffff000000000000000000 set
cpu-bind=MASK - computenode0, task 68 68 [102163]: mask 0xffffff000000000000000000ffffff set
cpu-bind=MASK - computenode0, task 69 69 [102164]: mask 0xffffff000000000000000000ffffff000000 set
cpu-bind=MASK - computenode0, task 70 70 [102165]: mask 0xffffff000000000000000000ffffff000000000000 set
cpu-bind=MASK - computenode0, task 71 71 [102166]: mask 0xffffff000000000000000000ffffff000000000000000000 set
cpu-bind=MASK - computenode0, task 72 72 [102167]: mask 0xffffff000000000000000000ffffff set
cpu-bind=MASK - computenode0, task 73 73 [102168]: mask 0xffffff000000000000000000ffffff000000 set
cpu-bind=MASK - computenode0, task 74 74 [102169]: mask 0xffffff000000000000000000ffffff000000000000 set
cpu-bind=MASK - computenode0, task 75 75 [102170]: mask 0xffffff000000000000000000ffffff000000000000000000 set
cpu-bind=MASK - computenode0, task 76 76 [102171]: mask 0xffffff000000000000000000ffffff set
cpu-bind=MASK - computenode0, task 77 77 [102172]: mask 0xffffff000000000000000000ffffff000000 set
cpu-bind=MASK - computenode0, task 78 78 [102173]: mask 0xffffff000000000000000000ffffff000000000000 set
cpu-bind=MASK - computenode0, task 79 79 [102174]: mask 0xffffff000000000000000000ffffff000000000000000000 set
cpu-bind=MASK - computenode0, task 80 80 [102175]: mask 0xffffff000000000000000000ffffff set
cpu-bind=MASK - computenode0, task 81 81 [102176]: mask 0xffffff000000000000000000ffffff000000 set
cpu-bind=MASK - computenode0, task 82 82 [102177]: mask 0xffffff000000000000000000ffffff000000000000 set
cpu-bind=MASK - computenode0, task 83 83 [102178]: mask 0xffffff000000000000000000ffffff000000000000000000 set
cpu-bind=MASK - computenode0, task 84 84 [102179]: mask 0xffffff000000000000000000ffffff set
cpu-bind=MASK - computenode0, task 85 85 [102180]: mask 0xffffff000000000000000000ffffff000000 set
cpu-bind=MASK - computenode0, task 86 86 [102181]: mask 0xffffff000000000000000000ffffff000000000000 set
cpu-bind=MASK - computenode0, task 87 87 [102182]: mask 0xffffff000000000000000000ffffff000000000000000000 set
cpu-bind=MASK - computenode0, task 88 88 [102183]: mask 0xffffff000000000000000000ffffff set
cpu-bind=MASK - computenode0, task 89 89 [102184]: mask 0xffffff000000000000000000ffffff000000 set
cpu-bind=MASK - computenode0, task 90 90 [102185]: mask 0xffffff000000000000000000ffffff000000000000 set
cpu-bind=MASK - computenode0, task 91 91 [102186]: mask 0xffffff000000000000000000ffffff000000000000000000 set
cpu-bind=MASK - computenode0, task 92 92 [102187]: mask 0xffffff000000000000000000ffffff set
cpu-bind=MASK - computenode0, task 93 93 [102188]: mask 0xffffff000000000000000000ffffff000000 set
cpu-bind=MASK - computenode0, task 94 94 [102189]: mask 0xffffff000000000000000000ffffff000000000000 set
cpu-bind=MASK - computenode0, task 95 95 [102190]: mask 0xffffff000000000000000000ffffff000000000000000000 set
cpu-bind=LDRANK - computenode0, task  0  0 [102211]: mask 0xffffff000000000000000000ffffff set
cpu-bind=LDRANK - computenode0, task  1  1 [102212]: mask 0xffffff000000000000000000ffffff000000 set
cpu-bind=LDRANK - computenode0, task  2  2 [102213]: mask 0xffffff000000000000000000ffffff000000000000 set
cpu-bind=LDRANK - computenode0, task  3  3 [102214]: mask 0xffffff000000000000000000ffffff000000000000000000 set
cpu-bind=LDRANK - computenode0, task  4  4 [102215]: mask 0xffffff000000000000000000ffffff set
cpu-bind=LDRANK - computenode0, task  5  5 [102216]: mask 0xffffff000000000000000000ffffff000000 set
cpu-bind=LDRANK - computenode0, task  6  6 [102217]: mask 0xffffff000000000000000000ffffff000000000000 set
cpu-bind=LDRANK - computenode0, task  7  7 [102218]: mask 0xffffff000000000000000000ffffff000000000000000000 set
cpu-bind=LDRANK - computenode0, task  8  8 [102219]: mask 0xffffff000000000000000000ffffff set
cpu-bind=LDRANK - computenode0, task  9  9 [102220]: mask 0xffffff000000000000000000ffffff000000 set
cpu-bind=LDRANK - computenode0, task 10 10 [102221]: mask 0xffffff000000000000000000ffffff000000000000 set
cpu-bind=LDRANK - computenode0, task 11 11 [102222]: mask 0xffffff000000000000000000ffffff000000000000000000 set
cpu-bind=LDRANK - computenode0, task 12 12 [102223]: mask 0xffffff000000000000000000ffffff set
cpu-bind=LDRANK - computenode0, task 13 13 [102224]: mask 0xffffff000000000000000000ffffff000000 set
cpu-bind=LDRANK - computenode0, task 14 14 [102225]: mask 0xffffff000000000000000000ffffff000000000000 set
cpu-bind=LDRANK - computenode0, task 15 15 [102226]: mask 0xffffff000000000000000000ffffff000000000000000000 set
cpu-bind=LDRANK - computenode0, task 16 16 [102227]: mask 0xffffff000000000000000000ffffff set
cpu-bind=LDRANK - computenode0, task 17 17 [102228]: mask 0xffffff000000000000000000ffffff000000 set
cpu-bind=LDRANK - computenode0, task 18 18 [102229]: mask 0xffffff000000000000000000ffffff000000000000 set
cpu-bind=LDRANK - computenode0, task 19 19 [102230]: mask 0xffffff000000000000000000ffffff000000000000000000 set
cpu-bind=LDRANK - computenode0, task 20 20 [102231]: mask 0xffffff000000000000000000ffffff set
cpu-bind=LDRANK - computenode0, task 21 21 [102232]: mask 0xffffff000000000000000000ffffff000000 set
cpu-bind=LDRANK - computenode0, task 22 22 [102233]: mask 0xffffff000000000000000000ffffff000000000000 set
cpu-bind=LDRANK - computenode0, task 23 23 [102234]: mask 0xffffff000000000000000000ffffff000000000000000000 set
cpu-bind=LDRANK - computenode0, task 24 24 [102235]: mask 0xffffff000000000000000000ffffff set
cpu-bind=LDRANK - computenode0, task 25 25 [102236]: mask 0xffffff000000000000000000ffffff000000 set
cpu-bind=LDRANK - computenode0, task 26 26 [102237]: mask 0xffffff000000000000000000ffffff000000000000 set
cpu-bind=LDRANK - computenode0, task 27 27 [102238]: mask 0xffffff000000000000000000ffffff000000000000000000 set
cpu-bind=LDRANK - computenode0, task 28 28 [102239]: mask 0xffffff000000000000000000ffffff set
cpu-bind=LDRANK - computenode0, task 29 29 [102240]: mask 0xffffff000000000000000000ffffff000000 set
cpu-bind=LDRANK - computenode0, task 30 30 [102241]: mask 0xffffff000000000000000000ffffff000000000000 set
cpu-bind=LDRANK - computenode0, task 31 31 [102242]: mask 0xffffff000000000000000000ffffff000000000000000000 set
cpu-bind=LDRANK - computenode0, task 32 32 [102243]: mask 0xffffff000000000000000000ffffff set
cpu-bind=LDRANK - computenode0, task 33 33 [102244]: mask 0xffffff000000000000000000ffffff000000 set
cpu-bind=LDRANK - computenode0, task 34 34 [102245]: mask 0xffffff000000000000000000ffffff000000000000 set
cpu-bind=LDRANK - computenode0, task 35 35 [102246]: mask 0xffffff000000000000000000ffffff000000000000000000 set
cpu-bind=LDRANK - computenode0, task 36 36 [102247]: mask 0xffffff000000000000000000ffffff set
cpu-bind=LDRANK - computenode0, task 37 37 [102248]: mask 0xffffff000000000000000000ffffff000000 set
cpu-bind=LDRANK - computenode0, task 38 38 [102249]: mask 0xffffff000000000000000000ffffff000000000000 set
cpu-bind=LDRANK - computenode0, task 39 39 [102250]: mask 0xffffff000000000000000000ffffff000000000000000000 set
cpu-bind=LDRANK - computenode0, task 40 40 [102251]: mask 0xffffff000000000000000000ffffff set
cpu-bind=LDRANK - computenode0, task 41 41 [102252]: mask 0xffffff000000000000000000ffffff000000 set
cpu-bind=LDRANK - computenode0, task 42 42 [102253]: mask 0xffffff000000000000000000ffffff000000000000 set
cpu-bind=LDRANK - computenode0, task 43 43 [102254]: mask 0xffffff000000000000000000ffffff000000000000000000 set
cpu-bind=LDRANK - computenode0, task 44 44 [102255]: mask 0xffffff000000000000000000ffffff set
cpu-bind=LDRANK - computenode0, task 45 45 [102256]: mask 0xffffff000000000000000000ffffff000000 set
cpu-bind=LDRANK - computenode0, task 46 46 [102257]: mask 0xffffff000000000000000000ffffff000000000000 set
cpu-bind=LDRANK - computenode0, task 47 47 [102258]: mask 0xffffff000000000000000000ffffff000000000000000000 set
cpu-bind=LDRANK - computenode0, task 48 48 [102259]: mask 0xffffff000000000000000000ffffff set
cpu-bind=LDRANK - computenode0, task 49 49 [102260]: mask 0xffffff000000000000000000ffffff000000 set
cpu-bind=LDRANK - computenode0, task 50 50 [102261]: mask 0xffffff000000000000000000ffffff000000000000 set
cpu-bind=LDRANK - computenode0, task 51 51 [102262]: mask 0xffffff000000000000000000ffffff000000000000000000 set
cpu-bind=LDRANK - computenode0, task 52 52 [102263]: mask 0xffffff000000000000000000ffffff set
cpu-bind=LDRANK - computenode0, task 53 53 [102264]: mask 0xffffff000000000000000000ffffff000000 set
cpu-bind=LDRANK - computenode0, task 54 54 [102265]: mask 0xffffff000000000000000000ffffff000000000000 set
cpu-bind=LDRANK - computenode0, task 55 55 [102266]: mask 0xffffff000000000000000000ffffff000000000000000000 set
cpu-bind=LDRANK - computenode0, task 56 56 [102267]: mask 0xffffff000000000000000000ffffff set
cpu-bind=LDRANK - computenode0, task 57 57 [102268]: mask 0xffffff000000000000000000ffffff000000 set
cpu-bind=LDRANK - computenode0, task 58 58 [102269]: mask 0xffffff000000000000000000ffffff000000000000 set
cpu-bind=LDRANK - computenode0, task 59 59 [102270]: mask 0xffffff000000000000000000ffffff000000000000000000 set
cpu-bind=LDRANK - computenode0, task 60 60 [102271]: mask 0xffffff000000000000000000ffffff set
cpu-bind=LDRANK - computenode0, task 61 61 [102272]: mask 0xffffff000000000000000000ffffff000000 set
cpu-bind=LDRANK - computenode0, task 62 62 [102273]: mask 0xffffff000000000000000000ffffff000000000000 set
cpu-bind=LDRANK - computenode0, task 63 63 [102274]: mask 0xffffff000000000000000000ffffff000000000000000000 set
cpu-bind=LDRANK - computenode0, task 64 64 [102275]: mask 0xffffff000000000000000000ffffff set
cpu-bind=LDRANK - computenode0, task 65 65 [102276]: mask 0xffffff000000000000000000ffffff000000 set
cpu-bind=LDRANK - computenode0, task 66 66 [102277]: mask 0xffffff000000000000000000ffffff000000000000 set
cpu-bind=LDRANK - computenode0, task 67 67 [102278]: mask 0xffffff000000000000000000ffffff000000000000000000 set
cpu-bind=LDRANK - computenode0, task 68 68 [102279]: mask 0xffffff000000000000000000ffffff set
cpu-bind=LDRANK - computenode0, task 69 69 [102280]: mask 0xffffff000000000000000000ffffff000000 set
cpu-bind=LDRANK - computenode0, task 70 70 [102281]: mask 0xffffff000000000000000000ffffff000000000000 set
cpu-bind=LDRANK - computenode0, task 71 71 [102282]: mask 0xffffff000000000000000000ffffff000000000000000000 set
cpu-bind=LDRANK - computenode0, task 72 72 [102283]: mask 0xffffff000000000000000000ffffff set
cpu-bind=LDRANK - computenode0, task 73 73 [102284]: mask 0xffffff000000000000000000ffffff000000 set
cpu-bind=LDRANK - computenode0, task 74 74 [102285]: mask 0xffffff000000000000000000ffffff000000000000 set
cpu-bind=LDRANK - computenode0, task 75 75 [102286]: mask 0xffffff000000000000000000ffffff000000000000000000 set
cpu-bind=LDRANK - computenode0, task 76 76 [102287]: mask 0xffffff000000000000000000ffffff set
cpu-bind=LDRANK - computenode0, task 77 77 [102288]: mask 0xffffff000000000000000000ffffff000000 set
cpu-bind=LDRANK - computenode0, task 78 78 [102289]: mask 0xffffff000000000000000000ffffff000000000000 set
cpu-bind=LDRANK - computenode0, task 79 79 [102290]: mask 0xffffff000000000000000000ffffff000000000000000000 set
cpu-bind=LDRANK - computenode0, task 80 80 [102291]: mask 0xffffff000000000000000000ffffff set
cpu-bind=LDRANK - computenode0, task 81 81 [102292]: mask 0xffffff000000000000000000ffffff000000 set
cpu-bind=LDRANK - computenode0, task 82 82 [102293]: mask 0xffffff000000000000000000ffffff000000000000 set
cpu-bind=LDRANK - computenode0, task 83 83 [102294]: mask 0xffffff000000000000000000ffffff000000000000000000 set
cpu-bind=LDRANK - computenode0, task 84 84 [102295]: mask 0xffffff000000000000000000ffffff set
cpu-bind=LDRANK - computenode0, task 85 85 [102296]: mask 0xffffff000000000000000000ffffff000000 set
cpu-bind=LDRANK - computenode0, task 86 86 [102297]: mask 0xffffff000000000000000000ffffff000000000000 set
cpu-bind=LDRANK - computenode0, task 87 87 [102298]: mask 0xffffff000000000000000000ffffff000000000000000000 set
cpu-bind=LDRANK - computenode0, task 88 88 [102299]: mask 0xffffff000000000000000000ffffff set
cpu-bind=LDRANK - computenode0, task 89 89 [102300]: mask 0xffffff000000000000000000ffffff000000 set
cpu-bind=LDRANK - computenode0, task 90 90 [102301]: mask 0xffffff000000000000000000ffffff000000000000 set
cpu-bind=LDRANK - computenode0, task 91 91 [102302]: mask 0xffffff000000000000000000ffffff000000000000000000 set
cpu-bind=LDRANK - computenode0, task 92 92 [102303]: mask 0xffffff000000000000000000ffffff set
cpu-bind=LDRANK - computenode0, task 93 93 [102304]: mask 0xffffff000000000000000000ffffff000000 set
cpu-bind=LDRANK - computenode0, task 94 94 [102305]: mask 0xffffff000000000000000000ffffff000000000000 set
cpu-bind=LDRANK - computenode0, task 95 95 [102306]: mask 0xffffff000000000000000000ffffff000000000000000000 set
