Nodes               : 1
NUMA domains        : 4
Physical cores      : 96
Physical cores/NUMA : 24
RANKS_LIST          : 2 4 8 16 24 48 72 96
Binary              : /.../mpi-benchmarks/build/bin/example_03_ring
=== NUMA topology ===
computenode0
available: 4 nodes (0-3)
node 0 cpus: 0 1 2 3 4 5 6 7 8 9 10 11 12 13 14 15 16 17 18 19 20 21 22 23 96 97 98 99 100 101 102 103 104 105 106 107 108 109 110 111 112 113 114 115 116 117 118 119
node 0 size: 127778 MB
node 0 free: 92874 MB
node 1 cpus: 24 25 26 27 28 29 30 31 32 33 34 35 36 37 38 39 40 41 42 43 44 45 46 47 120 121 122 123 124 125 126 127 128 129 130 131 132 133 134 135 136 137 138 139 140 141 142 143
node 1 size: 128719 MB
node 1 free: 127783 MB
node 2 cpus: 48 49 50 51 52 53 54 55 56 57 58 59 60 61 62 63 64 65 66 67 68 69 70 71 144 145 146 147 148 149 150 151 152 153 154 155 156 157 158 159 160 161 162 163 164 165 166 167
node 2 size: 128719 MB
node 2 free: 127694 MB
node 3 cpus: 72 73 74 75 76 77 78 79 80 81 82 83 84 85 86 87 88 89 90 91 92 93 94 95 168 169 170 171 172 173 174 175 176 177 178 179 180 181 182 183 184 185 186 187 188 189 190 191
node 3 size: 128706 MB
node 3 free: 127549 MB
node distances:
node     0    1    2    3 
   0:   10   32   32   32 
   1:   32   10   32   32 
   2:   32   32   10   32 
   3:   32   32   32   10 

====================================================
 MPI Ranks: 2
====================================================
Rank 0 running on computenode0
Rank 0 SLURM info: PROCID=0 LOCALID=0 NODEID=0
Rank 0 affinity mask: 0 
Rank 0 current logical CPU: 0
Rank 1 running on computenode0
Rank 1 SLURM info: PROCID=1 LOCALID=1 NODEID=0
Rank 1 affinity mask: 24 
Rank 1 current logical CPU: 24

# MPI Ring Benchmark
#
# Configuration
#   MPI ranks        : 2
#   Max message size : 16777216 bytes
#   Warmup iterations: 20
#   Small iterations : 1000
#   Large iterations : 100
#   MPI_Wtick        : 1.000000000e-09 seconds
#
# Metrics
#   Exchange         : full ring exchange time
#   AggregateRingBW  : aggregate bandwidth across the ring
#
# Size(Bytes)	Exchange(us)	AggregateRingBW(MiB/s)
       1 bytes      1.00 us      1.91 MiB/s
       2 bytes      0.94 us      4.06 MiB/s
       4 bytes      0.93 us      8.23 MiB/s
       8 bytes      0.93 us     16.36 MiB/s
      16 bytes      0.94 us     32.35 MiB/s
      32 bytes      0.93 us     65.45 MiB/s
      64 bytes      1.42 us     85.90 MiB/s
     128 bytes      1.25 us    195.05 MiB/s
     256 bytes      2.06 us    237.25 MiB/s
     512 bytes      1.72 us    568.10 MiB/s
    1024 bytes      5.39 us    362.66 MiB/s
    2048 bytes      5.68 us    687.46 MiB/s
    4096 bytes      5.57 us   1402.88 MiB/s
    8192 bytes      5.83 us   2677.92 MiB/s
   16384 bytes      6.57 us   4752.89 MiB/s
   32768 bytes      7.76 us   8059.26 MiB/s
   65536 bytes      9.71 us  12875.49 MiB/s
  131072 bytes     13.75 us  18177.98 MiB/s
  262144 bytes     21.71 us  23033.98 MiB/s
  524288 bytes     43.10 us  23202.45 MiB/s
 1048576 bytes     78.95 us  25334.07 MiB/s
 2097152 bytes    121.64 us  32884.04 MiB/s
 4194304 bytes    214.18 us  37351.34 MiB/s
 8388608 bytes    410.89 us  38939.93 MiB/s
16777216 bytes   1704.90 us  18769.48 MiB/s
  Verification data:
    rank 0 : bw=18769.483 MiB/s  checksum=    16777216  expected=    16777216
    rank 1 : bw=18769.892 MiB/s  checksum=           0  expected=           0

====================================================
 MPI Ranks: 4
====================================================
Rank 0 running on computenode0
Rank 0 SLURM info: PROCID=0 LOCALID=0 NODEID=0
Rank 0 affinity mask: 0 
Rank 0 current logical CPU: 0
Rank 1 running on computenode0
Rank 1 SLURM info: PROCID=1 LOCALID=1 NODEID=0
Rank 1 affinity mask: 24 
Rank 1 current logical CPU: 24
Rank 2 running on computenode0
Rank 2 SLURM info: PROCID=2 LOCALID=2 NODEID=0
Rank 2 affinity mask: 48 
Rank 2 current logical CPU: 48
Rank 3 running on computenode0
Rank 3 SLURM info: PROCID=3 LOCALID=3 NODEID=0
Rank 3 affinity mask: 72 
Rank 3 current logical CPU: 72

# MPI Ring Benchmark
#
# Configuration
#   MPI ranks        : 4
#   Max message size : 16777216 bytes
#   Warmup iterations: 20
#   Small iterations : 1000
#   Large iterations : 100
#   MPI_Wtick        : 1.000000000e-09 seconds
#
# Metrics
#   Exchange         : full ring exchange time
#   AggregateRingBW  : aggregate bandwidth across the ring
#
# Size(Bytes)	Exchange(us)	AggregateRingBW(MiB/s)
       1 bytes      1.45 us      2.63 MiB/s
       2 bytes      1.47 us      5.18 MiB/s
       4 bytes      1.46 us     10.44 MiB/s
       8 bytes      1.43 us     21.34 MiB/s
      16 bytes      1.40 us     43.48 MiB/s
      32 bytes      1.41 us     86.61 MiB/s
      64 bytes      1.87 us    130.75 MiB/s
     128 bytes      2.08 us    234.71 MiB/s
     256 bytes      2.87 us    340.59 MiB/s
     512 bytes      2.49 us    784.34 MiB/s
    1024 bytes      8.80 us    443.94 MiB/s
    2048 bytes      9.30 us    840.48 MiB/s
    4096 bytes      8.86 us   1763.95 MiB/s
    8192 bytes      9.90 us   3156.28 MiB/s
   16384 bytes     11.03 us   5667.76 MiB/s
   32768 bytes     12.41 us  10070.91 MiB/s
   65536 bytes     16.14 us  15485.90 MiB/s
  131072 bytes     27.96 us  17882.43 MiB/s
  262144 bytes     41.73 us  23964.44 MiB/s
  524288 bytes     74.51 us  26842.24 MiB/s
 1048576 bytes    157.29 us  25430.62 MiB/s
 2097152 bytes    270.02 us  29627.50 MiB/s
 4194304 bytes    472.63 us  33852.88 MiB/s
 8388608 bytes    766.09 us  41770.75 MiB/s
16777216 bytes   3792.58 us  16875.06 MiB/s
  Verification data:
    rank 0 : bw=16875.059 MiB/s  checksum=    50331648  expected=    50331648
    rank 1 : bw=16969.778 MiB/s  checksum=           0  expected=           0
    rank 2 : bw=16978.265 MiB/s  checksum=    16777216  expected=    16777216
    rank 3 : bw=16875.543 MiB/s  checksum=    33554432  expected=    33554432

====================================================
 MPI Ranks: 8
====================================================
Rank 0 running on computenode0
Rank 0 SLURM info: PROCID=0 LOCALID=0 NODEID=0
Rank 0 affinity mask: 0 
Rank 0 current logical CPU: 0
Rank 1 running on computenode0
Rank 1 SLURM info: PROCID=1 LOCALID=1 NODEID=0
Rank 1 affinity mask: 24 
Rank 1 current logical CPU: 24
Rank 2 running on computenode0
Rank 2 SLURM info: PROCID=2 LOCALID=2 NODEID=0
Rank 2 affinity mask: 48 
Rank 2 current logical CPU: 48
Rank 3 running on computenode0
Rank 3 SLURM info: PROCID=3 LOCALID=3 NODEID=0
Rank 3 affinity mask: 72 
Rank 3 current logical CPU: 72
Rank 4 running on computenode0
Rank 4 SLURM info: PROCID=4 LOCALID=4 NODEID=0
Rank 4 affinity mask: 1 
Rank 4 current logical CPU: 1
Rank 5 running on computenode0
Rank 5 SLURM info: PROCID=5 LOCALID=5 NODEID=0
Rank 5 affinity mask: 25 
Rank 5 current logical CPU: 25
Rank 6 running on computenode0
Rank 6 SLURM info: PROCID=6 LOCALID=6 NODEID=0
Rank 6 affinity mask: 49 
Rank 6 current logical CPU: 49
Rank 7 running on computenode0
Rank 7 SLURM info: PROCID=7 LOCALID=7 NODEID=0
Rank 7 affinity mask: 73 
Rank 7 current logical CPU: 73

# MPI Ring Benchmark
#
# Configuration
#   MPI ranks        : 8
#   Max message size : 16777216 bytes
#   Warmup iterations: 20
#   Small iterations : 1000
#   Large iterations : 100
#   MPI_Wtick        : 1.000000000e-09 seconds
#
# Metrics
#   Exchange         : full ring exchange time
#   AggregateRingBW  : aggregate bandwidth across the ring
#
# Size(Bytes)	Exchange(us)	AggregateRingBW(MiB/s)
       1 bytes      1.58 us      4.82 MiB/s
       2 bytes      1.47 us     10.35 MiB/s
       4 bytes      1.56 us     19.54 MiB/s
       8 bytes      1.60 us     38.20 MiB/s
      16 bytes      1.56 us     78.19 MiB/s
      32 bytes      1.55 us    157.39 MiB/s
      64 bytes      2.11 us    231.77 MiB/s
     128 bytes      2.43 us    401.19 MiB/s
     256 bytes      2.97 us    658.58 MiB/s
     512 bytes      2.67 us   1464.21 MiB/s
    1024 bytes      9.09 us    859.75 MiB/s
    2048 bytes      8.92 us   1752.43 MiB/s
    4096 bytes      9.11 us   3428.88 MiB/s
    8192 bytes      9.53 us   6554.85 MiB/s
   16384 bytes     10.95 us  11415.55 MiB/s
   32768 bytes     12.30 us  20328.03 MiB/s
   65536 bytes     16.54 us  30222.42 MiB/s
  131072 bytes     25.40 us  39375.38 MiB/s
  262144 bytes     46.03 us  43451.78 MiB/s
  524288 bytes     89.52 us  44684.43 MiB/s
 1048576 bytes    171.43 us  46665.78 MiB/s
 2097152 bytes    287.68 us  55618.08 MiB/s
 4194304 bytes    451.61 us  70858.22 MiB/s
 8388608 bytes   2234.68 us  28639.45 MiB/s
16777216 bytes   5873.14 us  21794.15 MiB/s
  Verification data:
    rank 0 : bw=21794.151 MiB/s  checksum=   117440512  expected=   117440512
    rank 1 : bw=21673.910 MiB/s  checksum=           0  expected=           0
    rank 2 : bw=21674.013 MiB/s  checksum=    16777216  expected=    16777216
    rank 3 : bw=21792.046 MiB/s  checksum=    33554432  expected=    33554432
    rank 4 : bw=21895.944 MiB/s  checksum=    50331648  expected=    50331648
    rank 5 : bw=22017.073 MiB/s  checksum=    67108864  expected=    67108864
    rank 6 : bw=22029.816 MiB/s  checksum=    83886080  expected=    83886080
    rank 7 : bw=21907.748 MiB/s  checksum=   100663296  expected=   100663296

====================================================
 MPI Ranks: 16
====================================================
Rank 0 running on computenode0
Rank 0 SLURM info: PROCID=0 LOCALID=0 NODEID=0
Rank 0 affinity mask: 0 
Rank 0 current logical CPU: 0
Rank 1 running on computenode0
Rank 1 SLURM info: PROCID=1 LOCALID=1 NODEID=0
Rank 1 affinity mask: 24 
Rank 1 current logical CPU: 24
Rank 2 running on computenode0
Rank 2 SLURM info: PROCID=2 LOCALID=2 NODEID=0
Rank 2 affinity mask: 48 
Rank 2 current logical CPU: 48
Rank 3 running on computenode0
Rank 3 SLURM info: PROCID=3 LOCALID=3 NODEID=0
Rank 3 affinity mask: 72 
Rank 3 current logical CPU: 72
Rank 4 running on computenode0
Rank 4 SLURM info: PROCID=4 LOCALID=4 NODEID=0
Rank 4 affinity mask: 1 
Rank 4 current logical CPU: 1
Rank 5 running on computenode0
Rank 5 SLURM info: PROCID=5 LOCALID=5 NODEID=0
Rank 5 affinity mask: 25 
Rank 5 current logical CPU: 25
Rank 6 running on computenode0
Rank 6 SLURM info: PROCID=6 LOCALID=6 NODEID=0
Rank 6 affinity mask: 49 
Rank 6 current logical CPU: 49
Rank 7 running on computenode0
Rank 7 SLURM info: PROCID=7 LOCALID=7 NODEID=0
Rank 7 affinity mask: 73 
Rank 7 current logical CPU: 73
Rank 8 running on computenode0
Rank 8 SLURM info: PROCID=8 LOCALID=8 NODEID=0
Rank 8 affinity mask: 2 
Rank 8 current logical CPU: 2
Rank 9 running on computenode0
Rank 9 SLURM info: PROCID=9 LOCALID=9 NODEID=0
Rank 9 affinity mask: 26 
Rank 9 current logical CPU: 26
Rank 10 running on computenode0
Rank 10 SLURM info: PROCID=10 LOCALID=10 NODEID=0
Rank 10 affinity mask: 50 
Rank 10 current logical CPU: 50
Rank 11 running on computenode0
Rank 11 SLURM info: PROCID=11 LOCALID=11 NODEID=0
Rank 11 affinity mask: 74 
Rank 11 current logical CPU: 74
Rank 12 running on computenode0
Rank 12 SLURM info: PROCID=12 LOCALID=12 NODEID=0
Rank 12 affinity mask: 3 
Rank 12 current logical CPU: 3
Rank 13 running on computenode0
Rank 13 SLURM info: PROCID=13 LOCALID=13 NODEID=0
Rank 13 affinity mask: 27 
Rank 13 current logical CPU: 27
Rank 14 running on computenode0
Rank 14 SLURM info: PROCID=14 LOCALID=14 NODEID=0
Rank 14 affinity mask: 51 
Rank 14 current logical CPU: 51
Rank 15 running on computenode0
Rank 15 SLURM info: PROCID=15 LOCALID=15 NODEID=0
Rank 15 affinity mask: 75 
Rank 15 current logical CPU: 75

# MPI Ring Benchmark
#
# Configuration
#   MPI ranks        : 16
#   Max message size : 16777216 bytes
#   Warmup iterations: 20
#   Small iterations : 1000
#   Large iterations : 100
#   MPI_Wtick        : 1.000000000e-09 seconds
#
# Metrics
#   Exchange         : full ring exchange time
#   AggregateRingBW  : aggregate bandwidth across the ring
#
# Size(Bytes)	Exchange(us)	AggregateRingBW(MiB/s)
       1 bytes      1.68 us      9.11 MiB/s
       2 bytes      1.61 us     18.95 MiB/s
       4 bytes      1.60 us     38.24 MiB/s
       8 bytes      1.62 us     75.42 MiB/s
      16 bytes      1.59 us    153.41 MiB/s
      32 bytes      1.68 us    289.93 MiB/s
      64 bytes      2.37 us    412.19 MiB/s
     128 bytes      2.66 us    734.39 MiB/s
     256 bytes      3.01 us   1295.75 MiB/s
     512 bytes      2.81 us   2776.87 MiB/s
    1024 bytes      8.50 us   1837.48 MiB/s
    2048 bytes      8.98 us   3481.80 MiB/s
    4096 bytes      9.01 us   6939.71 MiB/s
    8192 bytes      9.45 us  13232.57 MiB/s
   16384 bytes     10.46 us  23905.44 MiB/s
   32768 bytes     12.64 us  39551.67 MiB/s
   65536 bytes     16.20 us  61727.56 MiB/s
  131072 bytes     24.64 us  81153.12 MiB/s
  262144 bytes     42.45 us  94230.28 MiB/s
  524288 bytes     82.31 us  97188.94 MiB/s
 1048576 bytes    171.53 us  93280.85 MiB/s
 2097152 bytes    331.21 us  96615.65 MiB/s
 4194304 bytes   1327.72 us  48202.91 MiB/s
 8388608 bytes   3042.25 us  42074.06 MiB/s
16777216 bytes   6177.03 us  41443.87 MiB/s
  Verification data:
    rank 0 : bw=41443.872 MiB/s  checksum=   251658240  expected=   251658240
    rank 1 : bw=41151.303 MiB/s  checksum=           0  expected=           0
    rank 2 : bw=40977.726 MiB/s  checksum=    16777216  expected=    16777216
    rank 3 : bw=40969.562 MiB/s  checksum=    33554432  expected=    33554432
    rank 4 : bw=40781.794 MiB/s  checksum=    50331648  expected=    50331648
    rank 5 : bw=40579.719 MiB/s  checksum=    67108864  expected=    67108864
    rank 6 : bw=40579.712 MiB/s  checksum=    83886080  expected=    83886080
    rank 7 : bw=40776.418 MiB/s  checksum=   100663296  expected=   100663296
    rank 8 : bw=40940.564 MiB/s  checksum=   117440512  expected=   117440512
    rank 9 : bw=40979.154 MiB/s  checksum=   134217728  expected=   134217728
    rank 10 : bw=41144.355 MiB/s  checksum=   150994944  expected=   150994944
    rank 11 : bw=41384.302 MiB/s  checksum=   167772160  expected=   167772160
    rank 12 : bw=41560.157 MiB/s  checksum=   184549376  expected=   184549376
    rank 13 : bw=41810.680 MiB/s  checksum=   201326592  expected=   201326592
    rank 14 : bw=41916.087 MiB/s  checksum=   218103808  expected=   218103808
    rank 15 : bw=41665.165 MiB/s  checksum=   234881024  expected=   234881024

====================================================
 MPI Ranks: 24
====================================================
Rank 0 running on computenode0
Rank 0 SLURM info: PROCID=0 LOCALID=0 NODEID=0
Rank 0 affinity mask: 0 
Rank 0 current logical CPU: 0
Rank 1 running on computenode0
Rank 1 SLURM info: PROCID=1 LOCALID=1 NODEID=0
Rank 1 affinity mask: 24 
Rank 1 current logical CPU: 24
Rank 2 running on computenode0
Rank 2 SLURM info: PROCID=2 LOCALID=2 NODEID=0
Rank 2 affinity mask: 48 
Rank 2 current logical CPU: 48
Rank 3 running on computenode0
Rank 3 SLURM info: PROCID=3 LOCALID=3 NODEID=0
Rank 3 affinity mask: 72 
Rank 3 current logical CPU: 72
Rank 4 running on computenode0
Rank 4 SLURM info: PROCID=4 LOCALID=4 NODEID=0
Rank 4 affinity mask: 1 
Rank 4 current logical CPU: 1
Rank 5 running on computenode0
Rank 5 SLURM info: PROCID=5 LOCALID=5 NODEID=0
Rank 5 affinity mask: 25 
Rank 5 current logical CPU: 25
Rank 6 running on computenode0
Rank 6 SLURM info: PROCID=6 LOCALID=6 NODEID=0
Rank 6 affinity mask: 49 
Rank 6 current logical CPU: 49
Rank 7 running on computenode0
Rank 7 SLURM info: PROCID=7 LOCALID=7 NODEID=0
Rank 7 affinity mask: 73 
Rank 7 current logical CPU: 73
Rank 8 running on computenode0
Rank 8 SLURM info: PROCID=8 LOCALID=8 NODEID=0
Rank 8 affinity mask: 2 
Rank 8 current logical CPU: 2
Rank 9 running on computenode0
Rank 9 SLURM info: PROCID=9 LOCALID=9 NODEID=0
Rank 9 affinity mask: 26 
Rank 9 current logical CPU: 26
Rank 10 running on computenode0
Rank 10 SLURM info: PROCID=10 LOCALID=10 NODEID=0
Rank 10 affinity mask: 50 
Rank 10 current logical CPU: 50
Rank 11 running on computenode0
Rank 11 SLURM info: PROCID=11 LOCALID=11 NODEID=0
Rank 11 affinity mask: 74 
Rank 11 current logical CPU: 74
Rank 12 running on computenode0
Rank 12 SLURM info: PROCID=12 LOCALID=12 NODEID=0
Rank 12 affinity mask: 3 
Rank 12 current logical CPU: 3
Rank 13 running on computenode0
Rank 13 SLURM info: PROCID=13 LOCALID=13 NODEID=0
Rank 13 affinity mask: 27 
Rank 13 current logical CPU: 27
Rank 14 running on computenode0
Rank 14 SLURM info: PROCID=14 LOCALID=14 NODEID=0
Rank 14 affinity mask: 51 
Rank 14 current logical CPU: 51
Rank 15 running on computenode0
Rank 15 SLURM info: PROCID=15 LOCALID=15 NODEID=0
Rank 15 affinity mask: 75 
Rank 15 current logical CPU: 75
Rank 16 running on computenode0
Rank 16 SLURM info: PROCID=16 LOCALID=16 NODEID=0
Rank 16 affinity mask: 4 
Rank 16 current logical CPU: 4
Rank 17 running on computenode0
Rank 17 SLURM info: PROCID=17 LOCALID=17 NODEID=0
Rank 17 affinity mask: 28 
Rank 17 current logical CPU: 28
Rank 18 running on computenode0
Rank 18 SLURM info: PROCID=18 LOCALID=18 NODEID=0
Rank 18 affinity mask: 52 
Rank 18 current logical CPU: 52
Rank 19 running on computenode0
Rank 19 SLURM info: PROCID=19 LOCALID=19 NODEID=0
Rank 19 affinity mask: 76 
Rank 19 current logical CPU: 76
Rank 20 running on computenode0
Rank 20 SLURM info: PROCID=20 LOCALID=20 NODEID=0
Rank 20 affinity mask: 5 
Rank 20 current logical CPU: 5
Rank 21 running on computenode0
Rank 21 SLURM info: PROCID=21 LOCALID=21 NODEID=0
Rank 21 affinity mask: 29 
Rank 21 current logical CPU: 29
Rank 22 running on computenode0
Rank 22 SLURM info: PROCID=22 LOCALID=22 NODEID=0
Rank 22 affinity mask: 53 
Rank 22 current logical CPU: 53
Rank 23 running on computenode0
Rank 23 SLURM info: PROCID=23 LOCALID=23 NODEID=0
Rank 23 affinity mask: 77 
Rank 23 current logical CPU: 77

# MPI Ring Benchmark
#
# Configuration
#   MPI ranks        : 24
#   Max message size : 16777216 bytes
#   Warmup iterations: 20
#   Small iterations : 1000
#   Large iterations : 100
#   MPI_Wtick        : 1.000000000e-09 seconds
#
# Metrics
#   Exchange         : full ring exchange time
#   AggregateRingBW  : aggregate bandwidth across the ring
#
# Size(Bytes)	Exchange(us)	AggregateRingBW(MiB/s)
       1 bytes      1.79 us     12.81 MiB/s
       2 bytes      1.82 us     25.12 MiB/s
       4 bytes      1.81 us     50.72 MiB/s
       8 bytes      1.78 us    102.70 MiB/s
      16 bytes      1.70 us    215.52 MiB/s
      32 bytes      1.72 us    425.85 MiB/s
      64 bytes      2.39 us    613.86 MiB/s
     128 bytes      2.59 us   1131.61 MiB/s
     256 bytes      3.11 us   1884.53 MiB/s
     512 bytes      3.36 us   3487.77 MiB/s
    1024 bytes      8.64 us   2712.27 MiB/s
    2048 bytes      8.59 us   5457.87 MiB/s
    4096 bytes      9.27 us  10110.21 MiB/s
    8192 bytes      9.66 us  19404.60 MiB/s
   16384 bytes     10.30 us  36421.27 MiB/s
   32768 bytes     15.37 us  48786.17 MiB/s
   65536 bytes     20.41 us  73509.81 MiB/s
  131072 bytes     28.25 us  106192.77 MiB/s
  262144 bytes     51.95 us  115493.73 MiB/s
  524288 bytes     84.66 us  141737.75 MiB/s
 1048576 bytes    162.28 us  147894.03 MiB/s
 2097152 bytes    516.80 us  92879.53 MiB/s
 4194304 bytes   1891.37 us  50756.89 MiB/s
 8388608 bytes   3176.32 us  60447.27 MiB/s
16777216 bytes   6806.95 us  56412.91 MiB/s
  Verification data:
    rank 0 : bw=56412.912 MiB/s  checksum=   385875968  expected=   385875968
    rank 1 : bw=56147.059 MiB/s  checksum=           0  expected=           0
    rank 2 : bw=55956.459 MiB/s  checksum=    16777216  expected=    16777216
    rank 3 : bw=55956.462 MiB/s  checksum=    33554432  expected=    33554432
    rank 4 : bw=56176.210 MiB/s  checksum=    50331648  expected=    50331648
    rank 5 : bw=56402.622 MiB/s  checksum=    67108864  expected=    67108864
    rank 6 : bw=56544.601 MiB/s  checksum=    83886080  expected=    83886080
    rank 7 : bw=56520.640 MiB/s  checksum=   100663296  expected=   100663296
    rank 8 : bw=56520.491 MiB/s  checksum=   117440512  expected=   117440512
    rank 9 : bw=56466.742 MiB/s  checksum=   134217728  expected=   134217728
    rank 10 : bw=56466.768 MiB/s  checksum=   150994944  expected=   150994944
    rank 11 : bw=56733.783 MiB/s  checksum=   167772160  expected=   167772160
    rank 12 : bw=56982.879 MiB/s  checksum=   184549376  expected=   184549376
    rank 13 : bw=56976.361 MiB/s  checksum=   201326592  expected=   201326592
    rank 14 : bw=56708.981 MiB/s  checksum=   218103808  expected=   218103808
    rank 15 : bw=56708.916 MiB/s  checksum=   234881024  expected=   234881024
    rank 16 : bw=56955.871 MiB/s  checksum=   251658240  expected=   251658240
    rank 17 : bw=56992.684 MiB/s  checksum=   268435456  expected=   268435456
    rank 18 : bw=56992.684 MiB/s  checksum=   285212672  expected=   285212672
    rank 19 : bw=57092.288 MiB/s  checksum=   301989888  expected=   301989888
    rank 20 : bw=56838.523 MiB/s  checksum=   318767104  expected=   318767104
    rank 21 : bw=56838.597 MiB/s  checksum=   335544320  expected=   335544320
    rank 22 : bw=56826.560 MiB/s  checksum=   352321536  expected=   352321536
    rank 23 : bw=56591.069 MiB/s  checksum=   369098752  expected=   369098752

====================================================
 MPI Ranks: 48
====================================================
Rank 0 running on computenode0
Rank 0 SLURM info: PROCID=0 LOCALID=0 NODEID=0
Rank 0 affinity mask: 0 
Rank 0 current logical CPU: 0
Rank 1 running on computenode0
Rank 1 SLURM info: PROCID=1 LOCALID=1 NODEID=0
Rank 1 affinity mask: 24 
Rank 1 current logical CPU: 24
Rank 2 running on computenode0
Rank 2 SLURM info: PROCID=2 LOCALID=2 NODEID=0
Rank 2 affinity mask: 48 
Rank 2 current logical CPU: 48
Rank 3 running on computenode0
Rank 3 SLURM info: PROCID=3 LOCALID=3 NODEID=0
Rank 3 affinity mask: 72 
Rank 3 current logical CPU: 72
Rank 4 running on computenode0
Rank 4 SLURM info: PROCID=4 LOCALID=4 NODEID=0
Rank 4 affinity mask: 1 
Rank 4 current logical CPU: 1
Rank 5 running on computenode0
Rank 5 SLURM info: PROCID=5 LOCALID=5 NODEID=0
Rank 5 affinity mask: 25 
Rank 5 current logical CPU: 25
Rank 6 running on computenode0
Rank 6 SLURM info: PROCID=6 LOCALID=6 NODEID=0
Rank 6 affinity mask: 49 
Rank 6 current logical CPU: 49
Rank 7 running on computenode0
Rank 7 SLURM info: PROCID=7 LOCALID=7 NODEID=0
Rank 7 affinity mask: 73 
Rank 7 current logical CPU: 73
Rank 8 running on computenode0
Rank 8 SLURM info: PROCID=8 LOCALID=8 NODEID=0
Rank 8 affinity mask: 2 
Rank 8 current logical CPU: 2
Rank 9 running on computenode0
Rank 9 SLURM info: PROCID=9 LOCALID=9 NODEID=0
Rank 9 affinity mask: 26 
Rank 9 current logical CPU: 26
Rank 10 running on computenode0
Rank 10 SLURM info: PROCID=10 LOCALID=10 NODEID=0
Rank 10 affinity mask: 50 
Rank 10 current logical CPU: 50
Rank 11 running on computenode0
Rank 11 SLURM info: PROCID=11 LOCALID=11 NODEID=0
Rank 11 affinity mask: 74 
Rank 11 current logical CPU: 74
Rank 12 running on computenode0
Rank 12 SLURM info: PROCID=12 LOCALID=12 NODEID=0
Rank 12 affinity mask: 3 
Rank 12 current logical CPU: 3
Rank 13 running on computenode0
Rank 13 SLURM info: PROCID=13 LOCALID=13 NODEID=0
Rank 13 affinity mask: 27 
Rank 13 current logical CPU: 27
Rank 14 running on computenode0
Rank 14 SLURM info: PROCID=14 LOCALID=14 NODEID=0
Rank 14 affinity mask: 51 
Rank 14 current logical CPU: 51
Rank 15 running on computenode0
Rank 15 SLURM info: PROCID=15 LOCALID=15 NODEID=0
Rank 15 affinity mask: 75 
Rank 15 current logical CPU: 75
Rank 16 running on computenode0
Rank 16 SLURM info: PROCID=16 LOCALID=16 NODEID=0
Rank 16 affinity mask: 4 
Rank 16 current logical CPU: 4
Rank 17 running on computenode0
Rank 17 SLURM info: PROCID=17 LOCALID=17 NODEID=0
Rank 17 affinity mask: 28 
Rank 17 current logical CPU: 28
Rank 18 running on computenode0
Rank 18 SLURM info: PROCID=18 LOCALID=18 NODEID=0
Rank 18 affinity mask: 52 
Rank 18 current logical CPU: 52
Rank 19 running on computenode0
Rank 19 SLURM info: PROCID=19 LOCALID=19 NODEID=0
Rank 19 affinity mask: 76 
Rank 19 current logical CPU: 76
Rank 20 running on computenode0
Rank 20 SLURM info: PROCID=20 LOCALID=20 NODEID=0
Rank 20 affinity mask: 5 
Rank 20 current logical CPU: 5
Rank 21 running on computenode0
Rank 21 SLURM info: PROCID=21 LOCALID=21 NODEID=0
Rank 21 affinity mask: 29 
Rank 21 current logical CPU: 29
Rank 22 running on computenode0
Rank 22 SLURM info: PROCID=22 LOCALID=22 NODEID=0
Rank 22 affinity mask: 53 
Rank 22 current logical CPU: 53
Rank 23 running on computenode0
Rank 23 SLURM info: PROCID=23 LOCALID=23 NODEID=0
Rank 23 affinity mask: 77 
Rank 23 current logical CPU: 77
Rank 24 running on computenode0
Rank 24 SLURM info: PROCID=24 LOCALID=24 NODEID=0
Rank 24 affinity mask: 6 
Rank 24 current logical CPU: 6
Rank 25 running on computenode0
Rank 25 SLURM info: PROCID=25 LOCALID=25 NODEID=0
Rank 25 affinity mask: 30 
Rank 25 current logical CPU: 30
Rank 26 running on computenode0
Rank 26 SLURM info: PROCID=26 LOCALID=26 NODEID=0
Rank 26 affinity mask: 54 
Rank 26 current logical CPU: 54
Rank 27 running on computenode0
Rank 27 SLURM info: PROCID=27 LOCALID=27 NODEID=0
Rank 27 affinity mask: 78 
Rank 27 current logical CPU: 78
Rank 28 running on computenode0
Rank 28 SLURM info: PROCID=28 LOCALID=28 NODEID=0
Rank 28 affinity mask: 7 
Rank 28 current logical CPU: 7
Rank 29 running on computenode0
Rank 29 SLURM info: PROCID=29 LOCALID=29 NODEID=0
Rank 29 affinity mask: 31 
Rank 29 current logical CPU: 31
Rank 30 running on computenode0
Rank 30 SLURM info: PROCID=30 LOCALID=30 NODEID=0
Rank 30 affinity mask: 55 
Rank 30 current logical CPU: 55
Rank 31 running on computenode0
Rank 31 SLURM info: PROCID=31 LOCALID=31 NODEID=0
Rank 31 affinity mask: 79 
Rank 31 current logical CPU: 79
Rank 32 running on computenode0
Rank 32 SLURM info: PROCID=32 LOCALID=32 NODEID=0
Rank 32 affinity mask: 8 
Rank 32 current logical CPU: 8
Rank 33 running on computenode0
Rank 33 SLURM info: PROCID=33 LOCALID=33 NODEID=0
Rank 33 affinity mask: 32 
Rank 33 current logical CPU: 32
Rank 34 running on computenode0
Rank 34 SLURM info: PROCID=34 LOCALID=34 NODEID=0
Rank 34 affinity mask: 56 
Rank 34 current logical CPU: 56
Rank 35 running on computenode0
Rank 35 SLURM info: PROCID=35 LOCALID=35 NODEID=0
Rank 35 affinity mask: 80 
Rank 35 current logical CPU: 80
Rank 36 running on computenode0
Rank 36 SLURM info: PROCID=36 LOCALID=36 NODEID=0
Rank 36 affinity mask: 9 
Rank 36 current logical CPU: 9
Rank 37 running on computenode0
Rank 37 SLURM info: PROCID=37 LOCALID=37 NODEID=0
Rank 37 affinity mask: 33 
Rank 37 current logical CPU: 33
Rank 38 running on computenode0
Rank 38 SLURM info: PROCID=38 LOCALID=38 NODEID=0
Rank 38 affinity mask: 57 
Rank 38 current logical CPU: 57
Rank 39 running on computenode0
Rank 39 SLURM info: PROCID=39 LOCALID=39 NODEID=0
Rank 39 affinity mask: 81 
Rank 39 current logical CPU: 81
Rank 40 running on computenode0
Rank 40 SLURM info: PROCID=40 LOCALID=40 NODEID=0
Rank 40 affinity mask: 10 
Rank 40 current logical CPU: 10
Rank 41 running on computenode0
Rank 41 SLURM info: PROCID=41 LOCALID=41 NODEID=0
Rank 41 affinity mask: 34 
Rank 41 current logical CPU: 34
Rank 42 running on computenode0
Rank 42 SLURM info: PROCID=42 LOCALID=42 NODEID=0
Rank 42 affinity mask: 58 
Rank 42 current logical CPU: 58
Rank 43 running on computenode0
Rank 43 SLURM info: PROCID=43 LOCALID=43 NODEID=0
Rank 43 affinity mask: 82 
Rank 43 current logical CPU: 82
Rank 44 running on computenode0
Rank 44 SLURM info: PROCID=44 LOCALID=44 NODEID=0
Rank 44 affinity mask: 11 
Rank 44 current logical CPU: 11
Rank 45 running on computenode0
Rank 45 SLURM info: PROCID=45 LOCALID=45 NODEID=0
Rank 45 affinity mask: 35 
Rank 45 current logical CPU: 35
Rank 46 running on computenode0
Rank 46 SLURM info: PROCID=46 LOCALID=46 NODEID=0
Rank 46 affinity mask: 59 
Rank 46 current logical CPU: 59
Rank 47 running on computenode0
Rank 47 SLURM info: PROCID=47 LOCALID=47 NODEID=0
Rank 47 affinity mask: 83 
Rank 47 current logical CPU: 83

# MPI Ring Benchmark
#
# Configuration
#   MPI ranks        : 48
#   Max message size : 16777216 bytes
#   Warmup iterations: 20
#   Small iterations : 1000
#   Large iterations : 100
#   MPI_Wtick        : 1.000000000e-09 seconds
#
# Metrics
#   Exchange         : full ring exchange time
#   AggregateRingBW  : aggregate bandwidth across the ring
#
# Size(Bytes)	Exchange(us)	AggregateRingBW(MiB/s)
       1 bytes      1.94 us     23.65 MiB/s
       2 bytes      1.86 us     49.29 MiB/s
       4 bytes      1.87 us     97.69 MiB/s
       8 bytes      1.86 us    197.22 MiB/s
      16 bytes      1.81 us    403.63 MiB/s
      32 bytes      1.87 us    782.21 MiB/s
      64 bytes      2.48 us   1180.53 MiB/s
     128 bytes      2.76 us   2122.88 MiB/s
     256 bytes      3.31 us   3543.59 MiB/s
     512 bytes      2.94 us   7961.16 MiB/s
    1024 bytes      8.24 us   5686.14 MiB/s
    2048 bytes      8.20 us  11429.47 MiB/s
    4096 bytes      9.09 us  20625.53 MiB/s
    8192 bytes      9.61 us  39038.02 MiB/s
   16384 bytes     10.68 us  70218.28 MiB/s
   32768 bytes     12.47 us  120301.33 MiB/s
   65536 bytes     16.75 us  179060.43 MiB/s
  131072 bytes     29.39 us  204130.17 MiB/s
  262144 bytes     67.16 us  178669.32 MiB/s
  524288 bytes     87.85 us  273202.52 MiB/s
 1048576 bytes    250.29 us  191775.25 MiB/s
 2097152 bytes    962.82 us  99706.69 MiB/s
 4194304 bytes   1977.75 us  97080.06 MiB/s
 8388608 bytes   4087.06 us  93955.08 MiB/s
16777216 bytes   9676.80 us  79365.07 MiB/s
  Verification data:
    rank 0 : bw=79365.070 MiB/s  checksum=   788529152  expected=   788529152
    rank 1 : bw=79132.244 MiB/s  checksum=           0  expected=           0
    rank 2 : bw=79132.321 MiB/s  checksum=    16777216  expected=    16777216
    rank 3 : bw=79043.624 MiB/s  checksum=    33554432  expected=    33554432
    rank 4 : bw=78841.608 MiB/s  checksum=    50331648  expected=    50331648
    rank 5 : bw=78841.690 MiB/s  checksum=    67108864  expected=    67108864
    rank 6 : bw=79098.525 MiB/s  checksum=    83886080  expected=    83886080
    rank 7 : bw=79026.732 MiB/s  checksum=   100663296  expected=   100663296
    rank 8 : bw=79026.710 MiB/s  checksum=   117440512  expected=   117440512
    rank 9 : bw=78834.588 MiB/s  checksum=   134217728  expected=   134217728
    rank 10 : bw=78834.614 MiB/s  checksum=   150994944  expected=   150994944
    rank 11 : bw=78644.681 MiB/s  checksum=   167772160  expected=   167772160
    rank 12 : bw=78644.643 MiB/s  checksum=   184549376  expected=   184549376
    rank 13 : bw=78667.217 MiB/s  checksum=   201326592  expected=   201326592
    rank 14 : bw=78667.138 MiB/s  checksum=   218103808  expected=   218103808
    rank 15 : bw=78953.747 MiB/s  checksum=   234881024  expected=   234881024
    rank 16 : bw=79258.431 MiB/s  checksum=   251658240  expected=   251658240
    rank 17 : bw=79444.169 MiB/s  checksum=   268435456  expected=   268435456
    rank 18 : bw=79198.293 MiB/s  checksum=   285212672  expected=   285212672
    rank 19 : bw=78922.627 MiB/s  checksum=   301989888  expected=   301989888
    rank 20 : bw=78922.382 MiB/s  checksum=   318767104  expected=   318767104
    rank 21 : bw=79200.270 MiB/s  checksum=   335544320  expected=   335544320
    rank 22 : bw=79493.597 MiB/s  checksum=   352321536  expected=   352321536
    rank 23 : bw=79789.596 MiB/s  checksum=   369098752  expected=   369098752
    rank 24 : bw=80057.199 MiB/s  checksum=   385875968  expected=   385875968
    rank 25 : bw=80489.139 MiB/s  checksum=   402653184  expected=   402653184
    rank 26 : bw=80594.178 MiB/s  checksum=   419430400  expected=   419430400
    rank 27 : bw=80862.104 MiB/s  checksum=   436207616  expected=   436207616
    rank 28 : bw=81299.950 MiB/s  checksum=   452984832  expected=   452984832
    rank 29 : bw=81504.675 MiB/s  checksum=   469762048  expected=   469762048
    rank 30 : bw=81780.405 MiB/s  checksum=   486539264  expected=   486539264
    rank 31 : bw=82526.242 MiB/s  checksum=   503316480  expected=   503316480
    rank 32 : bw=83047.722 MiB/s  checksum=   520093696  expected=   520093696
    rank 33 : bw=83595.228 MiB/s  checksum=   536870912  expected=   536870912
    rank 34 : bw=83987.962 MiB/s  checksum=   553648128  expected=   553648128
    rank 35 : bw=84357.012 MiB/s  checksum=   570425344  expected=   570425344
    rank 36 : bw=84489.481 MiB/s  checksum=   587202560  expected=   587202560
    rank 37 : bw=84167.019 MiB/s  checksum=   603979776  expected=   603979776
    rank 38 : bw=83676.353 MiB/s  checksum=   620756992  expected=   620756992
    rank 39 : bw=82652.870 MiB/s  checksum=   637534208  expected=   637534208
    rank 40 : bw=82192.673 MiB/s  checksum=   654311424  expected=   654311424
    rank 41 : bw=81662.515 MiB/s  checksum=   671088640  expected=   671088640
    rank 42 : bw=81302.178 MiB/s  checksum=   687865856  expected=   687865856
    rank 43 : bw=80760.197 MiB/s  checksum=   704643072  expected=   704643072
    rank 44 : bw=80274.869 MiB/s  checksum=   721420288  expected=   721420288
    rank 45 : bw=79950.986 MiB/s  checksum=   738197504  expected=   738197504
    rank 46 : bw=79632.925 MiB/s  checksum=   754974720  expected=   754974720
    rank 47 : bw=79365.384 MiB/s  checksum=   771751936  expected=   771751936

====================================================
 MPI Ranks: 72
====================================================
Rank 0 running on computenode0
Rank 0 SLURM info: PROCID=0 LOCALID=0 NODEID=0
Rank 0 affinity mask: 0 
Rank 0 current logical CPU: 0
Rank 1 running on computenode0
Rank 1 SLURM info: PROCID=1 LOCALID=1 NODEID=0
Rank 1 affinity mask: 24 
Rank 1 current logical CPU: 24
Rank 2 running on computenode0
Rank 2 SLURM info: PROCID=2 LOCALID=2 NODEID=0
Rank 2 affinity mask: 48 
Rank 2 current logical CPU: 48
Rank 3 running on computenode0
Rank 3 SLURM info: PROCID=3 LOCALID=3 NODEID=0
Rank 3 affinity mask: 72 
Rank 3 current logical CPU: 72
Rank 4 running on computenode0
Rank 4 SLURM info: PROCID=4 LOCALID=4 NODEID=0
Rank 4 affinity mask: 1 
Rank 4 current logical CPU: 1
Rank 5 running on computenode0
Rank 5 SLURM info: PROCID=5 LOCALID=5 NODEID=0
Rank 5 affinity mask: 25 
Rank 5 current logical CPU: 25
Rank 6 running on computenode0
Rank 6 SLURM info: PROCID=6 LOCALID=6 NODEID=0
Rank 6 affinity mask: 49 
Rank 6 current logical CPU: 49
Rank 7 running on computenode0
Rank 7 SLURM info: PROCID=7 LOCALID=7 NODEID=0
Rank 7 affinity mask: 73 
Rank 7 current logical CPU: 73
Rank 8 running on computenode0
Rank 8 SLURM info: PROCID=8 LOCALID=8 NODEID=0
Rank 8 affinity mask: 2 
Rank 8 current logical CPU: 2
Rank 9 running on computenode0
Rank 9 SLURM info: PROCID=9 LOCALID=9 NODEID=0
Rank 9 affinity mask: 26 
Rank 9 current logical CPU: 26
Rank 10 running on computenode0
Rank 10 SLURM info: PROCID=10 LOCALID=10 NODEID=0
Rank 10 affinity mask: 50 
Rank 10 current logical CPU: 50
Rank 11 running on computenode0
Rank 11 SLURM info: PROCID=11 LOCALID=11 NODEID=0
Rank 11 affinity mask: 74 
Rank 11 current logical CPU: 74
Rank 12 running on computenode0
Rank 12 SLURM info: PROCID=12 LOCALID=12 NODEID=0
Rank 12 affinity mask: 3 
Rank 12 current logical CPU: 3
Rank 13 running on computenode0
Rank 13 SLURM info: PROCID=13 LOCALID=13 NODEID=0
Rank 13 affinity mask: 27 
Rank 13 current logical CPU: 27
Rank 14 running on computenode0
Rank 14 SLURM info: PROCID=14 LOCALID=14 NODEID=0
Rank 14 affinity mask: 51 
Rank 14 current logical CPU: 51
Rank 15 running on computenode0
Rank 15 SLURM info: PROCID=15 LOCALID=15 NODEID=0
Rank 15 affinity mask: 75 
Rank 15 current logical CPU: 75
Rank 16 running on computenode0
Rank 16 SLURM info: PROCID=16 LOCALID=16 NODEID=0
Rank 16 affinity mask: 4 
Rank 16 current logical CPU: 4
Rank 17 running on computenode0
Rank 17 SLURM info: PROCID=17 LOCALID=17 NODEID=0
Rank 17 affinity mask: 28 
Rank 17 current logical CPU: 28
Rank 18 running on computenode0
Rank 18 SLURM info: PROCID=18 LOCALID=18 NODEID=0
Rank 18 affinity mask: 52 
Rank 18 current logical CPU: 52
Rank 19 running on computenode0
Rank 19 SLURM info: PROCID=19 LOCALID=19 NODEID=0
Rank 19 affinity mask: 76 
Rank 19 current logical CPU: 76
Rank 20 running on computenode0
Rank 20 SLURM info: PROCID=20 LOCALID=20 NODEID=0
Rank 20 affinity mask: 5 
Rank 20 current logical CPU: 5
Rank 21 running on computenode0
Rank 21 SLURM info: PROCID=21 LOCALID=21 NODEID=0
Rank 21 affinity mask: 29 
Rank 21 current logical CPU: 29
Rank 22 running on computenode0
Rank 22 SLURM info: PROCID=22 LOCALID=22 NODEID=0
Rank 22 affinity mask: 53 
Rank 22 current logical CPU: 53
Rank 23 running on computenode0
Rank 23 SLURM info: PROCID=23 LOCALID=23 NODEID=0
Rank 23 affinity mask: 77 
Rank 23 current logical CPU: 77
Rank 24 running on computenode0
Rank 24 SLURM info: PROCID=24 LOCALID=24 NODEID=0
Rank 24 affinity mask: 6 
Rank 24 current logical CPU: 6
Rank 25 running on computenode0
Rank 25 SLURM info: PROCID=25 LOCALID=25 NODEID=0
Rank 25 affinity mask: 30 
Rank 25 current logical CPU: 30
Rank 26 running on computenode0
Rank 26 SLURM info: PROCID=26 LOCALID=26 NODEID=0
Rank 26 affinity mask: 54 
Rank 26 current logical CPU: 54
Rank 27 running on computenode0
Rank 27 SLURM info: PROCID=27 LOCALID=27 NODEID=0
Rank 27 affinity mask: 78 
Rank 27 current logical CPU: 78
Rank 28 running on computenode0
Rank 28 SLURM info: PROCID=28 LOCALID=28 NODEID=0
Rank 28 affinity mask: 7 
Rank 28 current logical CPU: 7
Rank 29 running on computenode0
Rank 29 SLURM info: PROCID=29 LOCALID=29 NODEID=0
Rank 29 affinity mask: 31 
Rank 29 current logical CPU: 31
Rank 30 running on computenode0
Rank 30 SLURM info: PROCID=30 LOCALID=30 NODEID=0
Rank 30 affinity mask: 55 
Rank 30 current logical CPU: 55
Rank 31 running on computenode0
Rank 31 SLURM info: PROCID=31 LOCALID=31 NODEID=0
Rank 31 affinity mask: 79 
Rank 31 current logical CPU: 79
Rank 32 running on computenode0
Rank 32 SLURM info: PROCID=32 LOCALID=32 NODEID=0
Rank 32 affinity mask: 8 
Rank 32 current logical CPU: 8
Rank 33 running on computenode0
Rank 33 SLURM info: PROCID=33 LOCALID=33 NODEID=0
Rank 33 affinity mask: 32 
Rank 33 current logical CPU: 32
Rank 34 running on computenode0
Rank 34 SLURM info: PROCID=34 LOCALID=34 NODEID=0
Rank 34 affinity mask: 56 
Rank 34 current logical CPU: 56
Rank 35 running on computenode0
Rank 35 SLURM info: PROCID=35 LOCALID=35 NODEID=0
Rank 35 affinity mask: 80 
Rank 35 current logical CPU: 80
Rank 36 running on computenode0
Rank 36 SLURM info: PROCID=36 LOCALID=36 NODEID=0
Rank 36 affinity mask: 9 
Rank 36 current logical CPU: 9
Rank 37 running on computenode0
Rank 37 SLURM info: PROCID=37 LOCALID=37 NODEID=0
Rank 37 affinity mask: 33 
Rank 37 current logical CPU: 33
Rank 38 running on computenode0
Rank 38 SLURM info: PROCID=38 LOCALID=38 NODEID=0
Rank 38 affinity mask: 57 
Rank 38 current logical CPU: 57
Rank 39 running on computenode0
Rank 39 SLURM info: PROCID=39 LOCALID=39 NODEID=0
Rank 39 affinity mask: 81 
Rank 39 current logical CPU: 81
Rank 40 running on computenode0
Rank 40 SLURM info: PROCID=40 LOCALID=40 NODEID=0
Rank 40 affinity mask: 10 
Rank 40 current logical CPU: 10
Rank 41 running on computenode0
Rank 41 SLURM info: PROCID=41 LOCALID=41 NODEID=0
Rank 41 affinity mask: 34 
Rank 41 current logical CPU: 34
Rank 42 running on computenode0
Rank 42 SLURM info: PROCID=42 LOCALID=42 NODEID=0
Rank 42 affinity mask: 58 
Rank 42 current logical CPU: 58
Rank 43 running on computenode0
Rank 43 SLURM info: PROCID=43 LOCALID=43 NODEID=0
Rank 43 affinity mask: 82 
Rank 43 current logical CPU: 82
Rank 44 running on computenode0
Rank 44 SLURM info: PROCID=44 LOCALID=44 NODEID=0
Rank 44 affinity mask: 11 
Rank 44 current logical CPU: 11
Rank 45 running on computenode0
Rank 45 SLURM info: PROCID=45 LOCALID=45 NODEID=0
Rank 45 affinity mask: 35 
Rank 45 current logical CPU: 35
Rank 46 running on computenode0
Rank 46 SLURM info: PROCID=46 LOCALID=46 NODEID=0
Rank 46 affinity mask: 59 
Rank 46 current logical CPU: 59
Rank 47 running on computenode0
Rank 47 SLURM info: PROCID=47 LOCALID=47 NODEID=0
Rank 47 affinity mask: 83 
Rank 47 current logical CPU: 83
Rank 48 running on computenode0
Rank 48 SLURM info: PROCID=48 LOCALID=48 NODEID=0
Rank 48 affinity mask: 12 
Rank 48 current logical CPU: 12
Rank 49 running on computenode0
Rank 49 SLURM info: PROCID=49 LOCALID=49 NODEID=0
Rank 49 affinity mask: 36 
Rank 49 current logical CPU: 36
Rank 50 running on computenode0
Rank 50 SLURM info: PROCID=50 LOCALID=50 NODEID=0
Rank 50 affinity mask: 60 
Rank 50 current logical CPU: 60
Rank 51 running on computenode0
Rank 51 SLURM info: PROCID=51 LOCALID=51 NODEID=0
Rank 51 affinity mask: 84 
Rank 51 current logical CPU: 84
Rank 52 running on computenode0
Rank 52 SLURM info: PROCID=52 LOCALID=52 NODEID=0
Rank 52 affinity mask: 13 
Rank 52 current logical CPU: 13
Rank 53 running on computenode0
Rank 53 SLURM info: PROCID=53 LOCALID=53 NODEID=0
Rank 53 affinity mask: 37 
Rank 53 current logical CPU: 37
Rank 54 running on computenode0
Rank 54 SLURM info: PROCID=54 LOCALID=54 NODEID=0
Rank 54 affinity mask: 61 
Rank 54 current logical CPU: 61
Rank 55 running on computenode0
Rank 55 SLURM info: PROCID=55 LOCALID=55 NODEID=0
Rank 55 affinity mask: 85 
Rank 55 current logical CPU: 85
Rank 56 running on computenode0
Rank 56 SLURM info: PROCID=56 LOCALID=56 NODEID=0
Rank 56 affinity mask: 14 
Rank 56 current logical CPU: 14
Rank 57 running on computenode0
Rank 57 SLURM info: PROCID=57 LOCALID=57 NODEID=0
Rank 57 affinity mask: 38 
Rank 57 current logical CPU: 38
Rank 58 running on computenode0
Rank 58 SLURM info: PROCID=58 LOCALID=58 NODEID=0
Rank 58 affinity mask: 62 
Rank 58 current logical CPU: 62
Rank 59 running on computenode0
Rank 59 SLURM info: PROCID=59 LOCALID=59 NODEID=0
Rank 59 affinity mask: 86 
Rank 59 current logical CPU: 86
Rank 60 running on computenode0
Rank 60 SLURM info: PROCID=60 LOCALID=60 NODEID=0
Rank 60 affinity mask: 15 
Rank 60 current logical CPU: 15
Rank 61 running on computenode0
Rank 61 SLURM info: PROCID=61 LOCALID=61 NODEID=0
Rank 61 affinity mask: 39 
Rank 61 current logical CPU: 39
Rank 62 running on computenode0
Rank 62 SLURM info: PROCID=62 LOCALID=62 NODEID=0
Rank 62 affinity mask: 63 
Rank 62 current logical CPU: 63
Rank 63 running on computenode0
Rank 63 SLURM info: PROCID=63 LOCALID=63 NODEID=0
Rank 63 affinity mask: 87 
Rank 63 current logical CPU: 87
Rank 64 running on computenode0
Rank 64 SLURM info: PROCID=64 LOCALID=64 NODEID=0
Rank 64 affinity mask: 16 
Rank 64 current logical CPU: 16
Rank 65 running on computenode0
Rank 65 SLURM info: PROCID=65 LOCALID=65 NODEID=0
Rank 65 affinity mask: 40 
Rank 65 current logical CPU: 40
Rank 66 running on computenode0
Rank 66 SLURM info: PROCID=66 LOCALID=66 NODEID=0
Rank 66 affinity mask: 64 
Rank 66 current logical CPU: 64
Rank 67 running on computenode0
Rank 67 SLURM info: PROCID=67 LOCALID=67 NODEID=0
Rank 67 affinity mask: 88 
Rank 67 current logical CPU: 88
Rank 68 running on computenode0
Rank 68 SLURM info: PROCID=68 LOCALID=68 NODEID=0
Rank 68 affinity mask: 17 
Rank 68 current logical CPU: 17
Rank 69 running on computenode0
Rank 69 SLURM info: PROCID=69 LOCALID=69 NODEID=0
Rank 69 affinity mask: 41 
Rank 69 current logical CPU: 41
Rank 70 running on computenode0
Rank 70 SLURM info: PROCID=70 LOCALID=70 NODEID=0
Rank 70 affinity mask: 65 
Rank 70 current logical CPU: 65
Rank 71 running on computenode0
Rank 71 SLURM info: PROCID=71 LOCALID=71 NODEID=0
Rank 71 affinity mask: 89 
Rank 71 current logical CPU: 89

# MPI Ring Benchmark
#
# Configuration
#   MPI ranks        : 72
#   Max message size : 16777216 bytes
#   Warmup iterations: 20
#   Small iterations : 1000
#   Large iterations : 100
#   MPI_Wtick        : 1.000000000e-09 seconds
#
# Metrics
#   Exchange         : full ring exchange time
#   AggregateRingBW  : aggregate bandwidth across the ring
#
# Size(Bytes)	Exchange(us)	AggregateRingBW(MiB/s)
       1 bytes      1.94 us     35.38 MiB/s
       2 bytes      1.70 us     80.58 MiB/s
       4 bytes      1.70 us    161.82 MiB/s
       8 bytes      1.74 us    314.87 MiB/s
      16 bytes      1.72 us    639.47 MiB/s
      32 bytes      1.72 us   1273.98 MiB/s
      64 bytes      2.22 us   1978.18 MiB/s
     128 bytes      2.53 us   3474.17 MiB/s
     256 bytes      3.08 us   5698.37 MiB/s
     512 bytes      2.94 us  11939.22 MiB/s
    1024 bytes      8.19 us   8585.94 MiB/s
    2048 bytes      8.15 us  17246.92 MiB/s
    4096 bytes      8.62 us  32629.04 MiB/s
    8192 bytes      9.14 us  61522.24 MiB/s
   16384 bytes      9.92 us  113421.32 MiB/s
   32768 bytes     12.44 us  180890.12 MiB/s
   65536 bytes     16.49 us  272960.20 MiB/s
  131072 bytes     24.58 us  366208.26 MiB/s
  262144 bytes     57.76 us  311652.64 MiB/s
  524288 bytes     86.57 us  415850.75 MiB/s
 1048576 bytes    169.75 us  424142.37 MiB/s
 2097152 bytes    941.59 us  152932.31 MiB/s
 4194304 bytes   2192.78 us  131340.16 MiB/s
 8388608 bytes   5623.79 us  102421.95 MiB/s
16777216 bytes  12569.73 us  91648.73 MiB/s
  Verification data:
    rank 0 : bw=91648.726 MiB/s  checksum=  1191182336  expected=  1191182336
    rank 1 : bw=91648.669 MiB/s  checksum=           0  expected=           0
    rank 2 : bw=91914.739 MiB/s  checksum=    16777216  expected=    16777216
    rank 3 : bw=91995.520 MiB/s  checksum=    33554432  expected=    33554432
    rank 4 : bw=91575.344 MiB/s  checksum=    50331648  expected=    50331648
    rank 5 : bw=91266.795 MiB/s  checksum=    67108864  expected=    67108864
    rank 6 : bw=91266.785 MiB/s  checksum=    83886080  expected=    83886080
    rank 7 : bw=91078.113 MiB/s  checksum=   100663296  expected=   100663296
    rank 8 : bw=91072.385 MiB/s  checksum=   117440512  expected=   117440512
    rank 9 : bw=90839.925 MiB/s  checksum=   134217728  expected=   134217728
    rank 10 : bw=90840.035 MiB/s  checksum=   150994944  expected=   150994944
    rank 11 : bw=91061.619 MiB/s  checksum=   167772160  expected=   167772160
    rank 12 : bw=91393.080 MiB/s  checksum=   184549376  expected=   184549376
    rank 13 : bw=91829.149 MiB/s  checksum=   201326592  expected=   201326592
    rank 14 : bw=92290.805 MiB/s  checksum=   218103808  expected=   218103808
    rank 15 : bw=92335.851 MiB/s  checksum=   234881024  expected=   234881024
    rank 16 : bw=92700.400 MiB/s  checksum=   251658240  expected=   251658240
    rank 17 : bw=92316.637 MiB/s  checksum=   268435456  expected=   268435456
    rank 18 : bw=91885.712 MiB/s  checksum=   285212672  expected=   285212672
    rank 19 : bw=91560.616 MiB/s  checksum=   301989888  expected=   301989888
    rank 20 : bw=91438.007 MiB/s  checksum=   318767104  expected=   318767104
    rank 21 : bw=91130.098 MiB/s  checksum=   335544320  expected=   335544320
    rank 22 : bw=91030.868 MiB/s  checksum=   352321536  expected=   352321536
    rank 23 : bw=90786.348 MiB/s  checksum=   369098752  expected=   369098752
    rank 24 : bw=90571.489 MiB/s  checksum=   385875968  expected=   385875968
    rank 25 : bw=90370.168 MiB/s  checksum=   402653184  expected=   402653184
    rank 26 : bw=89983.290 MiB/s  checksum=   419430400  expected=   419430400
    rank 27 : bw=89329.463 MiB/s  checksum=   436207616  expected=   436207616
    rank 28 : bw=88913.543 MiB/s  checksum=   452984832  expected=   452984832
    rank 29 : bw=88547.224 MiB/s  checksum=   469762048  expected=   469762048
    rank 30 : bw=88192.501 MiB/s  checksum=   486539264  expected=   486539264
    rank 31 : bw=87997.914 MiB/s  checksum=   503316480  expected=   503316480
    rank 32 : bw=87920.961 MiB/s  checksum=   520093696  expected=   520093696
    rank 33 : bw=87692.563 MiB/s  checksum=   536870912  expected=   536870912
    rank 34 : bw=87522.853 MiB/s  checksum=   553648128  expected=   553648128
    rank 35 : bw=87338.088 MiB/s  checksum=   570425344  expected=   570425344
    rank 36 : bw=87236.746 MiB/s  checksum=   587202560  expected=   587202560
    rank 37 : bw=87052.697 MiB/s  checksum=   603979776  expected=   603979776
    rank 38 : bw=87052.849 MiB/s  checksum=   620756992  expected=   620756992
    rank 39 : bw=86900.068 MiB/s  checksum=   637534208  expected=   637534208
    rank 40 : bw=86899.920 MiB/s  checksum=   654311424  expected=   654311424
    rank 41 : bw=87083.878 MiB/s  checksum=   671088640  expected=   671088640
    rank 42 : bw=87224.652 MiB/s  checksum=   687865856  expected=   687865856
    rank 43 : bw=87245.730 MiB/s  checksum=   704643072  expected=   704643072
    rank 44 : bw=87467.221 MiB/s  checksum=   721420288  expected=   721420288
    rank 45 : bw=87647.379 MiB/s  checksum=   738197504  expected=   738197504
    rank 46 : bw=87884.176 MiB/s  checksum=   754974720  expected=   754974720
    rank 47 : bw=88008.717 MiB/s  checksum=   771751936  expected=   771751936
    rank 48 : bw=88301.312 MiB/s  checksum=   788529152  expected=   788529152
    rank 49 : bw=88575.244 MiB/s  checksum=   805306368  expected=   805306368
    rank 50 : bw=88621.116 MiB/s  checksum=   822083584  expected=   822083584
    rank 51 : bw=88566.653 MiB/s  checksum=   838860800  expected=   838860800
    rank 52 : bw=88372.484 MiB/s  checksum=   855638016  expected=   855638016
    rank 53 : bw=88268.102 MiB/s  checksum=   872415232  expected=   872415232
    rank 54 : bw=88036.877 MiB/s  checksum=   889192448  expected=   889192448
    rank 55 : bw=88036.977 MiB/s  checksum=   905969664  expected=   905969664
    rank 56 : bw=88208.673 MiB/s  checksum=   922746880  expected=   922746880
    rank 57 : bw=88359.327 MiB/s  checksum=   939524096  expected=   939524096
    rank 58 : bw=88601.750 MiB/s  checksum=   956301312  expected=   956301312
    rank 59 : bw=88954.881 MiB/s  checksum=   973078528  expected=   973078528
    rank 60 : bw=89088.880 MiB/s  checksum=   989855744  expected=   989855744
    rank 61 : bw=89490.070 MiB/s  checksum=  1006632960  expected=  1006632960
    rank 62 : bw=89575.130 MiB/s  checksum=  1023410176  expected=  1023410176
    rank 63 : bw=89689.542 MiB/s  checksum=  1040187392  expected=  1040187392
    rank 64 : bw=89965.710 MiB/s  checksum=  1056964608  expected=  1056964608
    rank 65 : bw=90812.618 MiB/s  checksum=  1073741824  expected=  1073741824
    rank 66 : bw=90909.593 MiB/s  checksum=  1090519040  expected=  1090519040
    rank 67 : bw=91564.898 MiB/s  checksum=  1107296256  expected=  1107296256
    rank 68 : bw=91584.288 MiB/s  checksum=  1124073472  expected=  1124073472
    rank 69 : bw=91846.291 MiB/s  checksum=  1140850688  expected=  1140850688
    rank 70 : bw=92352.690 MiB/s  checksum=  1157627904  expected=  1157627904
    rank 71 : bw=92085.231 MiB/s  checksum=  1174405120  expected=  1174405120

====================================================
 MPI Ranks: 96
====================================================
Rank 0 running on computenode0
Rank 0 SLURM info: PROCID=0 LOCALID=0 NODEID=0
Rank 0 affinity mask: 0 
Rank 0 current logical CPU: 0
Rank 1 running on computenode0
Rank 1 SLURM info: PROCID=1 LOCALID=1 NODEID=0
Rank 1 affinity mask: 24 
Rank 1 current logical CPU: 24
Rank 2 running on computenode0
Rank 2 SLURM info: PROCID=2 LOCALID=2 NODEID=0
Rank 2 affinity mask: 48 
Rank 2 current logical CPU: 48
Rank 3 running on computenode0
Rank 3 SLURM info: PROCID=3 LOCALID=3 NODEID=0
Rank 3 affinity mask: 72 
Rank 3 current logical CPU: 72
Rank 4 running on computenode0
Rank 4 SLURM info: PROCID=4 LOCALID=4 NODEID=0
Rank 4 affinity mask: 1 
Rank 4 current logical CPU: 1
Rank 5 running on computenode0
Rank 5 SLURM info: PROCID=5 LOCALID=5 NODEID=0
Rank 5 affinity mask: 25 
Rank 5 current logical CPU: 25
Rank 6 running on computenode0
Rank 6 SLURM info: PROCID=6 LOCALID=6 NODEID=0
Rank 6 affinity mask: 49 
Rank 6 current logical CPU: 49
Rank 7 running on computenode0
Rank 7 SLURM info: PROCID=7 LOCALID=7 NODEID=0
Rank 7 affinity mask: 73 
Rank 7 current logical CPU: 73
Rank 8 running on computenode0
Rank 8 SLURM info: PROCID=8 LOCALID=8 NODEID=0
Rank 8 affinity mask: 2 
Rank 8 current logical CPU: 2
Rank 9 running on computenode0
Rank 9 SLURM info: PROCID=9 LOCALID=9 NODEID=0
Rank 9 affinity mask: 26 
Rank 9 current logical CPU: 26
Rank 10 running on computenode0
Rank 10 SLURM info: PROCID=10 LOCALID=10 NODEID=0
Rank 10 affinity mask: 50 
Rank 10 current logical CPU: 50
Rank 11 running on computenode0
Rank 11 SLURM info: PROCID=11 LOCALID=11 NODEID=0
Rank 11 affinity mask: 74 
Rank 11 current logical CPU: 74
Rank 12 running on computenode0
Rank 12 SLURM info: PROCID=12 LOCALID=12 NODEID=0
Rank 12 affinity mask: 3 
Rank 12 current logical CPU: 3
Rank 13 running on computenode0
Rank 13 SLURM info: PROCID=13 LOCALID=13 NODEID=0
Rank 13 affinity mask: 27 
Rank 13 current logical CPU: 27
Rank 14 running on computenode0
Rank 14 SLURM info: PROCID=14 LOCALID=14 NODEID=0
Rank 14 affinity mask: 51 
Rank 14 current logical CPU: 51
Rank 15 running on computenode0
Rank 15 SLURM info: PROCID=15 LOCALID=15 NODEID=0
Rank 15 affinity mask: 75 
Rank 15 current logical CPU: 75
Rank 16 running on computenode0
Rank 16 SLURM info: PROCID=16 LOCALID=16 NODEID=0
Rank 16 affinity mask: 4 
Rank 16 current logical CPU: 4
Rank 17 running on computenode0
Rank 17 SLURM info: PROCID=17 LOCALID=17 NODEID=0
Rank 17 affinity mask: 28 
Rank 17 current logical CPU: 28
Rank 18 running on computenode0
Rank 18 SLURM info: PROCID=18 LOCALID=18 NODEID=0
Rank 18 affinity mask: 52 
Rank 18 current logical CPU: 52
Rank 19 running on computenode0
Rank 19 SLURM info: PROCID=19 LOCALID=19 NODEID=0
Rank 19 affinity mask: 76 
Rank 19 current logical CPU: 76
Rank 20 running on computenode0
Rank 20 SLURM info: PROCID=20 LOCALID=20 NODEID=0
Rank 20 affinity mask: 5 
Rank 20 current logical CPU: 5
Rank 21 running on computenode0
Rank 21 SLURM info: PROCID=21 LOCALID=21 NODEID=0
Rank 21 affinity mask: 29 
Rank 21 current logical CPU: 29
Rank 22 running on computenode0
Rank 22 SLURM info: PROCID=22 LOCALID=22 NODEID=0
Rank 22 affinity mask: 53 
Rank 22 current logical CPU: 53
Rank 23 running on computenode0
Rank 23 SLURM info: PROCID=23 LOCALID=23 NODEID=0
Rank 23 affinity mask: 77 
Rank 23 current logical CPU: 77
Rank 24 running on computenode0
Rank 24 SLURM info: PROCID=24 LOCALID=24 NODEID=0
Rank 24 affinity mask: 6 
Rank 24 current logical CPU: 6
Rank 25 running on computenode0
Rank 25 SLURM info: PROCID=25 LOCALID=25 NODEID=0
Rank 25 affinity mask: 30 
Rank 25 current logical CPU: 30
Rank 26 running on computenode0
Rank 26 SLURM info: PROCID=26 LOCALID=26 NODEID=0
Rank 26 affinity mask: 54 
Rank 26 current logical CPU: 54
Rank 27 running on computenode0
Rank 27 SLURM info: PROCID=27 LOCALID=27 NODEID=0
Rank 27 affinity mask: 78 
Rank 27 current logical CPU: 78
Rank 28 running on computenode0
Rank 28 SLURM info: PROCID=28 LOCALID=28 NODEID=0
Rank 28 affinity mask: 7 
Rank 28 current logical CPU: 7
Rank 29 running on computenode0
Rank 29 SLURM info: PROCID=29 LOCALID=29 NODEID=0
Rank 29 affinity mask: 31 
Rank 29 current logical CPU: 31
Rank 30 running on computenode0
Rank 30 SLURM info: PROCID=30 LOCALID=30 NODEID=0
Rank 30 affinity mask: 55 
Rank 30 current logical CPU: 55
Rank 31 running on computenode0
Rank 31 SLURM info: PROCID=31 LOCALID=31 NODEID=0
Rank 31 affinity mask: 79 
Rank 31 current logical CPU: 79
Rank 32 running on computenode0
Rank 32 SLURM info: PROCID=32 LOCALID=32 NODEID=0
Rank 32 affinity mask: 8 
Rank 32 current logical CPU: 8
Rank 33 running on computenode0
Rank 33 SLURM info: PROCID=33 LOCALID=33 NODEID=0
Rank 33 affinity mask: 32 
Rank 33 current logical CPU: 32
Rank 34 running on computenode0
Rank 34 SLURM info: PROCID=34 LOCALID=34 NODEID=0
Rank 34 affinity mask: 56 
Rank 34 current logical CPU: 56
Rank 35 running on computenode0
Rank 35 SLURM info: PROCID=35 LOCALID=35 NODEID=0
Rank 35 affinity mask: 80 
Rank 35 current logical CPU: 80
Rank 36 running on computenode0
Rank 36 SLURM info: PROCID=36 LOCALID=36 NODEID=0
Rank 36 affinity mask: 9 
Rank 36 current logical CPU: 9
Rank 37 running on computenode0
Rank 37 SLURM info: PROCID=37 LOCALID=37 NODEID=0
Rank 37 affinity mask: 33 
Rank 37 current logical CPU: 33
Rank 38 running on computenode0
Rank 38 SLURM info: PROCID=38 LOCALID=38 NODEID=0
Rank 38 affinity mask: 57 
Rank 38 current logical CPU: 57
Rank 39 running on computenode0
Rank 39 SLURM info: PROCID=39 LOCALID=39 NODEID=0
Rank 39 affinity mask: 81 
Rank 39 current logical CPU: 81
Rank 40 running on computenode0
Rank 40 SLURM info: PROCID=40 LOCALID=40 NODEID=0
Rank 40 affinity mask: 10 
Rank 40 current logical CPU: 10
Rank 41 running on computenode0
Rank 41 SLURM info: PROCID=41 LOCALID=41 NODEID=0
Rank 41 affinity mask: 34 
Rank 41 current logical CPU: 34
Rank 42 running on computenode0
Rank 42 SLURM info: PROCID=42 LOCALID=42 NODEID=0
Rank 42 affinity mask: 58 
Rank 42 current logical CPU: 58
Rank 43 running on computenode0
Rank 43 SLURM info: PROCID=43 LOCALID=43 NODEID=0
Rank 43 affinity mask: 82 
Rank 43 current logical CPU: 82
Rank 44 running on computenode0
Rank 44 SLURM info: PROCID=44 LOCALID=44 NODEID=0
Rank 44 affinity mask: 11 
Rank 44 current logical CPU: 11
Rank 45 running on computenode0
Rank 45 SLURM info: PROCID=45 LOCALID=45 NODEID=0
Rank 45 affinity mask: 35 
Rank 45 current logical CPU: 35
Rank 46 running on computenode0
Rank 46 SLURM info: PROCID=46 LOCALID=46 NODEID=0
Rank 46 affinity mask: 59 
Rank 46 current logical CPU: 59
Rank 47 running on computenode0
Rank 47 SLURM info: PROCID=47 LOCALID=47 NODEID=0
Rank 47 affinity mask: 83 
Rank 47 current logical CPU: 83
Rank 48 running on computenode0
Rank 48 SLURM info: PROCID=48 LOCALID=48 NODEID=0
Rank 48 affinity mask: 12 
Rank 48 current logical CPU: 12
Rank 49 running on computenode0
Rank 49 SLURM info: PROCID=49 LOCALID=49 NODEID=0
Rank 49 affinity mask: 36 
Rank 49 current logical CPU: 36
Rank 50 running on computenode0
Rank 50 SLURM info: PROCID=50 LOCALID=50 NODEID=0
Rank 50 affinity mask: 60 
Rank 50 current logical CPU: 60
Rank 51 running on computenode0
Rank 51 SLURM info: PROCID=51 LOCALID=51 NODEID=0
Rank 51 affinity mask: 84 
Rank 51 current logical CPU: 84
Rank 52 running on computenode0
Rank 52 SLURM info: PROCID=52 LOCALID=52 NODEID=0
Rank 52 affinity mask: 13 
Rank 52 current logical CPU: 13
Rank 53 running on computenode0
Rank 53 SLURM info: PROCID=53 LOCALID=53 NODEID=0
Rank 53 affinity mask: 37 
Rank 53 current logical CPU: 37
Rank 54 running on computenode0
Rank 54 SLURM info: PROCID=54 LOCALID=54 NODEID=0
Rank 54 affinity mask: 61 
Rank 54 current logical CPU: 61
Rank 55 running on computenode0
Rank 55 SLURM info: PROCID=55 LOCALID=55 NODEID=0
Rank 55 affinity mask: 85 
Rank 55 current logical CPU: 85
Rank 56 running on computenode0
Rank 56 SLURM info: PROCID=56 LOCALID=56 NODEID=0
Rank 56 affinity mask: 14 
Rank 56 current logical CPU: 14
Rank 57 running on computenode0
Rank 57 SLURM info: PROCID=57 LOCALID=57 NODEID=0
Rank 57 affinity mask: 38 
Rank 57 current logical CPU: 38
Rank 58 running on computenode0
Rank 58 SLURM info: PROCID=58 LOCALID=58 NODEID=0
Rank 58 affinity mask: 62 
Rank 58 current logical CPU: 62
Rank 59 running on computenode0
Rank 59 SLURM info: PROCID=59 LOCALID=59 NODEID=0
Rank 59 affinity mask: 86 
Rank 59 current logical CPU: 86
Rank 60 running on computenode0
Rank 60 SLURM info: PROCID=60 LOCALID=60 NODEID=0
Rank 60 affinity mask: 15 
Rank 60 current logical CPU: 15
Rank 61 running on computenode0
Rank 61 SLURM info: PROCID=61 LOCALID=61 NODEID=0
Rank 61 affinity mask: 39 
Rank 61 current logical CPU: 39
Rank 62 running on computenode0
Rank 62 SLURM info: PROCID=62 LOCALID=62 NODEID=0
Rank 62 affinity mask: 63 
Rank 62 current logical CPU: 63
Rank 63 running on computenode0
Rank 63 SLURM info: PROCID=63 LOCALID=63 NODEID=0
Rank 63 affinity mask: 87 
Rank 63 current logical CPU: 87
Rank 64 running on computenode0
Rank 64 SLURM info: PROCID=64 LOCALID=64 NODEID=0
Rank 64 affinity mask: 16 
Rank 64 current logical CPU: 16
Rank 65 running on computenode0
Rank 65 SLURM info: PROCID=65 LOCALID=65 NODEID=0
Rank 65 affinity mask: 40 
Rank 65 current logical CPU: 40
Rank 66 running on computenode0
Rank 66 SLURM info: PROCID=66 LOCALID=66 NODEID=0
Rank 66 affinity mask: 64 
Rank 66 current logical CPU: 64
Rank 67 running on computenode0
Rank 67 SLURM info: PROCID=67 LOCALID=67 NODEID=0
Rank 67 affinity mask: 88 
Rank 67 current logical CPU: 88
Rank 68 running on computenode0
Rank 68 SLURM info: PROCID=68 LOCALID=68 NODEID=0
Rank 68 affinity mask: 17 
Rank 68 current logical CPU: 17
Rank 69 running on computenode0
Rank 69 SLURM info: PROCID=69 LOCALID=69 NODEID=0
Rank 69 affinity mask: 41 
Rank 69 current logical CPU: 41
Rank 70 running on computenode0
Rank 70 SLURM info: PROCID=70 LOCALID=70 NODEID=0
Rank 70 affinity mask: 65 
Rank 70 current logical CPU: 65
Rank 71 running on computenode0
Rank 71 SLURM info: PROCID=71 LOCALID=71 NODEID=0
Rank 71 affinity mask: 89 
Rank 71 current logical CPU: 89
Rank 72 running on computenode0
Rank 72 SLURM info: PROCID=72 LOCALID=72 NODEID=0
Rank 72 affinity mask: 18 
Rank 72 current logical CPU: 18
Rank 73 running on computenode0
Rank 73 SLURM info: PROCID=73 LOCALID=73 NODEID=0
Rank 73 affinity mask: 42 
Rank 73 current logical CPU: 42
Rank 74 running on computenode0
Rank 74 SLURM info: PROCID=74 LOCALID=74 NODEID=0
Rank 74 affinity mask: 66 
Rank 74 current logical CPU: 66
Rank 75 running on computenode0
Rank 75 SLURM info: PROCID=75 LOCALID=75 NODEID=0
Rank 75 affinity mask: 90 
Rank 75 current logical CPU: 90
Rank 76 running on computenode0
Rank 76 SLURM info: PROCID=76 LOCALID=76 NODEID=0
Rank 76 affinity mask: 19 
Rank 76 current logical CPU: 19
Rank 77 running on computenode0
Rank 77 SLURM info: PROCID=77 LOCALID=77 NODEID=0
Rank 77 affinity mask: 43 
Rank 77 current logical CPU: 43
Rank 78 running on computenode0
Rank 78 SLURM info: PROCID=78 LOCALID=78 NODEID=0
Rank 78 affinity mask: 67 
Rank 78 current logical CPU: 67
Rank 79 running on computenode0
Rank 79 SLURM info: PROCID=79 LOCALID=79 NODEID=0
Rank 79 affinity mask: 91 
Rank 79 current logical CPU: 91
Rank 80 running on computenode0
Rank 80 SLURM info: PROCID=80 LOCALID=80 NODEID=0
Rank 80 affinity mask: 20 
Rank 80 current logical CPU: 20
Rank 81 running on computenode0
Rank 81 SLURM info: PROCID=81 LOCALID=81 NODEID=0
Rank 81 affinity mask: 44 
Rank 81 current logical CPU: 44
Rank 82 running on computenode0
Rank 82 SLURM info: PROCID=82 LOCALID=82 NODEID=0
Rank 82 affinity mask: 68 
Rank 82 current logical CPU: 68
Rank 83 running on computenode0
Rank 83 SLURM info: PROCID=83 LOCALID=83 NODEID=0
Rank 83 affinity mask: 92 
Rank 83 current logical CPU: 92
Rank 84 running on computenode0
Rank 84 SLURM info: PROCID=84 LOCALID=84 NODEID=0
Rank 84 affinity mask: 21 
Rank 84 current logical CPU: 21
Rank 85 running on computenode0
Rank 85 SLURM info: PROCID=85 LOCALID=85 NODEID=0
Rank 85 affinity mask: 45 
Rank 85 current logical CPU: 45
Rank 86 running on computenode0
Rank 86 SLURM info: PROCID=86 LOCALID=86 NODEID=0
Rank 86 affinity mask: 69 
Rank 86 current logical CPU: 69
Rank 87 running on computenode0
Rank 87 SLURM info: PROCID=87 LOCALID=87 NODEID=0
Rank 87 affinity mask: 93 
Rank 87 current logical CPU: 93
Rank 88 running on computenode0
Rank 88 SLURM info: PROCID=88 LOCALID=88 NODEID=0
Rank 88 affinity mask: 22 
Rank 88 current logical CPU: 22
Rank 89 running on computenode0
Rank 89 SLURM info: PROCID=89 LOCALID=89 NODEID=0
Rank 89 affinity mask: 46 
Rank 89 current logical CPU: 46
Rank 90 running on computenode0
Rank 90 SLURM info: PROCID=90 LOCALID=90 NODEID=0
Rank 90 affinity mask: 70 
Rank 90 current logical CPU: 70
Rank 91 running on computenode0
Rank 91 SLURM info: PROCID=91 LOCALID=91 NODEID=0
Rank 91 affinity mask: 94 
Rank 91 current logical CPU: 94
Rank 92 running on computenode0
Rank 92 SLURM info: PROCID=92 LOCALID=92 NODEID=0
Rank 92 affinity mask: 23 
Rank 92 current logical CPU: 23
Rank 93 running on computenode0
Rank 93 SLURM info: PROCID=93 LOCALID=93 NODEID=0
Rank 93 affinity mask: 47 
Rank 93 current logical CPU: 47
Rank 94 running on computenode0
Rank 94 SLURM info: PROCID=94 LOCALID=94 NODEID=0
Rank 94 affinity mask: 71 
Rank 94 current logical CPU: 71
Rank 95 running on computenode0
Rank 95 SLURM info: PROCID=95 LOCALID=95 NODEID=0
Rank 95 affinity mask: 95 
Rank 95 current logical CPU: 95

# MPI Ring Benchmark
#
# Configuration
#   MPI ranks        : 96
#   Max message size : 16777216 bytes
#   Warmup iterations: 20
#   Small iterations : 1000
#   Large iterations : 100
#   MPI_Wtick        : 1.000000000e-09 seconds
#
# Metrics
#   Exchange         : full ring exchange time
#   AggregateRingBW  : aggregate bandwidth across the ring
#
# Size(Bytes)	Exchange(us)	AggregateRingBW(MiB/s)
       1 bytes      1.95 us     46.90 MiB/s
       2 bytes      1.75 us    104.44 MiB/s
       4 bytes      1.66 us    220.39 MiB/s
       8 bytes      1.73 us    424.01 MiB/s
      16 bytes      1.76 us    830.61 MiB/s
      32 bytes      1.73 us   1697.19 MiB/s
      64 bytes      2.16 us   2717.89 MiB/s
     128 bytes      2.43 us   4814.28 MiB/s
     256 bytes      3.12 us   7507.34 MiB/s
     512 bytes      2.92 us  16047.91 MiB/s
    1024 bytes      8.64 us  10848.42 MiB/s
    2048 bytes      8.18 us  22929.31 MiB/s
    4096 bytes      8.74 us  42891.05 MiB/s
    8192 bytes      9.24 us  81174.14 MiB/s
   16384 bytes     10.30 us  145579.06 MiB/s
   32768 bytes     12.43 us  241411.97 MiB/s
   65536 bytes     18.11 us  331244.10 MiB/s
  131072 bytes     25.73 us  466454.53 MiB/s
  262144 bytes     47.07 us  509867.75 MiB/s
  524288 bytes     92.56 us  518576.55 MiB/s
 1048576 bytes    173.86 us  552176.19 MiB/s
 2097152 bytes   1003.10 us  191406.93 MiB/s
 4194304 bytes   3235.40 us  118687.07 MiB/s
 8388608 bytes   8561.47 us  89704.18 MiB/s
16777216 bytes  17583.97 us  87352.29 MiB/s
  Verification data:
    rank 0 : bw=87352.291 MiB/s  checksum=  1593835520  expected=  1593835520
    rank 1 : bw=87638.036 MiB/s  checksum=           0  expected=           0
    rank 2 : bw=87987.109 MiB/s  checksum=    16777216  expected=    16777216
    rank 3 : bw=88227.048 MiB/s  checksum=    33554432  expected=    33554432
    rank 4 : bw=88597.168 MiB/s  checksum=    50331648  expected=    50331648
    rank 5 : bw=88931.856 MiB/s  checksum=    67108864  expected=    67108864
    rank 6 : bw=89796.761 MiB/s  checksum=    83886080  expected=    83886080
    rank 7 : bw=90110.236 MiB/s  checksum=   100663296  expected=   100663296
    rank 8 : bw=91320.993 MiB/s  checksum=   117440512  expected=   117440512
    rank 9 : bw=91518.406 MiB/s  checksum=   134217728  expected=   134217728
    rank 10 : bw=91714.942 MiB/s  checksum=   150994944  expected=   150994944
    rank 11 : bw=92006.157 MiB/s  checksum=   167772160  expected=   167772160
    rank 12 : bw=93392.207 MiB/s  checksum=   184549376  expected=   184549376
    rank 13 : bw=93520.390 MiB/s  checksum=   201326592  expected=   201326592
    rank 14 : bw=94524.738 MiB/s  checksum=   218103808  expected=   218103808
    rank 15 : bw=94933.931 MiB/s  checksum=   234881024  expected=   234881024
    rank 16 : bw=95517.274 MiB/s  checksum=   251658240  expected=   251658240
    rank 17 : bw=95805.192 MiB/s  checksum=   268435456  expected=   268435456
    rank 18 : bw=95805.497 MiB/s  checksum=   285212672  expected=   285212672
    rank 19 : bw=96360.733 MiB/s  checksum=   301989888  expected=   301989888
    rank 20 : bw=97514.243 MiB/s  checksum=   318767104  expected=   318767104
    rank 21 : bw=98095.056 MiB/s  checksum=   335544320  expected=   335544320
    rank 22 : bw=98271.231 MiB/s  checksum=   352321536  expected=   352321536
    rank 23 : bw=98389.906 MiB/s  checksum=   369098752  expected=   369098752
    rank 24 : bw=100174.871 MiB/s  checksum=   385875968  expected=   385875968
    rank 25 : bw=100266.083 MiB/s  checksum=   402653184  expected=   402653184
    rank 26 : bw=100546.681 MiB/s  checksum=   419430400  expected=   419430400
    rank 27 : bw=101085.498 MiB/s  checksum=   436207616  expected=   436207616
    rank 28 : bw=101156.582 MiB/s  checksum=   452984832  expected=   452984832
    rank 29 : bw=101663.826 MiB/s  checksum=   469762048  expected=   469762048
    rank 30 : bw=103141.863 MiB/s  checksum=   486539264  expected=   486539264
    rank 31 : bw=104078.022 MiB/s  checksum=   503316480  expected=   503316480
    rank 32 : bw=104742.137 MiB/s  checksum=   520093696  expected=   520093696
    rank 33 : bw=104296.069 MiB/s  checksum=   536870912  expected=   536870912
    rank 34 : bw=103873.222 MiB/s  checksum=   553648128  expected=   553648128
    rank 35 : bw=103146.608 MiB/s  checksum=   570425344  expected=   570425344
    rank 36 : bw=102300.112 MiB/s  checksum=   587202560  expected=   587202560
    rank 37 : bw=101187.920 MiB/s  checksum=   603979776  expected=   603979776
    rank 38 : bw=100971.837 MiB/s  checksum=   620756992  expected=   620756992
    rank 39 : bw=100011.098 MiB/s  checksum=   637534208  expected=   637534208
    rank 40 : bw=99289.692 MiB/s  checksum=   654311424  expected=   654311424
    rank 41 : bw=97862.315 MiB/s  checksum=   671088640  expected=   671088640
    rank 42 : bw=97059.810 MiB/s  checksum=   687865856  expected=   687865856
    rank 43 : bw=96347.752 MiB/s  checksum=   704643072  expected=   704643072
    rank 44 : bw=95780.406 MiB/s  checksum=   721420288  expected=   721420288
    rank 45 : bw=94645.903 MiB/s  checksum=   738197504  expected=   738197504
    rank 46 : bw=94295.806 MiB/s  checksum=   754974720  expected=   754974720
    rank 47 : bw=93556.246 MiB/s  checksum=   771751936  expected=   771751936
    rank 48 : bw=93059.816 MiB/s  checksum=   788529152  expected=   788529152
    rank 49 : bw=92594.752 MiB/s  checksum=   805306368  expected=   805306368
    rank 50 : bw=92444.668 MiB/s  checksum=   822083584  expected=   822083584
    rank 51 : bw=91615.533 MiB/s  checksum=   838860800  expected=   838860800
    rank 52 : bw=91208.420 MiB/s  checksum=   855638016  expected=   855638016
    rank 53 : bw=90875.908 MiB/s  checksum=   872415232  expected=   872415232
    rank 54 : bw=90321.132 MiB/s  checksum=   889192448  expected=   889192448
    rank 55 : bw=89677.235 MiB/s  checksum=   905969664  expected=   905969664
    rank 56 : bw=89410.422 MiB/s  checksum=   922746880  expected=   922746880
    rank 57 : bw=89056.417 MiB/s  checksum=   939524096  expected=   939524096
    rank 58 : bw=88663.339 MiB/s  checksum=   956301312  expected=   956301312
    rank 59 : bw=88260.121 MiB/s  checksum=   973078528  expected=   973078528
    rank 60 : bw=87971.645 MiB/s  checksum=   989855744  expected=   989855744
    rank 61 : bw=87709.599 MiB/s  checksum=  1006632960  expected=  1006632960
    rank 62 : bw=87450.583 MiB/s  checksum=  1023410176  expected=  1023410176
    rank 63 : bw=87175.591 MiB/s  checksum=  1040187392  expected=  1040187392
    rank 64 : bw=86945.831 MiB/s  checksum=  1056964608  expected=  1056964608
    rank 65 : bw=86785.137 MiB/s  checksum=  1073741824  expected=  1073741824
    rank 66 : bw=86785.309 MiB/s  checksum=  1090519040  expected=  1090519040
    rank 67 : bw=86701.758 MiB/s  checksum=  1107296256  expected=  1107296256
    rank 68 : bw=86572.624 MiB/s  checksum=  1124073472  expected=  1124073472
    rank 69 : bw=86518.260 MiB/s  checksum=  1140850688  expected=  1140850688
    rank 70 : bw=86364.960 MiB/s  checksum=  1157627904  expected=  1157627904
    rank 71 : bw=86220.090 MiB/s  checksum=  1174405120  expected=  1174405120
    rank 72 : bw=86219.863 MiB/s  checksum=  1191182336  expected=  1191182336
    rank 73 : bw=86274.276 MiB/s  checksum=  1207959552  expected=  1207959552
    rank 74 : bw=86153.906 MiB/s  checksum=  1224736768  expected=  1224736768
    rank 75 : bw=86144.774 MiB/s  checksum=  1241513984  expected=  1241513984
    rank 76 : bw=86144.694 MiB/s  checksum=  1258291200  expected=  1258291200
    rank 77 : bw=86021.788 MiB/s  checksum=  1275068416  expected=  1275068416
    rank 78 : bw=86021.740 MiB/s  checksum=  1291845632  expected=  1291845632
    rank 79 : bw=86144.436 MiB/s  checksum=  1308622848  expected=  1308622848
    rank 80 : bw=86270.387 MiB/s  checksum=  1325400064  expected=  1325400064
    rank 81 : bw=86328.127 MiB/s  checksum=  1342177280  expected=  1342177280
    rank 82 : bw=86328.201 MiB/s  checksum=  1358954496  expected=  1358954496
    rank 83 : bw=86345.506 MiB/s  checksum=  1375731712  expected=  1375731712
    rank 84 : bw=86689.695 MiB/s  checksum=  1392508928  expected=  1392508928
    rank 85 : bw=86729.342 MiB/s  checksum=  1409286144  expected=  1409286144
    rank 86 : bw=86822.760 MiB/s  checksum=  1426063360  expected=  1426063360
    rank 87 : bw=86930.981 MiB/s  checksum=  1442840576  expected=  1442840576
    rank 88 : bw=87043.143 MiB/s  checksum=  1459617792  expected=  1459617792
    rank 89 : bw=87138.051 MiB/s  checksum=  1476395008  expected=  1476395008
    rank 90 : bw=87006.804 MiB/s  checksum=  1493172224  expected=  1493172224
    rank 91 : bw=86765.518 MiB/s  checksum=  1509949440  expected=  1509949440
    rank 92 : bw=86765.313 MiB/s  checksum=  1526726656  expected=  1526726656
    rank 93 : bw=86993.159 MiB/s  checksum=  1543503872  expected=  1543503872
    rank 94 : bw=87066.521 MiB/s  checksum=  1560281088  expected=  1560281088
    rank 95 : bw=87166.792 MiB/s  checksum=  1577058304  expected=  1577058304

========================================
 DONE
========================================
