Tasks: 2
Nodes: 1
Binary: /.../mpi-benchmarks/build/bin/example_02_pingpong
=== NUMA topology ===
node0
available: 4 nodes (0-3)
node 0 cpus: 0 1 2 3 4 5 6 7 8 9 10 11 12 13 14 15 16 17 18 19 20 21 22 23 96 97 98 99 100 101 102 103 104 105 106 107 108 109 110 111 112 113 114 115 116 117 118 119
node 0 size: 127778 MB
node 0 free: 80464 MB
node 1 cpus: 24 25 26 27 28 29 30 31 32 33 34 35 36 37 38 39 40 41 42 43 44 45 46 47 120 121 122 123 124 125 126 127 128 129 130 131 132 133 134 135 136 137 138 139 140 141 142 143
node 1 size: 128719 MB
node 1 free: 122320 MB
node 2 cpus: 48 49 50 51 52 53 54 55 56 57 58 59 60 61 62 63 64 65 66 67 68 69 70 71 144 145 146 147 148 149 150 151 152 153 154 155 156 157 158 159 160 161 162 163 164 165 166 167
node 2 size: 128719 MB
node 2 free: 123233 MB
node 3 cpus: 72 73 74 75 76 77 78 79 80 81 82 83 84 85 86 87 88 89 90 91 92 93 94 95 168 169 170 171 172 173 174 175 176 177 178 179 180 181 182 183 184 185 186 187 188 189 190 191
node 3 size: 128706 MB
node 3 free: 111153 MB
node distances:
node     0    1    2    3 
   0:   10   32   32   32 
   1:   32   10   32   32 
   2:   32   32   10   32 
   3:   32   32   32   10 

==============================
 1) DEFAULT
==============================
Rank 0 running on node0
Rank 0 SLURM info: PROCID=0 LOCALID=0 NODEID=0
Rank 0 affinity mask: 0 
Rank 0 current logical CPU: 0
Rank 1 running on node0
Rank 1 SLURM info: PROCID=1 LOCALID=1 NODEID=0
Rank 1 affinity mask: 24 
Rank 1 current logical CPU: 24

# MPI Ping-Pong Benchmark
#
# Configuration
#   Max message size : 16777216 bytes
#   Warmup iterations: 20
#   Small iterations : 1000
#   Large iterations : 100
#   MPI_Wtick        : 1.000000000e-09 seconds
#
# Metrics
#   Latency          : one-way latency
#   EffectiveBW      : effective bandwidth
#
# Size(Bytes)	Latency(us)	EffectiveBW(MiB/s)
       1 bytes      0.66 us      1.45 MiB/s
       2 bytes      0.63 us      3.01 MiB/s
       4 bytes      0.64 us      5.97 MiB/s
       8 bytes      0.64 us     11.83 MiB/s
      16 bytes      0.62 us     24.57 MiB/s
      32 bytes      0.62 us     48.93 MiB/s
      64 bytes      0.75 us     81.92 MiB/s
     128 bytes      0.86 us    142.13 MiB/s
     256 bytes      1.02 us    239.24 MiB/s
     512 bytes      0.90 us    540.86 MiB/s
    1024 bytes      3.36 us    290.90 MiB/s
    2048 bytes      3.29 us    593.00 MiB/s
    4096 bytes      3.42 us   1140.89 MiB/s
    8192 bytes      3.49 us   2236.62 MiB/s
   16384 bytes      3.50 us   4464.33 MiB/s
   32768 bytes      4.12 us   7588.79 MiB/s
   65536 bytes      5.28 us  11834.04 MiB/s
  131072 bytes      7.14 us  17498.72 MiB/s
  262144 bytes     13.88 us  18005.36 MiB/s
  524288 bytes     17.65 us  28321.43 MiB/s
 1048576 bytes     29.68 us  33696.28 MiB/s
 2097152 bytes     51.33 us  38960.68 MiB/s
 4194304 bytes     95.24 us  41997.45 MiB/s
 8388608 bytes    191.86 us  41696.84 MiB/s
16777216 bytes    840.71 us  19031.55 MiB/s

==============================
 2) CORE binding
==============================
Rank 0 running on node0
Rank 0 SLURM info: PROCID=0 LOCALID=0 NODEID=0
Rank 0 affinity mask: 0 96 
Rank 0 current logical CPU: 0
Rank 1 running on node0
Rank 1 SLURM info: PROCID=1 LOCALID=1 NODEID=0
Rank 1 affinity mask: 24 120 
Rank 1 current logical CPU: 24

# MPI Ping-Pong Benchmark
#
# Configuration
#   Max message size : 16777216 bytes
#   Warmup iterations: 20
#   Small iterations : 1000
#   Large iterations : 100
#   MPI_Wtick        : 1.000000000e-09 seconds
#
# Metrics
#   Latency          : one-way latency
#   Throughput       : round-trip throughput
#
# Size(Bytes)	Latency(us)	EffectiveBW(MiB/s)
       1 bytes      0.65 us      1.46 MiB/s
       2 bytes      0.59 us      3.22 MiB/s
       4 bytes      0.59 us      6.51 MiB/s
       8 bytes      0.54 us     14.21 MiB/s
      16 bytes      0.53 us     28.69 MiB/s
      32 bytes      0.58 us     52.59 MiB/s
      64 bytes      0.69 us     87.84 MiB/s
     128 bytes      0.80 us    153.48 MiB/s
     256 bytes      1.01 us    241.22 MiB/s
     512 bytes      0.83 us    586.64 MiB/s
    1024 bytes      3.12 us    312.73 MiB/s
    2048 bytes      3.19 us    611.82 MiB/s
    4096 bytes      3.30 us   1185.43 MiB/s
    8192 bytes      3.53 us   2215.88 MiB/s
   16384 bytes      3.56 us   4394.28 MiB/s
   32768 bytes      4.02 us   7774.38 MiB/s
   65536 bytes      5.07 us  12316.07 MiB/s
  131072 bytes      7.20 us  17351.41 MiB/s
  262144 bytes     11.33 us  22055.77 MiB/s
  524288 bytes     21.66 us  23079.62 MiB/s
 1048576 bytes     37.03 us  27007.98 MiB/s
 2097152 bytes     58.29 us  34309.12 MiB/s
 4194304 bytes    107.30 us  37277.95 MiB/s
 8388608 bytes    198.14 us  40374.90 MiB/s
16777216 bytes    818.68 us  19543.54 MiB/s

==============================
 3) SOCKET binding
==============================
Rank 0 running on node0
Rank 0 SLURM info: PROCID=0 LOCALID=0 NODEID=0
Rank 0 affinity mask: 0 1 2 3 4 5 6 7 8 9 10 11 12 13 14 15 16 17 18 19 20 21 22 23 96 97 98 99 100 101 102 103 104 105 106 107 108 109 110 111 112 113 114 115 116 117 118 119 
Rank 0 current logical CPU: 0
Rank 1 running on node0
Rank 1 SLURM info: PROCID=1 LOCALID=1 NODEID=0
Rank 1 affinity mask: 24 25 26 27 28 29 30 31 32 33 34 35 36 37 38 39 40 41 42 43 44 45 46 47 120 121 122 123 124 125 126 127 128 129 130 131 132 133 134 135 136 137 138 139 140 141 142 143 
Rank 1 current logical CPU: 131

# MPI Ping-Pong Benchmark
#
# Configuration
#   Max message size : 16777216 bytes
#   Warmup iterations: 20
#   Small iterations : 1000
#   Large iterations : 100
#   MPI_Wtick        : 1.000000000e-09 seconds
#
# Metrics
#   Latency          : one-way latency
#   Throughput       : round-trip throughput
#
# Size(Bytes)	Latency(us)	EffectiveBW(MiB/s)
       1 bytes      0.68 us      1.40 MiB/s
       2 bytes      0.66 us      2.91 MiB/s
       4 bytes      0.65 us      5.87 MiB/s
       8 bytes      0.66 us     11.59 MiB/s
      16 bytes      0.66 us     23.18 MiB/s
      32 bytes      0.66 us     46.36 MiB/s
      64 bytes      0.73 us     83.35 MiB/s
     128 bytes      0.85 us    143.80 MiB/s
     256 bytes      1.06 us    229.71 MiB/s
     512 bytes      0.89 us    546.18 MiB/s
    1024 bytes      3.01 us    324.03 MiB/s
    2048 bytes      3.11 us    627.99 MiB/s
    4096 bytes      3.22 us   1212.85 MiB/s
    8192 bytes      3.35 us   2333.29 MiB/s
   16384 bytes      3.50 us   4464.91 MiB/s
   32768 bytes      3.87 us   8068.55 MiB/s
   65536 bytes      4.93 us  12675.76 MiB/s
  131072 bytes      7.43 us  16818.07 MiB/s
  262144 bytes     15.52 us  16105.74 MiB/s
  524288 bytes     22.50 us  22224.85 MiB/s
 1048576 bytes     38.60 us  25906.73 MiB/s
 2097152 bytes     61.93 us  32293.82 MiB/s
 4194304 bytes    107.49 us  37213.32 MiB/s
 8388608 bytes    198.68 us  40266.34 MiB/s
16777216 bytes    834.19 us  19180.35 MiB/s

==============================
 4) NUMA (LDOM) binding
==============================
Rank 0 running on node0
Rank 0 SLURM info: PROCID=0 LOCALID=0 NODEID=0
Rank 0 affinity mask: 0 1 2 3 4 5 6 7 8 9 10 11 12 13 14 15 16 17 18 19 20 21 22 23 96 97 98 99 100 101 102 103 104 105 106 107 108 109 110 111 112 113 114 115 116 117 118 119 
Rank 0 current logical CPU: 0
Rank 1 running on node0
Rank 1 SLURM info: PROCID=1 LOCALID=1 NODEID=0
Rank 1 affinity mask: 24 25 26 27 28 29 30 31 32 33 34 35 36 37 38 39 40 41 42 43 44 45 46 47 120 121 122 123 124 125 126 127 128 129 130 131 132 133 134 135 136 137 138 139 140 141 142 143 
Rank 1 current logical CPU: 133

# MPI Ping-Pong Benchmark
#
# Configuration
#   Max message size : 16777216 bytes
#   Warmup iterations: 20
#   Small iterations : 1000
#   Large iterations : 100
#   MPI_Wtick        : 1.000000000e-09 seconds
#
# Metrics
#   Latency          : one-way latency
#   Throughput       : round-trip throughput
#
# Size(Bytes)	Latency(us)	EffectiveBW(MiB/s)
       1 bytes      0.68 us      1.40 MiB/s
       2 bytes      0.67 us      2.84 MiB/s
       4 bytes      0.67 us      5.71 MiB/s
       8 bytes      0.65 us     11.68 MiB/s
      16 bytes      0.67 us     22.92 MiB/s
      32 bytes      0.67 us     45.79 MiB/s
      64 bytes      0.75 us     81.17 MiB/s
     128 bytes      0.83 us    147.39 MiB/s
     256 bytes      1.05 us    231.97 MiB/s
     512 bytes      0.90 us    539.61 MiB/s
    1024 bytes      2.91 us    335.72 MiB/s
    2048 bytes      3.01 us    648.06 MiB/s
    4096 bytes      3.13 us   1246.73 MiB/s
    8192 bytes      3.28 us   2380.87 MiB/s
   16384 bytes      3.32 us   4708.51 MiB/s
   32768 bytes      3.82 us   8174.28 MiB/s
   65536 bytes      4.83 us  12934.42 MiB/s
  131072 bytes      6.89 us  18150.60 MiB/s
  262144 bytes     11.35 us  22017.71 MiB/s
  524288 bytes     20.93 us  23894.31 MiB/s
 1048576 bytes     40.80 us  24507.12 MiB/s
 2097152 bytes     73.29 us  27288.11 MiB/s
 4194304 bytes    119.71 us  33415.21 MiB/s
 8388608 bytes    211.72 us  37785.99 MiB/s
16777216 bytes    814.56 us  19642.53 MiB/s

==============================
 5) RANK-AWARE NUMA
==============================
Rank 0 running on node0
Rank 0 SLURM info: PROCID=0 LOCALID=0 NODEID=0
Rank 0 affinity mask: 0 1 2 3 4 5 6 7 8 9 10 11 12 13 14 15 16 17 18 19 20 21 22 23 96 97 98 99 100 101 102 103 104 105 106 107 108 109 110 111 112 113 114 115 116 117 118 119 
Rank 0 current logical CPU: 0
Rank 1 running on node0
Rank 1 SLURM info: PROCID=1 LOCALID=1 NODEID=0
Rank 1 affinity mask: 24 25 26 27 28 29 30 31 32 33 34 35 36 37 38 39 40 41 42 43 44 45 46 47 120 121 122 123 124 125 126 127 128 129 130 131 132 133 134 135 136 137 138 139 140 141 142 143 
Rank 1 current logical CPU: 130

# MPI Ping-Pong Benchmark
#
# Configuration
#   Max message size : 16777216 bytes
#   Warmup iterations: 20
#   Small iterations : 1000
#   Large iterations : 100
#   MPI_Wtick        : 1.000000000e-09 seconds
#
# Metrics
#   Latency          : one-way latency
#   Throughput       : round-trip throughput
#
# Size(Bytes)	Latency(us)	EffectiveBW(MiB/s)
       1 bytes      0.68 us      1.41 MiB/s
       2 bytes      0.65 us      2.93 MiB/s
       4 bytes      0.67 us      5.71 MiB/s
       8 bytes      0.65 us     11.70 MiB/s
      16 bytes      0.65 us     23.31 MiB/s
      32 bytes      0.65 us     47.14 MiB/s
      64 bytes      0.70 us     87.50 MiB/s
     128 bytes      0.83 us    147.49 MiB/s
     256 bytes      1.05 us    231.46 MiB/s
     512 bytes      0.85 us    572.90 MiB/s
    1024 bytes      2.82 us    345.99 MiB/s
    2048 bytes      2.91 us    671.56 MiB/s
    4096 bytes      3.05 us   1281.79 MiB/s
    8192 bytes      3.18 us   2455.01 MiB/s
   16384 bytes      3.25 us   4802.80 MiB/s
   32768 bytes      3.72 us   8409.21 MiB/s
   65536 bytes      5.01 us  12470.77 MiB/s
  131072 bytes      6.91 us  18096.85 MiB/s
  262144 bytes     11.00 us  22727.39 MiB/s
  524288 bytes     20.60 us  24268.03 MiB/s
 1048576 bytes     40.92 us  24439.68 MiB/s
 2097152 bytes     66.68 us  29992.38 MiB/s
 4194304 bytes    112.84 us  35447.50 MiB/s
 8388608 bytes    205.02 us  39020.82 MiB/s
16777216 bytes    805.30 us  19868.27 MiB/s

========================================
 DONE
========================================
