Tasks: 2
Nodes: 2
Binary: /.../mpi-benchmarks/build/bin/example_02_pingpong
=== NUMA topology ===
node0
available: 4 nodes (0-3)
node 0 cpus: 0 1 2 3 4 5 6 7 8 9 10 11 12 13 14 15 16 17 18 19 20 21 22 23 96 97 98 99 100 101 102 103 104 105 106 107 108 109 110 111 112 113 114 115 116 117 118 119
node 0 size: 127778 MB
node 0 free: 80468 MB
node 1 cpus: 24 25 26 27 28 29 30 31 32 33 34 35 36 37 38 39 40 41 42 43 44 45 46 47 120 121 122 123 124 125 126 127 128 129 130 131 132 133 134 135 136 137 138 139 140 141 142 143
node 1 size: 128719 MB
node 1 free: 122319 MB
node 2 cpus: 48 49 50 51 52 53 54 55 56 57 58 59 60 61 62 63 64 65 66 67 68 69 70 71 144 145 146 147 148 149 150 151 152 153 154 155 156 157 158 159 160 161 162 163 164 165 166 167
node 2 size: 128719 MB
node 2 free: 123231 MB
node 3 cpus: 72 73 74 75 76 77 78 79 80 81 82 83 84 85 86 87 88 89 90 91 92 93 94 95 168 169 170 171 172 173 174 175 176 177 178 179 180 181 182 183 184 185 186 187 188 189 190 191
node 3 size: 128706 MB
node 3 free: 111150 MB
node distances:
node     0    1    2    3 
   0:   10   32   32   32 
   1:   32   10   32   32 
   2:   32   32   10   32 
   3:   32   32   32   10 
node1
available: 4 nodes (0-3)
node 0 cpus: 0 1 2 3 4 5 6 7 8 9 10 11 12 13 14 15 16 17 18 19 20 21 22 23 96 97 98 99 100 101 102 103 104 105 106 107 108 109 110 111 112 113 114 115 116 117 118 119
node 0 size: 127823 MB
node 0 free: 107239 MB
node 1 cpus: 24 25 26 27 28 29 30 31 32 33 34 35 36 37 38 39 40 41 42 43 44 45 46 47 120 121 122 123 124 125 126 127 128 129 130 131 132 133 134 135 136 137 138 139 140 141 142 143
node 1 size: 128719 MB
node 1 free: 122641 MB
node 2 cpus: 48 49 50 51 52 53 54 55 56 57 58 59 60 61 62 63 64 65 66 67 68 69 70 71 144 145 146 147 148 149 150 151 152 153 154 155 156 157 158 159 160 161 162 163 164 165 166 167
node 2 size: 128674 MB
node 2 free: 127372 MB
node 3 cpus: 72 73 74 75 76 77 78 79 80 81 82 83 84 85 86 87 88 89 90 91 92 93 94 95 168 169 170 171 172 173 174 175 176 177 178 179 180 181 182 183 184 185 186 187 188 189 190 191
node 3 size: 128706 MB
node 3 free: 127239 MB
node distances:
node     0    1    2    3 
   0:   10   32   32   32 
   1:   32   10   32   32 
   2:   32   32   10   32 
   3:   32   32   32   10 

==============================
 1) DEFAULT
==============================
Rank 0 running on node0
Rank 0 SLURM info: PROCID=0 LOCALID=0 NODEID=0
Rank 0 affinity mask: 0 
Rank 0 current logical CPU: 0
Rank 1 running on node1
Rank 1 SLURM info: PROCID=1 LOCALID=0 NODEID=1
Rank 1 affinity mask: 0 
Rank 1 current logical CPU: 0

# MPI Ping-Pong Benchmark
#
# Configuration
#   Max message size : 16777216 bytes
#   Warmup iterations: 20
#   Small iterations : 1000
#   Large iterations : 100
#   MPI_Wtick        : 1.000000000e-09 seconds
#
# Metrics
#   Latency          : one-way latency
#   Throughput       : round-trip throughput
#
# Size(Bytes)	Latency(us)	EffectiveBW(MiB/s)
       1 bytes      1.66 us      0.58 MiB/s
       2 bytes      1.60 us      1.19 MiB/s
       4 bytes      1.68 us      2.27 MiB/s
       8 bytes      1.60 us      4.75 MiB/s
      16 bytes      1.60 us      9.51 MiB/s
      32 bytes      1.55 us     19.71 MiB/s
      64 bytes      1.58 us     38.59 MiB/s
     128 bytes      1.61 us     75.90 MiB/s
     256 bytes      2.10 us    116.19 MiB/s
     512 bytes      2.10 us    232.06 MiB/s
    1024 bytes      2.13 us    457.93 MiB/s
    2048 bytes      2.18 us    895.21 MiB/s
    4096 bytes      2.37 us   1649.25 MiB/s
    8192 bytes      2.44 us   3208.02 MiB/s
   16384 bytes      2.76 us   5669.11 MiB/s
   32768 bytes      4.46 us   7007.56 MiB/s
   65536 bytes      5.28 us  11836.96 MiB/s
  131072 bytes      6.68 us  18701.17 MiB/s
  262144 bytes     10.08 us  24803.95 MiB/s
  524288 bytes     15.45 us  32354.47 MiB/s
 1048576 bytes     26.95 us  37106.77 MiB/s
 2097152 bytes     49.41 us  40476.49 MiB/s
 4194304 bytes     94.26 us  42436.66 MiB/s
 8388608 bytes    183.95 us  43489.18 MiB/s
16777216 bytes    363.87 us  43971.37 MiB/s

==============================
 2) CORE binding
==============================
Rank 0 running on node0
Rank 0 SLURM info: PROCID=0 LOCALID=0 NODEID=0
Rank 0 affinity mask: 0 96 
Rank 0 current logical CPU: 0
Rank 1 running on node1
Rank 1 SLURM info: PROCID=1 LOCALID=0 NODEID=1
Rank 1 affinity mask: 0 96 
Rank 1 current logical CPU: 0

# MPI Ping-Pong Benchmark
#
# Configuration
#   Max message size : 16777216 bytes
#   Warmup iterations: 20
#   Small iterations : 1000
#   Large iterations : 100
#   MPI_Wtick        : 1.000000000e-09 seconds
#
# Metrics
#   Latency          : one-way latency
#   EffectiveBW      : effective bandwidth
#
# Size(Bytes)	Latency(us)	EffectiveBW(MiB/s)
       1 bytes      1.67 us      0.57 MiB/s
       2 bytes      1.67 us      1.15 MiB/s
       4 bytes      1.70 us      2.24 MiB/s
       8 bytes      1.71 us      4.46 MiB/s
      16 bytes      1.60 us      9.55 MiB/s
      32 bytes      1.65 us     18.50 MiB/s
      64 bytes      1.62 us     37.67 MiB/s
     128 bytes      1.71 us     71.20 MiB/s
     256 bytes      2.11 us    115.95 MiB/s
     512 bytes      2.16 us    226.02 MiB/s
    1024 bytes      2.17 us    449.06 MiB/s
    2048 bytes      2.23 us    874.30 MiB/s
    4096 bytes      2.26 us   1729.66 MiB/s
    8192 bytes      2.46 us   3175.48 MiB/s
   16384 bytes      2.80 us   5574.96 MiB/s
   32768 bytes      4.51 us   6934.71 MiB/s
   65536 bytes      5.30 us  11793.97 MiB/s
  131072 bytes      7.03 us  17784.03 MiB/s
  262144 bytes     10.21 us  24474.68 MiB/s
  524288 bytes     15.83 us  31587.96 MiB/s
 1048576 bytes     26.89 us  37186.87 MiB/s
 2097152 bytes     49.36 us  40517.65 MiB/s
 4194304 bytes     94.33 us  42403.10 MiB/s
 8388608 bytes    183.99 us  43481.04 MiB/s
16777216 bytes    364.13 us  43940.68 MiB/s

==============================
 3) SOCKET binding
==============================
Rank 0 running on node0
Rank 0 SLURM info: PROCID=0 LOCALID=0 NODEID=0
Rank 0 affinity mask: 0 1 2 3 4 5 6 7 8 9 10 11 12 13 14 15 16 17 18 19 20 21 22 23 96 97 98 99 100 101 102 103 104 105 106 107 108 109 110 111 112 113 114 115 116 117 118 119 
Rank 0 current logical CPU: 21
Rank 1 running on node1
Rank 1 SLURM info: PROCID=1 LOCALID=0 NODEID=1
Rank 1 affinity mask: 0 1 2 3 4 5 6 7 8 9 10 11 12 13 14 15 16 17 18 19 20 21 22 23 96 97 98 99 100 101 102 103 104 105 106 107 108 109 110 111 112 113 114 115 116 117 118 119 
Rank 1 current logical CPU: 0

# MPI Ping-Pong Benchmark
#
# Configuration
#   Max message size : 16777216 bytes
#   Warmup iterations: 20
#   Small iterations : 1000
#   Large iterations : 100
#   MPI_Wtick        : 1.000000000e-09 seconds
#
# Metrics
#   Latency          : one-way latency
#   Throughput       : round-trip throughput
#
# Size(Bytes)	Latency(us)	EffectiveBW(MiB/s)
       1 bytes      1.65 us      0.58 MiB/s
       2 bytes      1.72 us      1.11 MiB/s
       4 bytes      1.65 us      2.32 MiB/s
       8 bytes      1.83 us      4.16 MiB/s
      16 bytes      1.60 us      9.55 MiB/s
      32 bytes      1.62 us     18.89 MiB/s
      64 bytes      1.61 us     37.94 MiB/s
     128 bytes      1.66 us     73.44 MiB/s
     256 bytes      2.09 us    116.61 MiB/s
     512 bytes      2.09 us    234.02 MiB/s
    1024 bytes      2.14 us    457.11 MiB/s
    2048 bytes      2.21 us    884.52 MiB/s
    4096 bytes      2.21 us   1764.61 MiB/s
    8192 bytes      2.43 us   3218.84 MiB/s
   16384 bytes      2.71 us   5763.64 MiB/s
   32768 bytes      4.54 us   6883.15 MiB/s
   65536 bytes      5.25 us  11903.23 MiB/s
  131072 bytes      6.80 us  18374.84 MiB/s
  262144 bytes     10.05 us  24875.15 MiB/s
  524288 bytes     15.59 us  32070.88 MiB/s
 1048576 bytes     26.96 us  37095.48 MiB/s
 2097152 bytes     49.57 us  40348.69 MiB/s
 4194304 bytes     94.26 us  42434.81 MiB/s
 8388608 bytes    183.96 us  43487.21 MiB/s
16777216 bytes    363.91 us  43967.34 MiB/s

==============================
 4) NUMA (LDOM) binding
==============================
Rank 0 running on node0
Rank 0 SLURM info: PROCID=0 LOCALID=0 NODEID=0
Rank 0 affinity mask: 0 1 2 3 4 5 6 7 8 9 10 11 12 13 14 15 16 17 18 19 20 21 22 23 96 97 98 99 100 101 102 103 104 105 106 107 108 109 110 111 112 113 114 115 116 117 118 119 
Rank 0 current logical CPU: 0
Rank 1 running on node1
Rank 1 SLURM info: PROCID=1 LOCALID=0 NODEID=1
Rank 1 affinity mask: 0 1 2 3 4 5 6 7 8 9 10 11 12 13 14 15 16 17 18 19 20 21 22 23 96 97 98 99 100 101 102 103 104 105 106 107 108 109 110 111 112 113 114 115 116 117 118 119 
Rank 1 current logical CPU: 0

# MPI Ping-Pong Benchmark
#
# Configuration
#   Max message size : 16777216 bytes
#   Warmup iterations: 20
#   Small iterations : 1000
#   Large iterations : 100
#   MPI_Wtick        : 1.000000000e-09 seconds
#
# Metrics
#   Latency          : one-way latency
#   Throughput       : round-trip throughput
#
# Size(Bytes)	Latency(us)	EffectiveBW(MiB/s)
       1 bytes      1.53 us      0.62 MiB/s
       2 bytes      1.60 us      1.19 MiB/s
       4 bytes      1.81 us      2.11 MiB/s
       8 bytes      1.54 us      4.94 MiB/s
      16 bytes      1.55 us      9.87 MiB/s
      32 bytes      1.53 us     19.96 MiB/s
      64 bytes      1.52 us     40.22 MiB/s
     128 bytes      1.58 us     77.30 MiB/s
     256 bytes      2.26 us    108.20 MiB/s
     512 bytes      2.07 us    235.58 MiB/s
    1024 bytes      2.06 us    474.34 MiB/s
    2048 bytes      2.13 us    915.13 MiB/s
    4096 bytes      2.22 us   1757.10 MiB/s
    8192 bytes      2.36 us   3312.23 MiB/s
   16384 bytes      2.71 us   5771.52 MiB/s
   32768 bytes      4.48 us   6977.36 MiB/s
   65536 bytes      5.21 us  11988.18 MiB/s
  131072 bytes      6.76 us  18481.06 MiB/s
  262144 bytes     10.03 us  24916.18 MiB/s
  524288 bytes     15.82 us  31612.63 MiB/s
 1048576 bytes     27.03 us  36996.40 MiB/s
 2097152 bytes     49.26 us  40602.95 MiB/s
 4194304 bytes     95.78 us  41761.68 MiB/s
 8388608 bytes    184.11 us  43452.79 MiB/s
16777216 bytes    363.89 us  43969.37 MiB/s

==============================
 5) RANK-AWARE NUMA
==============================
Rank 0 running on node0
Rank 0 SLURM info: PROCID=0 LOCALID=0 NODEID=0
Rank 0 affinity mask: 0 1 2 3 4 5 6 7 8 9 10 11 12 13 14 15 16 17 18 19 20 21 22 23 96 97 98 99 100 101 102 103 104 105 106 107 108 109 110 111 112 113 114 115 116 117 118 119 
Rank 0 current logical CPU: 0
Rank 1 running on node1
Rank 1 SLURM info: PROCID=1 LOCALID=0 NODEID=1
Rank 1 affinity mask: 0 1 2 3 4 5 6 7 8 9 10 11 12 13 14 15 16 17 18 19 20 21 22 23 96 97 98 99 100 101 102 103 104 105 106 107 108 109 110 111 112 113 114 115 116 117 118 119 
Rank 1 current logical CPU: 0

# MPI Ping-Pong Benchmark
#
# Configuration
#   Max message size : 16777216 bytes
#   Warmup iterations: 20
#   Small iterations : 1000
#   Large iterations : 100
#   MPI_Wtick        : 1.000000000e-09 seconds
#
# Metrics
#   Latency          : one-way latency
#   Throughput       : round-trip throughput
#
# Size(Bytes)	Latency(us)	EffectiveBW(MiB/s)
       1 bytes      1.65 us      0.58 MiB/s
       2 bytes      1.66 us      1.15 MiB/s
       4 bytes      1.73 us      2.21 MiB/s
       8 bytes      1.65 us      4.61 MiB/s
      16 bytes      1.60 us      9.53 MiB/s
      32 bytes      1.75 us     17.47 MiB/s
      64 bytes      1.56 us     39.20 MiB/s
     128 bytes      1.64 us     74.23 MiB/s
     256 bytes      2.08 us    117.50 MiB/s
     512 bytes      2.07 us    235.48 MiB/s
    1024 bytes      2.10 us    465.09 MiB/s
    2048 bytes      2.18 us    897.58 MiB/s
    4096 bytes      2.24 us   1740.93 MiB/s
    8192 bytes      2.41 us   3240.54 MiB/s
   16384 bytes      2.71 us   5763.84 MiB/s
   32768 bytes      4.43 us   7051.68 MiB/s
   65536 bytes      5.22 us  11968.54 MiB/s
  131072 bytes      6.64 us  18836.86 MiB/s
  262144 bytes      9.78 us  25556.65 MiB/s
  524288 bytes     15.32 us  32638.43 MiB/s
 1048576 bytes     26.64 us  37531.96 MiB/s
 2097152 bytes     49.19 us  40661.77 MiB/s
 4194304 bytes     95.30 us  41972.59 MiB/s
 8388608 bytes    183.72 us  43544.00 MiB/s
16777216 bytes    363.77 us  43984.02 MiB/s

========================================
 DONE
========================================
