Nodes               : 1
NUMA domains        : 4
Physical cores      : 96
Physical cores/NUMA : 24
RANKS_LIST          : 2 4 8 16 24 48 72 96
Binary              : /.../mpi-benchmarks/build/bin/example_04_broadcast
=== NUMA topology ===
computenode0
available: 4 nodes (0-3)
node 0 cpus: 0 1 2 3 4 5 6 7 8 9 10 11 12 13 14 15 16 17 18 19 20 21 22 23 96 97 98 99 100 101 102 103 104 105 106 107 108 109 110 111 112 113 114 115 116 117 118 119
node 0 size: 127767 MB
node 0 free: 29456 MB
node 1 cpus: 24 25 26 27 28 29 30 31 32 33 34 35 36 37 38 39 40 41 42 43 44 45 46 47 120 121 122 123 124 125 126 127 128 129 130 131 132 133 134 135 136 137 138 139 140 141 142 143
node 1 size: 128719 MB
node 1 free: 107746 MB
node 2 cpus: 48 49 50 51 52 53 54 55 56 57 58 59 60 61 62 63 64 65 66 67 68 69 70 71 144 145 146 147 148 149 150 151 152 153 154 155 156 157 158 159 160 161 162 163 164 165 166 167
node 2 size: 128719 MB
node 2 free: 106945 MB
node 3 cpus: 72 73 74 75 76 77 78 79 80 81 82 83 84 85 86 87 88 89 90 91 92 93 94 95 168 169 170 171 172 173 174 175 176 177 178 179 180 181 182 183 184 185 186 187 188 189 190 191
node 3 size: 128706 MB
node 3 free: 107964 MB
node distances:
node     0    1    2    3 
   0:   10   32   32   32 
   1:   32   10   32   32 
   2:   32   32   10   32 
   3:   32   32   32   10 

====================================================
 MPI Ranks: 2
====================================================
Rank 0 running on computenode0
Rank 0 SLURM info: PROCID=0 LOCALID=0 NODEID=0
Rank 0 affinity mask: 0 
Rank 0 current logical CPU: 0
Rank 1 running on computenode0
Rank 1 SLURM info: PROCID=1 LOCALID=1 NODEID=0
Rank 1 affinity mask: 24 
Rank 1 current logical CPU: 24

# MPI Broadcast Benchmark
#
# Configuration
#   MPI ranks        : 2
#   Max message size : 16777216 bytes
#   Warmup iterations: 20
#   Small iterations : 1000
#   Large iterations : 100
#   MPI_Wtick        : 1.000000000e-09 seconds
#
# Metrics
#   Broadcast        : average per-iteration time of the slowest MPI rank
#   EffectiveBW      : aggregate data volume delivered to non-root ranks per unit time
#
# Size(Bytes)	Broadcast(us)	EffectiveBW(MiB/s)
       1 bytes      0.67 us      1.43 MiB/s
       2 bytes      0.66 us      2.88 MiB/s
       4 bytes      0.67 us      5.69 MiB/s
       8 bytes      0.67 us     11.43 MiB/s
      16 bytes      0.66 us     23.09 MiB/s
      32 bytes      0.67 us     45.55 MiB/s
      64 bytes      0.66 us     92.45 MiB/s
     128 bytes      0.67 us    183.05 MiB/s
     256 bytes      0.67 us    364.78 MiB/s
     512 bytes      1.62 us    301.85 MiB/s
    1024 bytes      4.63 us    210.73 MiB/s
    2048 bytes      4.69 us    416.55 MiB/s
    4096 bytes      4.90 us    797.22 MiB/s
    8192 bytes      5.02 us   1557.72 MiB/s
   16384 bytes      5.63 us   2774.61 MiB/s
   32768 bytes      6.60 us   4737.12 MiB/s
   65536 bytes      8.75 us   7143.96 MiB/s
  131072 bytes     13.14 us   9511.64 MiB/s
  262144 bytes     30.77 us   8124.72 MiB/s
  524288 bytes     56.80 us   8802.55 MiB/s
 1048576 bytes     77.93 us  12832.73 MiB/s
 2097152 bytes    144.73 us  13819.17 MiB/s
 4194304 bytes    220.61 us  18131.69 MiB/s
 8388608 bytes    378.17 us  21154.73 MiB/s
16777216 bytes   1421.48 us  11255.90 MiB/s
  Verification data:
    rank 0 : checksum=  2852126720  expected=  2852126720
    rank 1 : checksum=  2852126720  expected=  2852126720

====================================================
 MPI Ranks: 4
====================================================
Rank 0 running on computenode0
Rank 0 SLURM info: PROCID=0 LOCALID=0 NODEID=0
Rank 0 affinity mask: 0 
Rank 0 current logical CPU: 0
Rank 1 running on computenode0
Rank 1 SLURM info: PROCID=1 LOCALID=1 NODEID=0
Rank 1 affinity mask: 24 
Rank 1 current logical CPU: 24
Rank 2 running on computenode0
Rank 2 SLURM info: PROCID=2 LOCALID=2 NODEID=0
Rank 2 affinity mask: 48 
Rank 2 current logical CPU: 48
Rank 3 running on computenode0
Rank 3 SLURM info: PROCID=3 LOCALID=3 NODEID=0
Rank 3 affinity mask: 72 
Rank 3 current logical CPU: 72

# MPI Broadcast Benchmark
#
# Configuration
#   MPI ranks        : 4
#   Max message size : 16777216 bytes
#   Warmup iterations: 20
#   Small iterations : 1000
#   Large iterations : 100
#   MPI_Wtick        : 1.000000000e-09 seconds
#
# Metrics
#   Broadcast        : average per-iteration time of the slowest MPI rank
#   EffectiveBW      : aggregate data volume delivered to non-root ranks per unit time
#
# Size(Bytes)	Broadcast(us)	EffectiveBW(MiB/s)
       1 bytes      1.07 us      2.66 MiB/s
       2 bytes      1.11 us      5.17 MiB/s
       4 bytes      1.09 us     10.55 MiB/s
       8 bytes      1.12 us     20.41 MiB/s
      16 bytes      1.09 us     42.09 MiB/s
      32 bytes      1.09 us     84.10 MiB/s
      64 bytes      1.10 us    166.84 MiB/s
     128 bytes      1.25 us    293.59 MiB/s
     256 bytes      1.27 us    575.23 MiB/s
     512 bytes      2.79 us    524.23 MiB/s
    1024 bytes     12.07 us    242.63 MiB/s
    2048 bytes     14.57 us    402.14 MiB/s
    4096 bytes     16.94 us    691.82 MiB/s
    8192 bytes     15.50 us   1512.23 MiB/s
   16384 bytes     23.06 us   2032.83 MiB/s
   32768 bytes     40.46 us   2316.89 MiB/s
   65536 bytes     74.20 us   2527.05 MiB/s
  131072 bytes    143.47 us   2613.77 MiB/s
  262144 bytes    290.65 us   2580.44 MiB/s
  524288 bytes    576.79 us   2600.58 MiB/s
 1048576 bytes   1180.10 us   2542.15 MiB/s
 2097152 bytes   2208.76 us   2716.46 MiB/s
 4194304 bytes   2318.84 us   5175.00 MiB/s
 8388608 bytes   2500.15 us   9599.43 MiB/s
16777216 bytes   3910.56 us  12274.45 MiB/s
  Verification data:
    rank 0 : checksum=  2852126720  expected=  2852126720
    rank 1 : checksum=  2852126720  expected=  2852126720
    rank 2 : checksum=  2852126720  expected=  2852126720
    rank 3 : checksum=  2852126720  expected=  2852126720

====================================================
 MPI Ranks: 8
====================================================
Rank 0 running on computenode0
Rank 0 SLURM info: PROCID=0 LOCALID=0 NODEID=0
Rank 0 affinity mask: 0 
Rank 0 current logical CPU: 0
Rank 1 running on computenode0
Rank 1 SLURM info: PROCID=1 LOCALID=1 NODEID=0
Rank 1 affinity mask: 24 
Rank 1 current logical CPU: 24
Rank 2 running on computenode0
Rank 2 SLURM info: PROCID=2 LOCALID=2 NODEID=0
Rank 2 affinity mask: 48 
Rank 2 current logical CPU: 48
Rank 3 running on computenode0
Rank 3 SLURM info: PROCID=3 LOCALID=3 NODEID=0
Rank 3 affinity mask: 72 
Rank 3 current logical CPU: 72
Rank 4 running on computenode0
Rank 4 SLURM info: PROCID=4 LOCALID=4 NODEID=0
Rank 4 affinity mask: 1 
Rank 4 current logical CPU: 1
Rank 5 running on computenode0
Rank 5 SLURM info: PROCID=5 LOCALID=5 NODEID=0
Rank 5 affinity mask: 25 
Rank 5 current logical CPU: 25
Rank 6 running on computenode0
Rank 6 SLURM info: PROCID=6 LOCALID=6 NODEID=0
Rank 6 affinity mask: 49 
Rank 6 current logical CPU: 49
Rank 7 running on computenode0
Rank 7 SLURM info: PROCID=7 LOCALID=7 NODEID=0
Rank 7 affinity mask: 73 
Rank 7 current logical CPU: 73

# MPI Broadcast Benchmark
#
# Configuration
#   MPI ranks        : 8
#   Max message size : 16777216 bytes
#   Warmup iterations: 20
#   Small iterations : 1000
#   Large iterations : 100
#   MPI_Wtick        : 1.000000000e-09 seconds
#
# Metrics
#   Broadcast        : average per-iteration time of the slowest MPI rank
#   EffectiveBW      : aggregate data volume delivered to non-root ranks per unit time
#
# Size(Bytes)	Broadcast(us)	EffectiveBW(MiB/s)
       1 bytes      1.67 us      4.00 MiB/s
       2 bytes      1.64 us      8.15 MiB/s
       4 bytes      1.66 us     16.11 MiB/s
       8 bytes      1.65 us     32.45 MiB/s
      16 bytes      1.67 us     64.06 MiB/s
      32 bytes      1.66 us    128.34 MiB/s
      64 bytes      1.66 us    256.83 MiB/s
     128 bytes      1.68 us    507.16 MiB/s
     256 bytes      1.73 us    985.28 MiB/s
     512 bytes      4.17 us    819.49 MiB/s
    1024 bytes     19.90 us    343.48 MiB/s
    2048 bytes     23.09 us    592.00 MiB/s
    4096 bytes     28.03 us    975.43 MiB/s
    8192 bytes     32.79 us   1667.60 MiB/s
   16384 bytes     45.68 us   2394.45 MiB/s
   32768 bytes     72.37 us   3022.82 MiB/s
   65536 bytes    129.51 us   3377.99 MiB/s
  131072 bytes    237.85 us   3678.77 MiB/s
  262144 bytes    476.28 us   3674.28 MiB/s
  524288 bytes    931.83 us   3756.04 MiB/s
 1048576 bytes   1877.31 us   3728.74 MiB/s
 2097152 bytes   2967.38 us   4717.97 MiB/s
 4194304 bytes   3117.78 us   8980.74 MiB/s
 8388608 bytes   3259.34 us  17181.41 MiB/s
16777216 bytes   4833.97 us  23169.38 MiB/s
  Verification data:
    rank 0 : checksum=  2852126720  expected=  2852126720
    rank 1 : checksum=  2852126720  expected=  2852126720
    rank 2 : checksum=  2852126720  expected=  2852126720
    rank 3 : checksum=  2852126720  expected=  2852126720
    rank 4 : checksum=  2852126720  expected=  2852126720
    rank 5 : checksum=  2852126720  expected=  2852126720
    rank 6 : checksum=  2852126720  expected=  2852126720
    rank 7 : checksum=  2852126720  expected=  2852126720

====================================================
 MPI Ranks: 16
====================================================
Rank 0 running on computenode0
Rank 0 SLURM info: PROCID=0 LOCALID=0 NODEID=0
Rank 0 affinity mask: 0 
Rank 0 current logical CPU: 0
Rank 1 running on computenode0
Rank 1 SLURM info: PROCID=1 LOCALID=1 NODEID=0
Rank 1 affinity mask: 24 
Rank 1 current logical CPU: 24
Rank 2 running on computenode0
Rank 2 SLURM info: PROCID=2 LOCALID=2 NODEID=0
Rank 2 affinity mask: 48 
Rank 2 current logical CPU: 48
Rank 3 running on computenode0
Rank 3 SLURM info: PROCID=3 LOCALID=3 NODEID=0
Rank 3 affinity mask: 72 
Rank 3 current logical CPU: 72
Rank 4 running on computenode0
Rank 4 SLURM info: PROCID=4 LOCALID=4 NODEID=0
Rank 4 affinity mask: 1 
Rank 4 current logical CPU: 1
Rank 5 running on computenode0
Rank 5 SLURM info: PROCID=5 LOCALID=5 NODEID=0
Rank 5 affinity mask: 25 
Rank 5 current logical CPU: 25
Rank 6 running on computenode0
Rank 6 SLURM info: PROCID=6 LOCALID=6 NODEID=0
Rank 6 affinity mask: 49 
Rank 6 current logical CPU: 49
Rank 7 running on computenode0
Rank 7 SLURM info: PROCID=7 LOCALID=7 NODEID=0
Rank 7 affinity mask: 73 
Rank 7 current logical CPU: 73
Rank 8 running on computenode0
Rank 8 SLURM info: PROCID=8 LOCALID=8 NODEID=0
Rank 8 affinity mask: 2 
Rank 8 current logical CPU: 2
Rank 9 running on computenode0
Rank 9 SLURM info: PROCID=9 LOCALID=9 NODEID=0
Rank 9 affinity mask: 26 
Rank 9 current logical CPU: 26
Rank 10 running on computenode0
Rank 10 SLURM info: PROCID=10 LOCALID=10 NODEID=0
Rank 10 affinity mask: 50 
Rank 10 current logical CPU: 50
Rank 11 running on computenode0
Rank 11 SLURM info: PROCID=11 LOCALID=11 NODEID=0
Rank 11 affinity mask: 74 
Rank 11 current logical CPU: 74
Rank 12 running on computenode0
Rank 12 SLURM info: PROCID=12 LOCALID=12 NODEID=0
Rank 12 affinity mask: 3 
Rank 12 current logical CPU: 3
Rank 13 running on computenode0
Rank 13 SLURM info: PROCID=13 LOCALID=13 NODEID=0
Rank 13 affinity mask: 27 
Rank 13 current logical CPU: 27
Rank 14 running on computenode0
Rank 14 SLURM info: PROCID=14 LOCALID=14 NODEID=0
Rank 14 affinity mask: 51 
Rank 14 current logical CPU: 51
Rank 15 running on computenode0
Rank 15 SLURM info: PROCID=15 LOCALID=15 NODEID=0
Rank 15 affinity mask: 75 
Rank 15 current logical CPU: 75

# MPI Broadcast Benchmark
#
# Configuration
#   MPI ranks        : 16
#   Max message size : 16777216 bytes
#   Warmup iterations: 20
#   Small iterations : 1000
#   Large iterations : 100
#   MPI_Wtick        : 1.000000000e-09 seconds
#
# Metrics
#   Broadcast        : average per-iteration time of the slowest MPI rank
#   EffectiveBW      : aggregate data volume delivered to non-root ranks per unit time
#
# Size(Bytes)	Broadcast(us)	EffectiveBW(MiB/s)
       1 bytes      1.76 us      8.14 MiB/s
       2 bytes      1.75 us     16.37 MiB/s
       4 bytes      1.76 us     32.53 MiB/s
       8 bytes      1.74 us     65.66 MiB/s
      16 bytes      1.77 us    129.29 MiB/s
      32 bytes      1.77 us    258.65 MiB/s
      64 bytes      1.75 us    522.52 MiB/s
     128 bytes      1.76 us   1041.84 MiB/s
     256 bytes      1.90 us   1926.47 MiB/s
     512 bytes      4.65 us   1574.14 MiB/s
    1024 bytes     20.50 us    714.69 MiB/s
    2048 bytes     26.76 us   1094.98 MiB/s
    4096 bytes     36.05 us   1625.40 MiB/s
    8192 bytes     53.17 us   2203.90 MiB/s
   16384 bytes     85.94 us   2727.32 MiB/s
   32768 bytes    154.96 us   3025.05 MiB/s
   65536 bytes    242.37 us   3868.09 MiB/s
  131072 bytes    453.55 us   4134.07 MiB/s
  262144 bytes    886.01 us   4232.46 MiB/s
  524288 bytes   1759.37 us   4262.88 MiB/s
 1048576 bytes   3519.49 us   4261.98 MiB/s
 2097152 bytes   4979.66 us   6024.51 MiB/s
 4194304 bytes   5050.78 us  11879.35 MiB/s
 8388608 bytes   5526.51 us  21713.52 MiB/s
16777216 bytes   7899.14 us  30383.04 MiB/s
  Verification data:
    rank 0 : checksum=  2852126720  expected=  2852126720
    rank 1 : checksum=  2852126720  expected=  2852126720
    rank 2 : checksum=  2852126720  expected=  2852126720
    rank 3 : checksum=  2852126720  expected=  2852126720
    rank 4 : checksum=  2852126720  expected=  2852126720
    rank 5 : checksum=  2852126720  expected=  2852126720
    rank 6 : checksum=  2852126720  expected=  2852126720
    rank 7 : checksum=  2852126720  expected=  2852126720
    rank 8 : checksum=  2852126720  expected=  2852126720
    rank 9 : checksum=  2852126720  expected=  2852126720
    rank 10 : checksum=  2852126720  expected=  2852126720
    rank 11 : checksum=  2852126720  expected=  2852126720
    rank 12 : checksum=  2852126720  expected=  2852126720
    rank 13 : checksum=  2852126720  expected=  2852126720
    rank 14 : checksum=  2852126720  expected=  2852126720
    rank 15 : checksum=  2852126720  expected=  2852126720

====================================================
 MPI Ranks: 24
====================================================
Rank 0 running on computenode0
Rank 0 SLURM info: PROCID=0 LOCALID=0 NODEID=0
Rank 0 affinity mask: 0 
Rank 0 current logical CPU: 0
Rank 1 running on computenode0
Rank 1 SLURM info: PROCID=1 LOCALID=1 NODEID=0
Rank 1 affinity mask: 24 
Rank 1 current logical CPU: 24
Rank 2 running on computenode0
Rank 2 SLURM info: PROCID=2 LOCALID=2 NODEID=0
Rank 2 affinity mask: 48 
Rank 2 current logical CPU: 48
Rank 3 running on computenode0
Rank 3 SLURM info: PROCID=3 LOCALID=3 NODEID=0
Rank 3 affinity mask: 72 
Rank 3 current logical CPU: 72
Rank 4 running on computenode0
Rank 4 SLURM info: PROCID=4 LOCALID=4 NODEID=0
Rank 4 affinity mask: 1 
Rank 4 current logical CPU: 1
Rank 5 running on computenode0
Rank 5 SLURM info: PROCID=5 LOCALID=5 NODEID=0
Rank 5 affinity mask: 25 
Rank 5 current logical CPU: 25
Rank 6 running on computenode0
Rank 6 SLURM info: PROCID=6 LOCALID=6 NODEID=0
Rank 6 affinity mask: 49 
Rank 6 current logical CPU: 49
Rank 7 running on computenode0
Rank 7 SLURM info: PROCID=7 LOCALID=7 NODEID=0
Rank 7 affinity mask: 73 
Rank 7 current logical CPU: 73
Rank 8 running on computenode0
Rank 8 SLURM info: PROCID=8 LOCALID=8 NODEID=0
Rank 8 affinity mask: 2 
Rank 8 current logical CPU: 2
Rank 9 running on computenode0
Rank 9 SLURM info: PROCID=9 LOCALID=9 NODEID=0
Rank 9 affinity mask: 26 
Rank 9 current logical CPU: 26
Rank 10 running on computenode0
Rank 10 SLURM info: PROCID=10 LOCALID=10 NODEID=0
Rank 10 affinity mask: 50 
Rank 10 current logical CPU: 50
Rank 11 running on computenode0
Rank 11 SLURM info: PROCID=11 LOCALID=11 NODEID=0
Rank 11 affinity mask: 74 
Rank 11 current logical CPU: 74
Rank 12 running on computenode0
Rank 12 SLURM info: PROCID=12 LOCALID=12 NODEID=0
Rank 12 affinity mask: 3 
Rank 12 current logical CPU: 3
Rank 13 running on computenode0
Rank 13 SLURM info: PROCID=13 LOCALID=13 NODEID=0
Rank 13 affinity mask: 27 
Rank 13 current logical CPU: 27
Rank 14 running on computenode0
Rank 14 SLURM info: PROCID=14 LOCALID=14 NODEID=0
Rank 14 affinity mask: 51 
Rank 14 current logical CPU: 51
Rank 15 running on computenode0
Rank 15 SLURM info: PROCID=15 LOCALID=15 NODEID=0
Rank 15 affinity mask: 75 
Rank 15 current logical CPU: 75
Rank 16 running on computenode0
Rank 16 SLURM info: PROCID=16 LOCALID=16 NODEID=0
Rank 16 affinity mask: 4 
Rank 16 current logical CPU: 4
Rank 17 running on computenode0
Rank 17 SLURM info: PROCID=17 LOCALID=17 NODEID=0
Rank 17 affinity mask: 28 
Rank 17 current logical CPU: 28
Rank 18 running on computenode0
Rank 18 SLURM info: PROCID=18 LOCALID=18 NODEID=0
Rank 18 affinity mask: 52 
Rank 18 current logical CPU: 52
Rank 19 running on computenode0
Rank 19 SLURM info: PROCID=19 LOCALID=19 NODEID=0
Rank 19 affinity mask: 76 
Rank 19 current logical CPU: 76
Rank 20 running on computenode0
Rank 20 SLURM info: PROCID=20 LOCALID=20 NODEID=0
Rank 20 affinity mask: 5 
Rank 20 current logical CPU: 5
Rank 21 running on computenode0
Rank 21 SLURM info: PROCID=21 LOCALID=21 NODEID=0
Rank 21 affinity mask: 29 
Rank 21 current logical CPU: 29
Rank 22 running on computenode0
Rank 22 SLURM info: PROCID=22 LOCALID=22 NODEID=0
Rank 22 affinity mask: 53 
Rank 22 current logical CPU: 53
Rank 23 running on computenode0
Rank 23 SLURM info: PROCID=23 LOCALID=23 NODEID=0
Rank 23 affinity mask: 77 
Rank 23 current logical CPU: 77

# MPI Broadcast Benchmark
#
# Configuration
#   MPI ranks        : 24
#   Max message size : 16777216 bytes
#   Warmup iterations: 20
#   Small iterations : 1000
#   Large iterations : 100
#   MPI_Wtick        : 1.000000000e-09 seconds
#
# Metrics
#   Broadcast        : average per-iteration time of the slowest MPI rank
#   EffectiveBW      : aggregate data volume delivered to non-root ranks per unit time
#
# Size(Bytes)	Broadcast(us)	EffectiveBW(MiB/s)
       1 bytes      1.50 us     14.65 MiB/s
       2 bytes      1.45 us     30.16 MiB/s
       4 bytes      1.56 us     56.08 MiB/s
       8 bytes      1.60 us    109.76 MiB/s
      16 bytes      1.73 us    203.20 MiB/s
      32 bytes      1.66 us    423.24 MiB/s
      64 bytes      1.59 us    882.37 MiB/s
     128 bytes      1.61 us   1748.15 MiB/s
     256 bytes      2.03 us   2768.89 MiB/s
     512 bytes      5.38 us   2088.74 MiB/s
    1024 bytes     25.15 us    892.96 MiB/s
    2048 bytes     28.54 us   1574.24 MiB/s
    4096 bytes     37.62 us   2387.90 MiB/s
    8192 bytes     53.14 us   3381.09 MiB/s
   16384 bytes     87.59 us   4103.12 MiB/s
   32768 bytes    167.07 us   4302.05 MiB/s
   65536 bytes    366.06 us   3926.93 MiB/s
  131072 bytes    761.96 us   3773.18 MiB/s
  262144 bytes   1699.27 us   3383.81 MiB/s
  524288 bytes   3507.83 us   3278.38 MiB/s
 1048576 bytes   6243.85 us   3683.62 MiB/s
 2097152 bytes   7542.99 us   6098.38 MiB/s
 4194304 bytes  10757.39 us   8552.26 MiB/s
 8388608 bytes  17253.50 us  10664.50 MiB/s
16777216 bytes  32488.20 us  11327.19 MiB/s
  Verification data:
    rank 0 : checksum=  2852126720  expected=  2852126720
    rank 1 : checksum=  2852126720  expected=  2852126720
    rank 2 : checksum=  2852126720  expected=  2852126720
    rank 3 : checksum=  2852126720  expected=  2852126720
    rank 4 : checksum=  2852126720  expected=  2852126720
    rank 5 : checksum=  2852126720  expected=  2852126720
    rank 6 : checksum=  2852126720  expected=  2852126720
    rank 7 : checksum=  2852126720  expected=  2852126720
    rank 8 : checksum=  2852126720  expected=  2852126720
    rank 9 : checksum=  2852126720  expected=  2852126720
    rank 10 : checksum=  2852126720  expected=  2852126720
    rank 11 : checksum=  2852126720  expected=  2852126720
    rank 12 : checksum=  2852126720  expected=  2852126720
    rank 13 : checksum=  2852126720  expected=  2852126720
    rank 14 : checksum=  2852126720  expected=  2852126720
    rank 15 : checksum=  2852126720  expected=  2852126720
    rank 16 : checksum=  2852126720  expected=  2852126720
    rank 17 : checksum=  2852126720  expected=  2852126720
    rank 18 : checksum=  2852126720  expected=  2852126720
    rank 19 : checksum=  2852126720  expected=  2852126720
    rank 20 : checksum=  2852126720  expected=  2852126720
    rank 21 : checksum=  2852126720  expected=  2852126720
    rank 22 : checksum=  2852126720  expected=  2852126720
    rank 23 : checksum=  2852126720  expected=  2852126720

====================================================
 MPI Ranks: 48
====================================================
Rank 0 running on computenode0
Rank 0 SLURM info: PROCID=0 LOCALID=0 NODEID=0
Rank 0 affinity mask: 0 
Rank 0 current logical CPU: 0
Rank 1 running on computenode0
Rank 1 SLURM info: PROCID=1 LOCALID=1 NODEID=0
Rank 1 affinity mask: 24 
Rank 1 current logical CPU: 24
Rank 2 running on computenode0
Rank 2 SLURM info: PROCID=2 LOCALID=2 NODEID=0
Rank 2 affinity mask: 48 
Rank 2 current logical CPU: 48
Rank 3 running on computenode0
Rank 3 SLURM info: PROCID=3 LOCALID=3 NODEID=0
Rank 3 affinity mask: 72 
Rank 3 current logical CPU: 72
Rank 4 running on computenode0
Rank 4 SLURM info: PROCID=4 LOCALID=4 NODEID=0
Rank 4 affinity mask: 1 
Rank 4 current logical CPU: 1
Rank 5 running on computenode0
Rank 5 SLURM info: PROCID=5 LOCALID=5 NODEID=0
Rank 5 affinity mask: 25 
Rank 5 current logical CPU: 25
Rank 6 running on computenode0
Rank 6 SLURM info: PROCID=6 LOCALID=6 NODEID=0
Rank 6 affinity mask: 49 
Rank 6 current logical CPU: 49
Rank 7 running on computenode0
Rank 7 SLURM info: PROCID=7 LOCALID=7 NODEID=0
Rank 7 affinity mask: 73 
Rank 7 current logical CPU: 73
Rank 8 running on computenode0
Rank 8 SLURM info: PROCID=8 LOCALID=8 NODEID=0
Rank 8 affinity mask: 2 
Rank 8 current logical CPU: 2
Rank 9 running on computenode0
Rank 9 SLURM info: PROCID=9 LOCALID=9 NODEID=0
Rank 9 affinity mask: 26 
Rank 9 current logical CPU: 26
Rank 10 running on computenode0
Rank 10 SLURM info: PROCID=10 LOCALID=10 NODEID=0
Rank 10 affinity mask: 50 
Rank 10 current logical CPU: 50
Rank 11 running on computenode0
Rank 11 SLURM info: PROCID=11 LOCALID=11 NODEID=0
Rank 11 affinity mask: 74 
Rank 11 current logical CPU: 74
Rank 12 running on computenode0
Rank 12 SLURM info: PROCID=12 LOCALID=12 NODEID=0
Rank 12 affinity mask: 3 
Rank 12 current logical CPU: 3
Rank 13 running on computenode0
Rank 13 SLURM info: PROCID=13 LOCALID=13 NODEID=0
Rank 13 affinity mask: 27 
Rank 13 current logical CPU: 27
Rank 14 running on computenode0
Rank 14 SLURM info: PROCID=14 LOCALID=14 NODEID=0
Rank 14 affinity mask: 51 
Rank 14 current logical CPU: 51
Rank 15 running on computenode0
Rank 15 SLURM info: PROCID=15 LOCALID=15 NODEID=0
Rank 15 affinity mask: 75 
Rank 15 current logical CPU: 75
Rank 16 running on computenode0
Rank 16 SLURM info: PROCID=16 LOCALID=16 NODEID=0
Rank 16 affinity mask: 4 
Rank 16 current logical CPU: 4
Rank 17 running on computenode0
Rank 17 SLURM info: PROCID=17 LOCALID=17 NODEID=0
Rank 17 affinity mask: 28 
Rank 17 current logical CPU: 28
Rank 18 running on computenode0
Rank 18 SLURM info: PROCID=18 LOCALID=18 NODEID=0
Rank 18 affinity mask: 52 
Rank 18 current logical CPU: 52
Rank 19 running on computenode0
Rank 19 SLURM info: PROCID=19 LOCALID=19 NODEID=0
Rank 19 affinity mask: 76 
Rank 19 current logical CPU: 76
Rank 20 running on computenode0
Rank 20 SLURM info: PROCID=20 LOCALID=20 NODEID=0
Rank 20 affinity mask: 5 
Rank 20 current logical CPU: 5
Rank 21 running on computenode0
Rank 21 SLURM info: PROCID=21 LOCALID=21 NODEID=0
Rank 21 affinity mask: 29 
Rank 21 current logical CPU: 29
Rank 22 running on computenode0
Rank 22 SLURM info: PROCID=22 LOCALID=22 NODEID=0
Rank 22 affinity mask: 53 
Rank 22 current logical CPU: 53
Rank 23 running on computenode0
Rank 23 SLURM info: PROCID=23 LOCALID=23 NODEID=0
Rank 23 affinity mask: 77 
Rank 23 current logical CPU: 77
Rank 24 running on computenode0
Rank 24 SLURM info: PROCID=24 LOCALID=24 NODEID=0
Rank 24 affinity mask: 6 
Rank 24 current logical CPU: 6
Rank 25 running on computenode0
Rank 25 SLURM info: PROCID=25 LOCALID=25 NODEID=0
Rank 25 affinity mask: 30 
Rank 25 current logical CPU: 30
Rank 26 running on computenode0
Rank 26 SLURM info: PROCID=26 LOCALID=26 NODEID=0
Rank 26 affinity mask: 54 
Rank 26 current logical CPU: 54
Rank 27 running on computenode0
Rank 27 SLURM info: PROCID=27 LOCALID=27 NODEID=0
Rank 27 affinity mask: 78 
Rank 27 current logical CPU: 78
Rank 28 running on computenode0
Rank 28 SLURM info: PROCID=28 LOCALID=28 NODEID=0
Rank 28 affinity mask: 7 
Rank 28 current logical CPU: 7
Rank 29 running on computenode0
Rank 29 SLURM info: PROCID=29 LOCALID=29 NODEID=0
Rank 29 affinity mask: 31 
Rank 29 current logical CPU: 31
Rank 30 running on computenode0
Rank 30 SLURM info: PROCID=30 LOCALID=30 NODEID=0
Rank 30 affinity mask: 55 
Rank 30 current logical CPU: 55
Rank 31 running on computenode0
Rank 31 SLURM info: PROCID=31 LOCALID=31 NODEID=0
Rank 31 affinity mask: 79 
Rank 31 current logical CPU: 79
Rank 32 running on computenode0
Rank 32 SLURM info: PROCID=32 LOCALID=32 NODEID=0
Rank 32 affinity mask: 8 
Rank 32 current logical CPU: 8
Rank 33 running on computenode0
Rank 33 SLURM info: PROCID=33 LOCALID=33 NODEID=0
Rank 33 affinity mask: 32 
Rank 33 current logical CPU: 32
Rank 34 running on computenode0
Rank 34 SLURM info: PROCID=34 LOCALID=34 NODEID=0
Rank 34 affinity mask: 56 
Rank 34 current logical CPU: 56
Rank 35 running on computenode0
Rank 35 SLURM info: PROCID=35 LOCALID=35 NODEID=0
Rank 35 affinity mask: 80 
Rank 35 current logical CPU: 80
Rank 36 running on computenode0
Rank 36 SLURM info: PROCID=36 LOCALID=36 NODEID=0
Rank 36 affinity mask: 9 
Rank 36 current logical CPU: 9
Rank 37 running on computenode0
Rank 37 SLURM info: PROCID=37 LOCALID=37 NODEID=0
Rank 37 affinity mask: 33 
Rank 37 current logical CPU: 33
Rank 38 running on computenode0
Rank 38 SLURM info: PROCID=38 LOCALID=38 NODEID=0
Rank 38 affinity mask: 57 
Rank 38 current logical CPU: 57
Rank 39 running on computenode0
Rank 39 SLURM info: PROCID=39 LOCALID=39 NODEID=0
Rank 39 affinity mask: 81 
Rank 39 current logical CPU: 81
Rank 40 running on computenode0
Rank 40 SLURM info: PROCID=40 LOCALID=40 NODEID=0
Rank 40 affinity mask: 10 
Rank 40 current logical CPU: 10
Rank 41 running on computenode0
Rank 41 SLURM info: PROCID=41 LOCALID=41 NODEID=0
Rank 41 affinity mask: 34 
Rank 41 current logical CPU: 34
Rank 42 running on computenode0
Rank 42 SLURM info: PROCID=42 LOCALID=42 NODEID=0
Rank 42 affinity mask: 58 
Rank 42 current logical CPU: 58
Rank 43 running on computenode0
Rank 43 SLURM info: PROCID=43 LOCALID=43 NODEID=0
Rank 43 affinity mask: 82 
Rank 43 current logical CPU: 82
Rank 44 running on computenode0
Rank 44 SLURM info: PROCID=44 LOCALID=44 NODEID=0
Rank 44 affinity mask: 11 
Rank 44 current logical CPU: 11
Rank 45 running on computenode0
Rank 45 SLURM info: PROCID=45 LOCALID=45 NODEID=0
Rank 45 affinity mask: 35 
Rank 45 current logical CPU: 35
Rank 46 running on computenode0
Rank 46 SLURM info: PROCID=46 LOCALID=46 NODEID=0
Rank 46 affinity mask: 59 
Rank 46 current logical CPU: 59
Rank 47 running on computenode0
Rank 47 SLURM info: PROCID=47 LOCALID=47 NODEID=0
Rank 47 affinity mask: 83 
Rank 47 current logical CPU: 83

# MPI Broadcast Benchmark
#
# Configuration
#   MPI ranks        : 48
#   Max message size : 16777216 bytes
#   Warmup iterations: 20
#   Small iterations : 1000
#   Large iterations : 100
#   MPI_Wtick        : 1.000000000e-09 seconds
#
# Metrics
#   Broadcast        : average per-iteration time of the slowest MPI rank
#   EffectiveBW      : aggregate data volume delivered to non-root ranks per unit time
#
# Size(Bytes)	Broadcast(us)	EffectiveBW(MiB/s)
       1 bytes      2.62 us     17.09 MiB/s
       2 bytes      2.58 us     34.71 MiB/s
       4 bytes      2.88 us     62.30 MiB/s
       8 bytes      2.96 us    121.25 MiB/s
      16 bytes      2.82 us    253.87 MiB/s
      32 bytes      2.86 us    501.23 MiB/s
      64 bytes      2.83 us   1014.43 MiB/s
     128 bytes      3.00 us   1913.81 MiB/s
     256 bytes      3.17 us   3621.63 MiB/s
     512 bytes      5.79 us   3962.84 MiB/s
    1024 bytes     27.13 us   1692.04 MiB/s
    2048 bytes     32.03 us   2865.63 MiB/s
    4096 bytes     51.35 us   3575.58 MiB/s
    8192 bytes     52.41 us   7006.33 MiB/s
   16384 bytes     85.49 us   8590.47 MiB/s
   32768 bytes    157.79 us   9308.50 MiB/s
   65536 bytes    456.79 us   6430.69 MiB/s
  131072 bytes   1047.10 us   5610.74 MiB/s
  262144 bytes   2156.35 us   5449.03 MiB/s
  524288 bytes   4463.99 us   5264.35 MiB/s
 1048576 bytes   8797.45 us   5342.46 MiB/s
 2097152 bytes  14308.37 us   6569.58 MiB/s
 4194304 bytes  17654.66 us  10648.74 MiB/s
 8388608 bytes  24286.47 us  15481.87 MiB/s
16777216 bytes  38290.77 us  19639.20 MiB/s
  Verification data:
    rank 0 : checksum=  2852126720  expected=  2852126720
    rank 1 : checksum=  2852126720  expected=  2852126720
    rank 2 : checksum=  2852126720  expected=  2852126720
    rank 3 : checksum=  2852126720  expected=  2852126720
    rank 4 : checksum=  2852126720  expected=  2852126720
    rank 5 : checksum=  2852126720  expected=  2852126720
    rank 6 : checksum=  2852126720  expected=  2852126720
    rank 7 : checksum=  2852126720  expected=  2852126720
    rank 8 : checksum=  2852126720  expected=  2852126720
    rank 9 : checksum=  2852126720  expected=  2852126720
    rank 10 : checksum=  2852126720  expected=  2852126720
    rank 11 : checksum=  2852126720  expected=  2852126720
    rank 12 : checksum=  2852126720  expected=  2852126720
    rank 13 : checksum=  2852126720  expected=  2852126720
    rank 14 : checksum=  2852126720  expected=  2852126720
    rank 15 : checksum=  2852126720  expected=  2852126720
    rank 16 : checksum=  2852126720  expected=  2852126720
    rank 17 : checksum=  2852126720  expected=  2852126720
    rank 18 : checksum=  2852126720  expected=  2852126720
    rank 19 : checksum=  2852126720  expected=  2852126720
    rank 20 : checksum=  2852126720  expected=  2852126720
    rank 21 : checksum=  2852126720  expected=  2852126720
    rank 22 : checksum=  2852126720  expected=  2852126720
    rank 23 : checksum=  2852126720  expected=  2852126720
    rank 24 : checksum=  2852126720  expected=  2852126720
    rank 25 : checksum=  2852126720  expected=  2852126720
    rank 26 : checksum=  2852126720  expected=  2852126720
    rank 27 : checksum=  2852126720  expected=  2852126720
    rank 28 : checksum=  2852126720  expected=  2852126720
    rank 29 : checksum=  2852126720  expected=  2852126720
    rank 30 : checksum=  2852126720  expected=  2852126720
    rank 31 : checksum=  2852126720  expected=  2852126720
    rank 32 : checksum=  2852126720  expected=  2852126720
    rank 33 : checksum=  2852126720  expected=  2852126720
    rank 34 : checksum=  2852126720  expected=  2852126720
    rank 35 : checksum=  2852126720  expected=  2852126720
    rank 36 : checksum=  2852126720  expected=  2852126720
    rank 37 : checksum=  2852126720  expected=  2852126720
    rank 38 : checksum=  2852126720  expected=  2852126720
    rank 39 : checksum=  2852126720  expected=  2852126720
    rank 40 : checksum=  2852126720  expected=  2852126720
    rank 41 : checksum=  2852126720  expected=  2852126720
    rank 42 : checksum=  2852126720  expected=  2852126720
    rank 43 : checksum=  2852126720  expected=  2852126720
    rank 44 : checksum=  2852126720  expected=  2852126720
    rank 45 : checksum=  2852126720  expected=  2852126720
    rank 46 : checksum=  2852126720  expected=  2852126720
    rank 47 : checksum=  2852126720  expected=  2852126720

====================================================
 MPI Ranks: 72
====================================================
Rank 0 running on computenode0
Rank 0 SLURM info: PROCID=0 LOCALID=0 NODEID=0
Rank 0 affinity mask: 0 
Rank 0 current logical CPU: 0
Rank 1 running on computenode0
Rank 1 SLURM info: PROCID=1 LOCALID=1 NODEID=0
Rank 1 affinity mask: 24 
Rank 1 current logical CPU: 24
Rank 2 running on computenode0
Rank 2 SLURM info: PROCID=2 LOCALID=2 NODEID=0
Rank 2 affinity mask: 48 
Rank 2 current logical CPU: 48
Rank 3 running on computenode0
Rank 3 SLURM info: PROCID=3 LOCALID=3 NODEID=0
Rank 3 affinity mask: 72 
Rank 3 current logical CPU: 72
Rank 4 running on computenode0
Rank 4 SLURM info: PROCID=4 LOCALID=4 NODEID=0
Rank 4 affinity mask: 1 
Rank 4 current logical CPU: 1
Rank 5 running on computenode0
Rank 5 SLURM info: PROCID=5 LOCALID=5 NODEID=0
Rank 5 affinity mask: 25 
Rank 5 current logical CPU: 25
Rank 6 running on computenode0
Rank 6 SLURM info: PROCID=6 LOCALID=6 NODEID=0
Rank 6 affinity mask: 49 
Rank 6 current logical CPU: 49
Rank 7 running on computenode0
Rank 7 SLURM info: PROCID=7 LOCALID=7 NODEID=0
Rank 7 affinity mask: 73 
Rank 7 current logical CPU: 73
Rank 8 running on computenode0
Rank 8 SLURM info: PROCID=8 LOCALID=8 NODEID=0
Rank 8 affinity mask: 2 
Rank 8 current logical CPU: 2
Rank 9 running on computenode0
Rank 9 SLURM info: PROCID=9 LOCALID=9 NODEID=0
Rank 9 affinity mask: 26 
Rank 9 current logical CPU: 26
Rank 10 running on computenode0
Rank 10 SLURM info: PROCID=10 LOCALID=10 NODEID=0
Rank 10 affinity mask: 50 
Rank 10 current logical CPU: 50
Rank 11 running on computenode0
Rank 11 SLURM info: PROCID=11 LOCALID=11 NODEID=0
Rank 11 affinity mask: 74 
Rank 11 current logical CPU: 74
Rank 12 running on computenode0
Rank 12 SLURM info: PROCID=12 LOCALID=12 NODEID=0
Rank 12 affinity mask: 3 
Rank 12 current logical CPU: 3
Rank 13 running on computenode0
Rank 13 SLURM info: PROCID=13 LOCALID=13 NODEID=0
Rank 13 affinity mask: 27 
Rank 13 current logical CPU: 27
Rank 14 running on computenode0
Rank 14 SLURM info: PROCID=14 LOCALID=14 NODEID=0
Rank 14 affinity mask: 51 
Rank 14 current logical CPU: 51
Rank 15 running on computenode0
Rank 15 SLURM info: PROCID=15 LOCALID=15 NODEID=0
Rank 15 affinity mask: 75 
Rank 15 current logical CPU: 75
Rank 16 running on computenode0
Rank 16 SLURM info: PROCID=16 LOCALID=16 NODEID=0
Rank 16 affinity mask: 4 
Rank 16 current logical CPU: 4
Rank 17 running on computenode0
Rank 17 SLURM info: PROCID=17 LOCALID=17 NODEID=0
Rank 17 affinity mask: 28 
Rank 17 current logical CPU: 28
Rank 18 running on computenode0
Rank 18 SLURM info: PROCID=18 LOCALID=18 NODEID=0
Rank 18 affinity mask: 52 
Rank 18 current logical CPU: 52
Rank 19 running on computenode0
Rank 19 SLURM info: PROCID=19 LOCALID=19 NODEID=0
Rank 19 affinity mask: 76 
Rank 19 current logical CPU: 76
Rank 20 running on computenode0
Rank 20 SLURM info: PROCID=20 LOCALID=20 NODEID=0
Rank 20 affinity mask: 5 
Rank 20 current logical CPU: 5
Rank 21 running on computenode0
Rank 21 SLURM info: PROCID=21 LOCALID=21 NODEID=0
Rank 21 affinity mask: 29 
Rank 21 current logical CPU: 29
Rank 22 running on computenode0
Rank 22 SLURM info: PROCID=22 LOCALID=22 NODEID=0
Rank 22 affinity mask: 53 
Rank 22 current logical CPU: 53
Rank 23 running on computenode0
Rank 23 SLURM info: PROCID=23 LOCALID=23 NODEID=0
Rank 23 affinity mask: 77 
Rank 23 current logical CPU: 77
Rank 24 running on computenode0
Rank 24 SLURM info: PROCID=24 LOCALID=24 NODEID=0
Rank 24 affinity mask: 6 
Rank 24 current logical CPU: 6
Rank 25 running on computenode0
Rank 25 SLURM info: PROCID=25 LOCALID=25 NODEID=0
Rank 25 affinity mask: 30 
Rank 25 current logical CPU: 30
Rank 26 running on computenode0
Rank 26 SLURM info: PROCID=26 LOCALID=26 NODEID=0
Rank 26 affinity mask: 54 
Rank 26 current logical CPU: 54
Rank 27 running on computenode0
Rank 27 SLURM info: PROCID=27 LOCALID=27 NODEID=0
Rank 27 affinity mask: 78 
Rank 27 current logical CPU: 78
Rank 28 running on computenode0
Rank 28 SLURM info: PROCID=28 LOCALID=28 NODEID=0
Rank 28 affinity mask: 7 
Rank 28 current logical CPU: 7
Rank 29 running on computenode0
Rank 29 SLURM info: PROCID=29 LOCALID=29 NODEID=0
Rank 29 affinity mask: 31 
Rank 29 current logical CPU: 31
Rank 30 running on computenode0
Rank 30 SLURM info: PROCID=30 LOCALID=30 NODEID=0
Rank 30 affinity mask: 55 
Rank 30 current logical CPU: 55
Rank 31 running on computenode0
Rank 31 SLURM info: PROCID=31 LOCALID=31 NODEID=0
Rank 31 affinity mask: 79 
Rank 31 current logical CPU: 79
Rank 32 running on computenode0
Rank 32 SLURM info: PROCID=32 LOCALID=32 NODEID=0
Rank 32 affinity mask: 8 
Rank 32 current logical CPU: 8
Rank 33 running on computenode0
Rank 33 SLURM info: PROCID=33 LOCALID=33 NODEID=0
Rank 33 affinity mask: 32 
Rank 33 current logical CPU: 32
Rank 34 running on computenode0
Rank 34 SLURM info: PROCID=34 LOCALID=34 NODEID=0
Rank 34 affinity mask: 56 
Rank 34 current logical CPU: 56
Rank 35 running on computenode0
Rank 35 SLURM info: PROCID=35 LOCALID=35 NODEID=0
Rank 35 affinity mask: 80 
Rank 35 current logical CPU: 80
Rank 36 running on computenode0
Rank 36 SLURM info: PROCID=36 LOCALID=36 NODEID=0
Rank 36 affinity mask: 9 
Rank 36 current logical CPU: 9
Rank 37 running on computenode0
Rank 37 SLURM info: PROCID=37 LOCALID=37 NODEID=0
Rank 37 affinity mask: 33 
Rank 37 current logical CPU: 33
Rank 38 running on computenode0
Rank 38 SLURM info: PROCID=38 LOCALID=38 NODEID=0
Rank 38 affinity mask: 57 
Rank 38 current logical CPU: 57
Rank 39 running on computenode0
Rank 39 SLURM info: PROCID=39 LOCALID=39 NODEID=0
Rank 39 affinity mask: 81 
Rank 39 current logical CPU: 81
Rank 40 running on computenode0
Rank 40 SLURM info: PROCID=40 LOCALID=40 NODEID=0
Rank 40 affinity mask: 10 
Rank 40 current logical CPU: 10
Rank 41 running on computenode0
Rank 41 SLURM info: PROCID=41 LOCALID=41 NODEID=0
Rank 41 affinity mask: 34 
Rank 41 current logical CPU: 34
Rank 42 running on computenode0
Rank 42 SLURM info: PROCID=42 LOCALID=42 NODEID=0
Rank 42 affinity mask: 58 
Rank 42 current logical CPU: 58
Rank 43 running on computenode0
Rank 43 SLURM info: PROCID=43 LOCALID=43 NODEID=0
Rank 43 affinity mask: 82 
Rank 43 current logical CPU: 82
Rank 44 running on computenode0
Rank 44 SLURM info: PROCID=44 LOCALID=44 NODEID=0
Rank 44 affinity mask: 11 
Rank 44 current logical CPU: 11
Rank 45 running on computenode0
Rank 45 SLURM info: PROCID=45 LOCALID=45 NODEID=0
Rank 45 affinity mask: 35 
Rank 45 current logical CPU: 35
Rank 46 running on computenode0
Rank 46 SLURM info: PROCID=46 LOCALID=46 NODEID=0
Rank 46 affinity mask: 59 
Rank 46 current logical CPU: 59
Rank 47 running on computenode0
Rank 47 SLURM info: PROCID=47 LOCALID=47 NODEID=0
Rank 47 affinity mask: 83 
Rank 47 current logical CPU: 83
Rank 48 running on computenode0
Rank 48 SLURM info: PROCID=48 LOCALID=48 NODEID=0
Rank 48 affinity mask: 12 
Rank 48 current logical CPU: 12
Rank 49 running on computenode0
Rank 49 SLURM info: PROCID=49 LOCALID=49 NODEID=0
Rank 49 affinity mask: 36 
Rank 49 current logical CPU: 36
Rank 50 running on computenode0
Rank 50 SLURM info: PROCID=50 LOCALID=50 NODEID=0
Rank 50 affinity mask: 60 
Rank 50 current logical CPU: 60
Rank 51 running on computenode0
Rank 51 SLURM info: PROCID=51 LOCALID=51 NODEID=0
Rank 51 affinity mask: 84 
Rank 51 current logical CPU: 84
Rank 52 running on computenode0
Rank 52 SLURM info: PROCID=52 LOCALID=52 NODEID=0
Rank 52 affinity mask: 13 
Rank 52 current logical CPU: 13
Rank 53 running on computenode0
Rank 53 SLURM info: PROCID=53 LOCALID=53 NODEID=0
Rank 53 affinity mask: 37 
Rank 53 current logical CPU: 37
Rank 54 running on computenode0
Rank 54 SLURM info: PROCID=54 LOCALID=54 NODEID=0
Rank 54 affinity mask: 61 
Rank 54 current logical CPU: 61
Rank 55 running on computenode0
Rank 55 SLURM info: PROCID=55 LOCALID=55 NODEID=0
Rank 55 affinity mask: 85 
Rank 55 current logical CPU: 85
Rank 56 running on computenode0
Rank 56 SLURM info: PROCID=56 LOCALID=56 NODEID=0
Rank 56 affinity mask: 14 
Rank 56 current logical CPU: 14
Rank 57 running on computenode0
Rank 57 SLURM info: PROCID=57 LOCALID=57 NODEID=0
Rank 57 affinity mask: 38 
Rank 57 current logical CPU: 38
Rank 58 running on computenode0
Rank 58 SLURM info: PROCID=58 LOCALID=58 NODEID=0
Rank 58 affinity mask: 62 
Rank 58 current logical CPU: 62
Rank 59 running on computenode0
Rank 59 SLURM info: PROCID=59 LOCALID=59 NODEID=0
Rank 59 affinity mask: 86 
Rank 59 current logical CPU: 86
Rank 60 running on computenode0
Rank 60 SLURM info: PROCID=60 LOCALID=60 NODEID=0
Rank 60 affinity mask: 15 
Rank 60 current logical CPU: 15
Rank 61 running on computenode0
Rank 61 SLURM info: PROCID=61 LOCALID=61 NODEID=0
Rank 61 affinity mask: 39 
Rank 61 current logical CPU: 39
Rank 62 running on computenode0
Rank 62 SLURM info: PROCID=62 LOCALID=62 NODEID=0
Rank 62 affinity mask: 63 
Rank 62 current logical CPU: 63
Rank 63 running on computenode0
Rank 63 SLURM info: PROCID=63 LOCALID=63 NODEID=0
Rank 63 affinity mask: 87 
Rank 63 current logical CPU: 87
Rank 64 running on computenode0
Rank 64 SLURM info: PROCID=64 LOCALID=64 NODEID=0
Rank 64 affinity mask: 16 
Rank 64 current logical CPU: 16
Rank 65 running on computenode0
Rank 65 SLURM info: PROCID=65 LOCALID=65 NODEID=0
Rank 65 affinity mask: 40 
Rank 65 current logical CPU: 40
Rank 66 running on computenode0
Rank 66 SLURM info: PROCID=66 LOCALID=66 NODEID=0
Rank 66 affinity mask: 64 
Rank 66 current logical CPU: 64
Rank 67 running on computenode0
Rank 67 SLURM info: PROCID=67 LOCALID=67 NODEID=0
Rank 67 affinity mask: 88 
Rank 67 current logical CPU: 88
Rank 68 running on computenode0
Rank 68 SLURM info: PROCID=68 LOCALID=68 NODEID=0
Rank 68 affinity mask: 17 
Rank 68 current logical CPU: 17
Rank 69 running on computenode0
Rank 69 SLURM info: PROCID=69 LOCALID=69 NODEID=0
Rank 69 affinity mask: 41 
Rank 69 current logical CPU: 41
Rank 70 running on computenode0
Rank 70 SLURM info: PROCID=70 LOCALID=70 NODEID=0
Rank 70 affinity mask: 65 
Rank 70 current logical CPU: 65
Rank 71 running on computenode0
Rank 71 SLURM info: PROCID=71 LOCALID=71 NODEID=0
Rank 71 affinity mask: 89 
Rank 71 current logical CPU: 89

# MPI Broadcast Benchmark
#
# Configuration
#   MPI ranks        : 72
#   Max message size : 16777216 bytes
#   Warmup iterations: 20
#   Small iterations : 1000
#   Large iterations : 100
#   MPI_Wtick        : 1.000000000e-09 seconds
#
# Metrics
#   Broadcast        : average per-iteration time of the slowest MPI rank
#   EffectiveBW      : aggregate data volume delivered to non-root ranks per unit time
#
# Size(Bytes)	Broadcast(us)	EffectiveBW(MiB/s)
       1 bytes      2.62 us     25.85 MiB/s
       2 bytes      2.62 us     51.66 MiB/s
       4 bytes      2.90 us     93.26 MiB/s
       8 bytes      2.84 us    190.49 MiB/s
      16 bytes      2.93 us    369.21 MiB/s
      32 bytes      2.99 us    725.24 MiB/s
      64 bytes      2.93 us   1476.74 MiB/s
     128 bytes      3.13 us   2772.13 MiB/s
     256 bytes      3.30 us   5253.86 MiB/s
     512 bytes      6.79 us   5108.97 MiB/s
    1024 bytes     30.11 us   2303.13 MiB/s
    2048 bytes     37.63 us   3684.81 MiB/s
    4096 bytes     58.52 us   4739.68 MiB/s
    8192 bytes     55.51 us   9993.15 MiB/s
   16384 bytes     83.88 us  13224.96 MiB/s
   32768 bytes    143.69 us  15441.12 MiB/s
   65536 bytes    534.61 us   8300.37 MiB/s
  131072 bytes   1065.93 us   8326.06 MiB/s
  262144 bytes   2183.15 us   8130.47 MiB/s
  524288 bytes   4219.13 us   8414.07 MiB/s
 1048576 bytes   7646.82 us   9284.90 MiB/s
 2097152 bytes  11766.85 us  12067.80 MiB/s
 4194304 bytes  15122.38 us  18780.11 MiB/s
 8388608 bytes  21656.30 us  26227.94 MiB/s
16777216 bytes  35194.52 us  32277.75 MiB/s
  Verification data:
    rank 0 : checksum=  2852126720  expected=  2852126720
    rank 1 : checksum=  2852126720  expected=  2852126720
    rank 2 : checksum=  2852126720  expected=  2852126720
    rank 3 : checksum=  2852126720  expected=  2852126720
    rank 4 : checksum=  2852126720  expected=  2852126720
    rank 5 : checksum=  2852126720  expected=  2852126720
    rank 6 : checksum=  2852126720  expected=  2852126720
    rank 7 : checksum=  2852126720  expected=  2852126720
    rank 8 : checksum=  2852126720  expected=  2852126720
    rank 9 : checksum=  2852126720  expected=  2852126720
    rank 10 : checksum=  2852126720  expected=  2852126720
    rank 11 : checksum=  2852126720  expected=  2852126720
    rank 12 : checksum=  2852126720  expected=  2852126720
    rank 13 : checksum=  2852126720  expected=  2852126720
    rank 14 : checksum=  2852126720  expected=  2852126720
    rank 15 : checksum=  2852126720  expected=  2852126720
    rank 16 : checksum=  2852126720  expected=  2852126720
    rank 17 : checksum=  2852126720  expected=  2852126720
    rank 18 : checksum=  2852126720  expected=  2852126720
    rank 19 : checksum=  2852126720  expected=  2852126720
    rank 20 : checksum=  2852126720  expected=  2852126720
    rank 21 : checksum=  2852126720  expected=  2852126720
    rank 22 : checksum=  2852126720  expected=  2852126720
    rank 23 : checksum=  2852126720  expected=  2852126720
    rank 24 : checksum=  2852126720  expected=  2852126720
    rank 25 : checksum=  2852126720  expected=  2852126720
    rank 26 : checksum=  2852126720  expected=  2852126720
    rank 27 : checksum=  2852126720  expected=  2852126720
    rank 28 : checksum=  2852126720  expected=  2852126720
    rank 29 : checksum=  2852126720  expected=  2852126720
    rank 30 : checksum=  2852126720  expected=  2852126720
    rank 31 : checksum=  2852126720  expected=  2852126720
    rank 32 : checksum=  2852126720  expected=  2852126720
    rank 33 : checksum=  2852126720  expected=  2852126720
    rank 34 : checksum=  2852126720  expected=  2852126720
    rank 35 : checksum=  2852126720  expected=  2852126720
    rank 36 : checksum=  2852126720  expected=  2852126720
    rank 37 : checksum=  2852126720  expected=  2852126720
    rank 38 : checksum=  2852126720  expected=  2852126720
    rank 39 : checksum=  2852126720  expected=  2852126720
    rank 40 : checksum=  2852126720  expected=  2852126720
    rank 41 : checksum=  2852126720  expected=  2852126720
    rank 42 : checksum=  2852126720  expected=  2852126720
    rank 43 : checksum=  2852126720  expected=  2852126720
    rank 44 : checksum=  2852126720  expected=  2852126720
    rank 45 : checksum=  2852126720  expected=  2852126720
    rank 46 : checksum=  2852126720  expected=  2852126720
    rank 47 : checksum=  2852126720  expected=  2852126720
    rank 48 : checksum=  2852126720  expected=  2852126720
    rank 49 : checksum=  2852126720  expected=  2852126720
    rank 50 : checksum=  2852126720  expected=  2852126720
    rank 51 : checksum=  2852126720  expected=  2852126720
    rank 52 : checksum=  2852126720  expected=  2852126720
    rank 53 : checksum=  2852126720  expected=  2852126720
    rank 54 : checksum=  2852126720  expected=  2852126720
    rank 55 : checksum=  2852126720  expected=  2852126720
    rank 56 : checksum=  2852126720  expected=  2852126720
    rank 57 : checksum=  2852126720  expected=  2852126720
    rank 58 : checksum=  2852126720  expected=  2852126720
    rank 59 : checksum=  2852126720  expected=  2852126720
    rank 60 : checksum=  2852126720  expected=  2852126720
    rank 61 : checksum=  2852126720  expected=  2852126720
    rank 62 : checksum=  2852126720  expected=  2852126720
    rank 63 : checksum=  2852126720  expected=  2852126720
    rank 64 : checksum=  2852126720  expected=  2852126720
    rank 65 : checksum=  2852126720  expected=  2852126720
    rank 66 : checksum=  2852126720  expected=  2852126720
    rank 67 : checksum=  2852126720  expected=  2852126720
    rank 68 : checksum=  2852126720  expected=  2852126720
    rank 69 : checksum=  2852126720  expected=  2852126720
    rank 70 : checksum=  2852126720  expected=  2852126720
    rank 71 : checksum=  2852126720  expected=  2852126720

====================================================
 MPI Ranks: 96
====================================================
Rank 0 running on computenode0
Rank 0 SLURM info: PROCID=0 LOCALID=0 NODEID=0
Rank 0 affinity mask: 0 
Rank 0 current logical CPU: 0
Rank 1 running on computenode0
Rank 1 SLURM info: PROCID=1 LOCALID=1 NODEID=0
Rank 1 affinity mask: 24 
Rank 1 current logical CPU: 24
Rank 2 running on computenode0
Rank 2 SLURM info: PROCID=2 LOCALID=2 NODEID=0
Rank 2 affinity mask: 48 
Rank 2 current logical CPU: 48
Rank 3 running on computenode0
Rank 3 SLURM info: PROCID=3 LOCALID=3 NODEID=0
Rank 3 affinity mask: 72 
Rank 3 current logical CPU: 72
Rank 4 running on computenode0
Rank 4 SLURM info: PROCID=4 LOCALID=4 NODEID=0
Rank 4 affinity mask: 1 
Rank 4 current logical CPU: 1
Rank 5 running on computenode0
Rank 5 SLURM info: PROCID=5 LOCALID=5 NODEID=0
Rank 5 affinity mask: 25 
Rank 5 current logical CPU: 25
Rank 6 running on computenode0
Rank 6 SLURM info: PROCID=6 LOCALID=6 NODEID=0
Rank 6 affinity mask: 49 
Rank 6 current logical CPU: 49
Rank 7 running on computenode0
Rank 7 SLURM info: PROCID=7 LOCALID=7 NODEID=0
Rank 7 affinity mask: 73 
Rank 7 current logical CPU: 73
Rank 8 running on computenode0
Rank 8 SLURM info: PROCID=8 LOCALID=8 NODEID=0
Rank 8 affinity mask: 2 
Rank 8 current logical CPU: 2
Rank 9 running on computenode0
Rank 9 SLURM info: PROCID=9 LOCALID=9 NODEID=0
Rank 9 affinity mask: 26 
Rank 9 current logical CPU: 26
Rank 10 running on computenode0
Rank 10 SLURM info: PROCID=10 LOCALID=10 NODEID=0
Rank 10 affinity mask: 50 
Rank 10 current logical CPU: 50
Rank 11 running on computenode0
Rank 11 SLURM info: PROCID=11 LOCALID=11 NODEID=0
Rank 11 affinity mask: 74 
Rank 11 current logical CPU: 74
Rank 12 running on computenode0
Rank 12 SLURM info: PROCID=12 LOCALID=12 NODEID=0
Rank 12 affinity mask: 3 
Rank 12 current logical CPU: 3
Rank 13 running on computenode0
Rank 13 SLURM info: PROCID=13 LOCALID=13 NODEID=0
Rank 13 affinity mask: 27 
Rank 13 current logical CPU: 27
Rank 14 running on computenode0
Rank 14 SLURM info: PROCID=14 LOCALID=14 NODEID=0
Rank 14 affinity mask: 51 
Rank 14 current logical CPU: 51
Rank 15 running on computenode0
Rank 15 SLURM info: PROCID=15 LOCALID=15 NODEID=0
Rank 15 affinity mask: 75 
Rank 15 current logical CPU: 75
Rank 16 running on computenode0
Rank 16 SLURM info: PROCID=16 LOCALID=16 NODEID=0
Rank 16 affinity mask: 4 
Rank 16 current logical CPU: 4
Rank 17 running on computenode0
Rank 17 SLURM info: PROCID=17 LOCALID=17 NODEID=0
Rank 17 affinity mask: 28 
Rank 17 current logical CPU: 28
Rank 18 running on computenode0
Rank 18 SLURM info: PROCID=18 LOCALID=18 NODEID=0
Rank 18 affinity mask: 52 
Rank 18 current logical CPU: 52
Rank 19 running on computenode0
Rank 19 SLURM info: PROCID=19 LOCALID=19 NODEID=0
Rank 19 affinity mask: 76 
Rank 19 current logical CPU: 76
Rank 20 running on computenode0
Rank 20 SLURM info: PROCID=20 LOCALID=20 NODEID=0
Rank 20 affinity mask: 5 
Rank 20 current logical CPU: 5
Rank 21 running on computenode0
Rank 21 SLURM info: PROCID=21 LOCALID=21 NODEID=0
Rank 21 affinity mask: 29 
Rank 21 current logical CPU: 29
Rank 22 running on computenode0
Rank 22 SLURM info: PROCID=22 LOCALID=22 NODEID=0
Rank 22 affinity mask: 53 
Rank 22 current logical CPU: 53
Rank 23 running on computenode0
Rank 23 SLURM info: PROCID=23 LOCALID=23 NODEID=0
Rank 23 affinity mask: 77 
Rank 23 current logical CPU: 77
Rank 24 running on computenode0
Rank 24 SLURM info: PROCID=24 LOCALID=24 NODEID=0
Rank 24 affinity mask: 6 
Rank 24 current logical CPU: 6
Rank 25 running on computenode0
Rank 25 SLURM info: PROCID=25 LOCALID=25 NODEID=0
Rank 25 affinity mask: 30 
Rank 25 current logical CPU: 30
Rank 26 running on computenode0
Rank 26 SLURM info: PROCID=26 LOCALID=26 NODEID=0
Rank 26 affinity mask: 54 
Rank 26 current logical CPU: 54
Rank 27 running on computenode0
Rank 27 SLURM info: PROCID=27 LOCALID=27 NODEID=0
Rank 27 affinity mask: 78 
Rank 27 current logical CPU: 78
Rank 28 running on computenode0
Rank 28 SLURM info: PROCID=28 LOCALID=28 NODEID=0
Rank 28 affinity mask: 7 
Rank 28 current logical CPU: 7
Rank 29 running on computenode0
Rank 29 SLURM info: PROCID=29 LOCALID=29 NODEID=0
Rank 29 affinity mask: 31 
Rank 29 current logical CPU: 31
Rank 30 running on computenode0
Rank 30 SLURM info: PROCID=30 LOCALID=30 NODEID=0
Rank 30 affinity mask: 55 
Rank 30 current logical CPU: 55
Rank 31 running on computenode0
Rank 31 SLURM info: PROCID=31 LOCALID=31 NODEID=0
Rank 31 affinity mask: 79 
Rank 31 current logical CPU: 79
Rank 32 running on computenode0
Rank 32 SLURM info: PROCID=32 LOCALID=32 NODEID=0
Rank 32 affinity mask: 8 
Rank 32 current logical CPU: 8
Rank 33 running on computenode0
Rank 33 SLURM info: PROCID=33 LOCALID=33 NODEID=0
Rank 33 affinity mask: 32 
Rank 33 current logical CPU: 32
Rank 34 running on computenode0
Rank 34 SLURM info: PROCID=34 LOCALID=34 NODEID=0
Rank 34 affinity mask: 56 
Rank 34 current logical CPU: 56
Rank 35 running on computenode0
Rank 35 SLURM info: PROCID=35 LOCALID=35 NODEID=0
Rank 35 affinity mask: 80 
Rank 35 current logical CPU: 80
Rank 36 running on computenode0
Rank 36 SLURM info: PROCID=36 LOCALID=36 NODEID=0
Rank 36 affinity mask: 9 
Rank 36 current logical CPU: 9
Rank 37 running on computenode0
Rank 37 SLURM info: PROCID=37 LOCALID=37 NODEID=0
Rank 37 affinity mask: 33 
Rank 37 current logical CPU: 33
Rank 38 running on computenode0
Rank 38 SLURM info: PROCID=38 LOCALID=38 NODEID=0
Rank 38 affinity mask: 57 
Rank 38 current logical CPU: 57
Rank 39 running on computenode0
Rank 39 SLURM info: PROCID=39 LOCALID=39 NODEID=0
Rank 39 affinity mask: 81 
Rank 39 current logical CPU: 81
Rank 40 running on computenode0
Rank 40 SLURM info: PROCID=40 LOCALID=40 NODEID=0
Rank 40 affinity mask: 10 
Rank 40 current logical CPU: 10
Rank 41 running on computenode0
Rank 41 SLURM info: PROCID=41 LOCALID=41 NODEID=0
Rank 41 affinity mask: 34 
Rank 41 current logical CPU: 34
Rank 42 running on computenode0
Rank 42 SLURM info: PROCID=42 LOCALID=42 NODEID=0
Rank 42 affinity mask: 58 
Rank 42 current logical CPU: 58
Rank 43 running on computenode0
Rank 43 SLURM info: PROCID=43 LOCALID=43 NODEID=0
Rank 43 affinity mask: 82 
Rank 43 current logical CPU: 82
Rank 44 running on computenode0
Rank 44 SLURM info: PROCID=44 LOCALID=44 NODEID=0
Rank 44 affinity mask: 11 
Rank 44 current logical CPU: 11
Rank 45 running on computenode0
Rank 45 SLURM info: PROCID=45 LOCALID=45 NODEID=0
Rank 45 affinity mask: 35 
Rank 45 current logical CPU: 35
Rank 46 running on computenode0
Rank 46 SLURM info: PROCID=46 LOCALID=46 NODEID=0
Rank 46 affinity mask: 59 
Rank 46 current logical CPU: 59
Rank 47 running on computenode0
Rank 47 SLURM info: PROCID=47 LOCALID=47 NODEID=0
Rank 47 affinity mask: 83 
Rank 47 current logical CPU: 83
Rank 48 running on computenode0
Rank 48 SLURM info: PROCID=48 LOCALID=48 NODEID=0
Rank 48 affinity mask: 12 
Rank 48 current logical CPU: 12
Rank 49 running on computenode0
Rank 49 SLURM info: PROCID=49 LOCALID=49 NODEID=0
Rank 49 affinity mask: 36 
Rank 49 current logical CPU: 36
Rank 50 running on computenode0
Rank 50 SLURM info: PROCID=50 LOCALID=50 NODEID=0
Rank 50 affinity mask: 60 
Rank 50 current logical CPU: 60
Rank 51 running on computenode0
Rank 51 SLURM info: PROCID=51 LOCALID=51 NODEID=0
Rank 51 affinity mask: 84 
Rank 51 current logical CPU: 84
Rank 52 running on computenode0
Rank 52 SLURM info: PROCID=52 LOCALID=52 NODEID=0
Rank 52 affinity mask: 13 
Rank 52 current logical CPU: 13
Rank 53 running on computenode0
Rank 53 SLURM info: PROCID=53 LOCALID=53 NODEID=0
Rank 53 affinity mask: 37 
Rank 53 current logical CPU: 37
Rank 54 running on computenode0
Rank 54 SLURM info: PROCID=54 LOCALID=54 NODEID=0
Rank 54 affinity mask: 61 
Rank 54 current logical CPU: 61
Rank 55 running on computenode0
Rank 55 SLURM info: PROCID=55 LOCALID=55 NODEID=0
Rank 55 affinity mask: 85 
Rank 55 current logical CPU: 85
Rank 56 running on computenode0
Rank 56 SLURM info: PROCID=56 LOCALID=56 NODEID=0
Rank 56 affinity mask: 14 
Rank 56 current logical CPU: 14
Rank 57 running on computenode0
Rank 57 SLURM info: PROCID=57 LOCALID=57 NODEID=0
Rank 57 affinity mask: 38 
Rank 57 current logical CPU: 38
Rank 58 running on computenode0
Rank 58 SLURM info: PROCID=58 LOCALID=58 NODEID=0
Rank 58 affinity mask: 62 
Rank 58 current logical CPU: 62
Rank 59 running on computenode0
Rank 59 SLURM info: PROCID=59 LOCALID=59 NODEID=0
Rank 59 affinity mask: 86 
Rank 59 current logical CPU: 86
Rank 60 running on computenode0
Rank 60 SLURM info: PROCID=60 LOCALID=60 NODEID=0
Rank 60 affinity mask: 15 
Rank 60 current logical CPU: 15
Rank 61 running on computenode0
Rank 61 SLURM info: PROCID=61 LOCALID=61 NODEID=0
Rank 61 affinity mask: 39 
Rank 61 current logical CPU: 39
Rank 62 running on computenode0
Rank 62 SLURM info: PROCID=62 LOCALID=62 NODEID=0
Rank 62 affinity mask: 63 
Rank 62 current logical CPU: 63
Rank 63 running on computenode0
Rank 63 SLURM info: PROCID=63 LOCALID=63 NODEID=0
Rank 63 affinity mask: 87 
Rank 63 current logical CPU: 87
Rank 64 running on computenode0
Rank 64 SLURM info: PROCID=64 LOCALID=64 NODEID=0
Rank 64 affinity mask: 16 
Rank 64 current logical CPU: 16
Rank 65 running on computenode0
Rank 65 SLURM info: PROCID=65 LOCALID=65 NODEID=0
Rank 65 affinity mask: 40 
Rank 65 current logical CPU: 40
Rank 66 running on computenode0
Rank 66 SLURM info: PROCID=66 LOCALID=66 NODEID=0
Rank 66 affinity mask: 64 
Rank 66 current logical CPU: 64
Rank 67 running on computenode0
Rank 67 SLURM info: PROCID=67 LOCALID=67 NODEID=0
Rank 67 affinity mask: 88 
Rank 67 current logical CPU: 88
Rank 68 running on computenode0
Rank 68 SLURM info: PROCID=68 LOCALID=68 NODEID=0
Rank 68 affinity mask: 17 
Rank 68 current logical CPU: 17
Rank 69 running on computenode0
Rank 69 SLURM info: PROCID=69 LOCALID=69 NODEID=0
Rank 69 affinity mask: 41 
Rank 69 current logical CPU: 41
Rank 70 running on computenode0
Rank 70 SLURM info: PROCID=70 LOCALID=70 NODEID=0
Rank 70 affinity mask: 65 
Rank 70 current logical CPU: 65
Rank 71 running on computenode0
Rank 71 SLURM info: PROCID=71 LOCALID=71 NODEID=0
Rank 71 affinity mask: 89 
Rank 71 current logical CPU: 89
Rank 72 running on computenode0
Rank 72 SLURM info: PROCID=72 LOCALID=72 NODEID=0
Rank 72 affinity mask: 18 
Rank 72 current logical CPU: 18
Rank 73 running on computenode0
Rank 73 SLURM info: PROCID=73 LOCALID=73 NODEID=0
Rank 73 affinity mask: 42 
Rank 73 current logical CPU: 42
Rank 74 running on computenode0
Rank 74 SLURM info: PROCID=74 LOCALID=74 NODEID=0
Rank 74 affinity mask: 66 
Rank 74 current logical CPU: 66
Rank 75 running on computenode0
Rank 75 SLURM info: PROCID=75 LOCALID=75 NODEID=0
Rank 75 affinity mask: 90 
Rank 75 current logical CPU: 90
Rank 76 running on computenode0
Rank 76 SLURM info: PROCID=76 LOCALID=76 NODEID=0
Rank 76 affinity mask: 19 
Rank 76 current logical CPU: 19
Rank 77 running on computenode0
Rank 77 SLURM info: PROCID=77 LOCALID=77 NODEID=0
Rank 77 affinity mask: 43 
Rank 77 current logical CPU: 43
Rank 78 running on computenode0
Rank 78 SLURM info: PROCID=78 LOCALID=78 NODEID=0
Rank 78 affinity mask: 67 
Rank 78 current logical CPU: 67
Rank 79 running on computenode0
Rank 79 SLURM info: PROCID=79 LOCALID=79 NODEID=0
Rank 79 affinity mask: 91 
Rank 79 current logical CPU: 91
Rank 80 running on computenode0
Rank 80 SLURM info: PROCID=80 LOCALID=80 NODEID=0
Rank 80 affinity mask: 20 
Rank 80 current logical CPU: 20
Rank 81 running on computenode0
Rank 81 SLURM info: PROCID=81 LOCALID=81 NODEID=0
Rank 81 affinity mask: 44 
Rank 81 current logical CPU: 44
Rank 82 running on computenode0
Rank 82 SLURM info: PROCID=82 LOCALID=82 NODEID=0
Rank 82 affinity mask: 68 
Rank 82 current logical CPU: 68
Rank 83 running on computenode0
Rank 83 SLURM info: PROCID=83 LOCALID=83 NODEID=0
Rank 83 affinity mask: 92 
Rank 83 current logical CPU: 92
Rank 84 running on computenode0
Rank 84 SLURM info: PROCID=84 LOCALID=84 NODEID=0
Rank 84 affinity mask: 21 
Rank 84 current logical CPU: 21
Rank 85 running on computenode0
Rank 85 SLURM info: PROCID=85 LOCALID=85 NODEID=0
Rank 85 affinity mask: 45 
Rank 85 current logical CPU: 45
Rank 86 running on computenode0
Rank 86 SLURM info: PROCID=86 LOCALID=86 NODEID=0
Rank 86 affinity mask: 69 
Rank 86 current logical CPU: 69
Rank 87 running on computenode0
Rank 87 SLURM info: PROCID=87 LOCALID=87 NODEID=0
Rank 87 affinity mask: 93 
Rank 87 current logical CPU: 93
Rank 88 running on computenode0
Rank 88 SLURM info: PROCID=88 LOCALID=88 NODEID=0
Rank 88 affinity mask: 22 
Rank 88 current logical CPU: 22
Rank 89 running on computenode0
Rank 89 SLURM info: PROCID=89 LOCALID=89 NODEID=0
Rank 89 affinity mask: 46 
Rank 89 current logical CPU: 46
Rank 90 running on computenode0
Rank 90 SLURM info: PROCID=90 LOCALID=90 NODEID=0
Rank 90 affinity mask: 70 
Rank 90 current logical CPU: 70
Rank 91 running on computenode0
Rank 91 SLURM info: PROCID=91 LOCALID=91 NODEID=0
Rank 91 affinity mask: 94 
Rank 91 current logical CPU: 94
Rank 92 running on computenode0
Rank 92 SLURM info: PROCID=92 LOCALID=92 NODEID=0
Rank 92 affinity mask: 23 
Rank 92 current logical CPU: 23
Rank 93 running on computenode0
Rank 93 SLURM info: PROCID=93 LOCALID=93 NODEID=0
Rank 93 affinity mask: 47 
Rank 93 current logical CPU: 47
Rank 94 running on computenode0
Rank 94 SLURM info: PROCID=94 LOCALID=94 NODEID=0
Rank 94 affinity mask: 71 
Rank 94 current logical CPU: 71
Rank 95 running on computenode0
Rank 95 SLURM info: PROCID=95 LOCALID=95 NODEID=0
Rank 95 affinity mask: 95 
Rank 95 current logical CPU: 95

# MPI Broadcast Benchmark
#
# Configuration
#   MPI ranks        : 96
#   Max message size : 16777216 bytes
#   Warmup iterations: 20
#   Small iterations : 1000
#   Large iterations : 100
#   MPI_Wtick        : 1.000000000e-09 seconds
#
# Metrics
#   Broadcast        : average per-iteration time of the slowest MPI rank
#   EffectiveBW      : aggregate data volume delivered to non-root ranks per unit time
#
# Size(Bytes)	Broadcast(us)	EffectiveBW(MiB/s)
       1 bytes      2.85 us     31.83 MiB/s
       2 bytes      3.09 us     58.60 MiB/s
       4 bytes      2.71 us    133.71 MiB/s
       8 bytes      2.78 us    261.11 MiB/s
      16 bytes      3.04 us    476.57 MiB/s
      32 bytes      3.07 us    943.90 MiB/s
      64 bytes      3.10 us   1868.47 MiB/s
     128 bytes      3.13 us   3703.49 MiB/s
     256 bytes      3.28 us   7062.25 MiB/s
     512 bytes      7.05 us   6583.54 MiB/s
    1024 bytes     30.39 us   3052.63 MiB/s
    2048 bytes     37.75 us   4914.79 MiB/s
    4096 bytes     57.28 us   6479.00 MiB/s
    8192 bytes     65.31 us  11363.25 MiB/s
   16384 bytes    109.13 us  13601.38 MiB/s
   32768 bytes    208.63 us  14229.79 MiB/s
   65536 bytes    542.65 us  10941.64 MiB/s
  131072 bytes   1130.31 us  10505.96 MiB/s
  262144 bytes   2261.47 us  10502.01 MiB/s
  524288 bytes   4274.12 us  11113.41 MiB/s
 1048576 bytes   8539.71 us  11124.50 MiB/s
 2097152 bytes  15501.46 us  12256.91 MiB/s
 4194304 bytes  18898.46 us  20107.46 MiB/s
 8388608 bytes  25736.01 us  29530.61 MiB/s
16777216 bytes  40240.08 us  37773.28 MiB/s
  Verification data:
    rank 0 : checksum=  2852126720  expected=  2852126720
    rank 1 : checksum=  2852126720  expected=  2852126720
    rank 2 : checksum=  2852126720  expected=  2852126720
    rank 3 : checksum=  2852126720  expected=  2852126720
    rank 4 : checksum=  2852126720  expected=  2852126720
    rank 5 : checksum=  2852126720  expected=  2852126720
    rank 6 : checksum=  2852126720  expected=  2852126720
    rank 7 : checksum=  2852126720  expected=  2852126720
    rank 8 : checksum=  2852126720  expected=  2852126720
    rank 9 : checksum=  2852126720  expected=  2852126720
    rank 10 : checksum=  2852126720  expected=  2852126720
    rank 11 : checksum=  2852126720  expected=  2852126720
    rank 12 : checksum=  2852126720  expected=  2852126720
    rank 13 : checksum=  2852126720  expected=  2852126720
    rank 14 : checksum=  2852126720  expected=  2852126720
    rank 15 : checksum=  2852126720  expected=  2852126720
    rank 16 : checksum=  2852126720  expected=  2852126720
    rank 17 : checksum=  2852126720  expected=  2852126720
    rank 18 : checksum=  2852126720  expected=  2852126720
    rank 19 : checksum=  2852126720  expected=  2852126720
    rank 20 : checksum=  2852126720  expected=  2852126720
    rank 21 : checksum=  2852126720  expected=  2852126720
    rank 22 : checksum=  2852126720  expected=  2852126720
    rank 23 : checksum=  2852126720  expected=  2852126720
    rank 24 : checksum=  2852126720  expected=  2852126720
    rank 25 : checksum=  2852126720  expected=  2852126720
    rank 26 : checksum=  2852126720  expected=  2852126720
    rank 27 : checksum=  2852126720  expected=  2852126720
    rank 28 : checksum=  2852126720  expected=  2852126720
    rank 29 : checksum=  2852126720  expected=  2852126720
    rank 30 : checksum=  2852126720  expected=  2852126720
    rank 31 : checksum=  2852126720  expected=  2852126720
    rank 32 : checksum=  2852126720  expected=  2852126720
    rank 33 : checksum=  2852126720  expected=  2852126720
    rank 34 : checksum=  2852126720  expected=  2852126720
    rank 35 : checksum=  2852126720  expected=  2852126720
    rank 36 : checksum=  2852126720  expected=  2852126720
    rank 37 : checksum=  2852126720  expected=  2852126720
    rank 38 : checksum=  2852126720  expected=  2852126720
    rank 39 : checksum=  2852126720  expected=  2852126720
    rank 40 : checksum=  2852126720  expected=  2852126720
    rank 41 : checksum=  2852126720  expected=  2852126720
    rank 42 : checksum=  2852126720  expected=  2852126720
    rank 43 : checksum=  2852126720  expected=  2852126720
    rank 44 : checksum=  2852126720  expected=  2852126720
    rank 45 : checksum=  2852126720  expected=  2852126720
    rank 46 : checksum=  2852126720  expected=  2852126720
    rank 47 : checksum=  2852126720  expected=  2852126720
    rank 48 : checksum=  2852126720  expected=  2852126720
    rank 49 : checksum=  2852126720  expected=  2852126720
    rank 50 : checksum=  2852126720  expected=  2852126720
    rank 51 : checksum=  2852126720  expected=  2852126720
    rank 52 : checksum=  2852126720  expected=  2852126720
    rank 53 : checksum=  2852126720  expected=  2852126720
    rank 54 : checksum=  2852126720  expected=  2852126720
    rank 55 : checksum=  2852126720  expected=  2852126720
    rank 56 : checksum=  2852126720  expected=  2852126720
    rank 57 : checksum=  2852126720  expected=  2852126720
    rank 58 : checksum=  2852126720  expected=  2852126720
    rank 59 : checksum=  2852126720  expected=  2852126720
    rank 60 : checksum=  2852126720  expected=  2852126720
    rank 61 : checksum=  2852126720  expected=  2852126720
    rank 62 : checksum=  2852126720  expected=  2852126720
    rank 63 : checksum=  2852126720  expected=  2852126720
    rank 64 : checksum=  2852126720  expected=  2852126720
    rank 65 : checksum=  2852126720  expected=  2852126720
    rank 66 : checksum=  2852126720  expected=  2852126720
    rank 67 : checksum=  2852126720  expected=  2852126720
    rank 68 : checksum=  2852126720  expected=  2852126720
    rank 69 : checksum=  2852126720  expected=  2852126720
    rank 70 : checksum=  2852126720  expected=  2852126720
    rank 71 : checksum=  2852126720  expected=  2852126720
    rank 72 : checksum=  2852126720  expected=  2852126720
    rank 73 : checksum=  2852126720  expected=  2852126720
    rank 74 : checksum=  2852126720  expected=  2852126720
    rank 75 : checksum=  2852126720  expected=  2852126720
    rank 76 : checksum=  2852126720  expected=  2852126720
    rank 77 : checksum=  2852126720  expected=  2852126720
    rank 78 : checksum=  2852126720  expected=  2852126720
    rank 79 : checksum=  2852126720  expected=  2852126720
    rank 80 : checksum=  2852126720  expected=  2852126720
    rank 81 : checksum=  2852126720  expected=  2852126720
    rank 82 : checksum=  2852126720  expected=  2852126720
    rank 83 : checksum=  2852126720  expected=  2852126720
    rank 84 : checksum=  2852126720  expected=  2852126720
    rank 85 : checksum=  2852126720  expected=  2852126720
    rank 86 : checksum=  2852126720  expected=  2852126720
    rank 87 : checksum=  2852126720  expected=  2852126720
    rank 88 : checksum=  2852126720  expected=  2852126720
    rank 89 : checksum=  2852126720  expected=  2852126720
    rank 90 : checksum=  2852126720  expected=  2852126720
    rank 91 : checksum=  2852126720  expected=  2852126720
    rank 92 : checksum=  2852126720  expected=  2852126720
    rank 93 : checksum=  2852126720  expected=  2852126720
    rank 94 : checksum=  2852126720  expected=  2852126720
    rank 95 : checksum=  2852126720  expected=  2852126720

========================================
 DONE
========================================
