cpu-bind=MASK - computenode0, task  0  0 [183874]: mask 0x1 set
cpu-bind=MASK - computenode0, task  1  1 [183875]: mask 0x1000000 set
cpu-bind=MASK - computenode0, task  2  2 [183876]: mask 0x1000000000000 set
cpu-bind=MASK - computenode0, task  3  3 [183877]: mask 0x1000000000000000000 set
cpu-bind=MASK - computenode0, task  4  4 [183878]: mask 0x2 set
cpu-bind=MASK - computenode0, task  5  5 [183879]: mask 0x2000000 set
cpu-bind=MASK - computenode0, task  6  6 [183880]: mask 0x2000000000000 set
cpu-bind=MASK - computenode0, task  7  7 [183881]: mask 0x2000000000000000000 set
cpu-bind=MASK - computenode0, task  8  8 [183882]: mask 0x4 set
cpu-bind=MASK - computenode0, task  9  9 [183883]: mask 0x4000000 set
cpu-bind=MASK - computenode0, task 10 10 [183884]: mask 0x4000000000000 set
cpu-bind=MASK - computenode0, task 11 11 [183885]: mask 0x4000000000000000000 set
cpu-bind=MASK - computenode0, task 12 12 [183886]: mask 0x8 set
cpu-bind=MASK - computenode0, task 13 13 [183887]: mask 0x8000000 set
cpu-bind=MASK - computenode0, task 14 14 [183888]: mask 0x8000000000000 set
cpu-bind=MASK - computenode0, task 15 15 [183889]: mask 0x8000000000000000000 set
cpu-bind=MASK - computenode0, task 16 16 [183890]: mask 0x10 set
cpu-bind=MASK - computenode0, task 17 17 [183891]: mask 0x10000000 set
cpu-bind=MASK - computenode0, task 18 18 [183892]: mask 0x10000000000000 set
cpu-bind=MASK - computenode0, task 19 19 [183893]: mask 0x10000000000000000000 set
cpu-bind=MASK - computenode0, task 20 20 [183894]: mask 0x20 set
cpu-bind=MASK - computenode0, task 21 21 [183895]: mask 0x20000000 set
cpu-bind=MASK - computenode0, task 22 22 [183896]: mask 0x20000000000000 set
cpu-bind=MASK - computenode0, task 23 23 [183897]: mask 0x20000000000000000000 set
cpu-bind=MASK - computenode0, task 24 24 [183898]: mask 0x40 set
cpu-bind=MASK - computenode0, task 25 25 [183899]: mask 0x40000000 set
cpu-bind=MASK - computenode0, task 26 26 [183900]: mask 0x40000000000000 set
cpu-bind=MASK - computenode0, task 27 27 [183901]: mask 0x40000000000000000000 set
cpu-bind=MASK - computenode0, task 28 28 [183902]: mask 0x80 set
cpu-bind=MASK - computenode0, task 29 29 [183903]: mask 0x80000000 set
cpu-bind=MASK - computenode0, task 30 30 [183904]: mask 0x80000000000000 set
cpu-bind=MASK - computenode0, task 31 31 [183905]: mask 0x80000000000000000000 set
cpu-bind=MASK - computenode0, task 32 32 [183906]: mask 0x100 set
cpu-bind=MASK - computenode0, task 33 33 [183907]: mask 0x100000000 set
cpu-bind=MASK - computenode0, task 34 34 [183908]: mask 0x100000000000000 set
cpu-bind=MASK - computenode0, task 35 35 [183909]: mask 0x100000000000000000000 set
cpu-bind=MASK - computenode0, task 36 36 [183910]: mask 0x200 set
cpu-bind=MASK - computenode0, task 37 37 [183911]: mask 0x200000000 set
cpu-bind=MASK - computenode0, task 38 38 [183912]: mask 0x200000000000000 set
cpu-bind=MASK - computenode0, task 39 39 [183913]: mask 0x200000000000000000000 set
cpu-bind=MASK - computenode0, task 40 40 [183914]: mask 0x400 set
cpu-bind=MASK - computenode0, task 41 41 [183915]: mask 0x400000000 set
cpu-bind=MASK - computenode0, task 42 42 [183916]: mask 0x400000000000000 set
cpu-bind=MASK - computenode0, task 43 43 [183917]: mask 0x400000000000000000000 set
cpu-bind=MASK - computenode0, task 44 44 [183918]: mask 0x800 set
cpu-bind=MASK - computenode0, task 45 45 [183919]: mask 0x800000000 set
cpu-bind=MASK - computenode0, task 46 46 [183920]: mask 0x800000000000000 set
cpu-bind=MASK - computenode0, task 47 47 [183921]: mask 0x800000000000000000000 set
cpu-bind=MASK - computenode0, task 48 48 [183922]: mask 0x1000 set
cpu-bind=MASK - computenode0, task 49 49 [183923]: mask 0x1000000000 set
cpu-bind=MASK - computenode0, task 50 50 [183924]: mask 0x1000000000000000 set
cpu-bind=MASK - computenode0, task 51 51 [183925]: mask 0x1000000000000000000000 set
cpu-bind=MASK - computenode0, task 52 52 [183926]: mask 0x2000 set
cpu-bind=MASK - computenode0, task 53 53 [183927]: mask 0x2000000000 set
cpu-bind=MASK - computenode0, task 54 54 [183928]: mask 0x2000000000000000 set
cpu-bind=MASK - computenode0, task 55 55 [183929]: mask 0x2000000000000000000000 set
cpu-bind=MASK - computenode0, task 56 56 [183930]: mask 0x4000 set
cpu-bind=MASK - computenode0, task 57 57 [183931]: mask 0x4000000000 set
cpu-bind=MASK - computenode0, task 58 58 [183932]: mask 0x4000000000000000 set
cpu-bind=MASK - computenode0, task 59 59 [183933]: mask 0x4000000000000000000000 set
cpu-bind=MASK - computenode0, task 60 60 [183934]: mask 0x8000 set
cpu-bind=MASK - computenode0, task 61 61 [183935]: mask 0x8000000000 set
cpu-bind=MASK - computenode0, task 62 62 [183936]: mask 0x8000000000000000 set
cpu-bind=MASK - computenode0, task 63 63 [183937]: mask 0x8000000000000000000000 set
cpu-bind=MASK - computenode0, task 64 64 [183938]: mask 0x10000 set
cpu-bind=MASK - computenode0, task 65 65 [183939]: mask 0x10000000000 set
cpu-bind=MASK - computenode0, task 66 66 [183940]: mask 0x10000000000000000 set
cpu-bind=MASK - computenode0, task 67 67 [183941]: mask 0x10000000000000000000000 set
cpu-bind=MASK - computenode0, task 68 68 [183942]: mask 0x20000 set
cpu-bind=MASK - computenode0, task 69 69 [183943]: mask 0x20000000000 set
cpu-bind=MASK - computenode0, task 70 70 [183944]: mask 0x20000000000000000 set
cpu-bind=MASK - computenode0, task 71 71 [183945]: mask 0x20000000000000000000000 set
cpu-bind=MASK - computenode0, task 72 72 [183946]: mask 0x40000 set
cpu-bind=MASK - computenode0, task 73 73 [183947]: mask 0x40000000000 set
cpu-bind=MASK - computenode0, task 74 74 [183948]: mask 0x40000000000000000 set
cpu-bind=MASK - computenode0, task 75 75 [183949]: mask 0x40000000000000000000000 set
cpu-bind=MASK - computenode0, task 76 76 [183950]: mask 0x80000 set
cpu-bind=MASK - computenode0, task 77 77 [183951]: mask 0x80000000000 set
cpu-bind=MASK - computenode0, task 78 78 [183952]: mask 0x80000000000000000 set
cpu-bind=MASK - computenode0, task 79 79 [183953]: mask 0x80000000000000000000000 set
cpu-bind=MASK - computenode0, task 80 80 [183954]: mask 0x100000 set
cpu-bind=MASK - computenode0, task 81 81 [183955]: mask 0x100000000000 set
cpu-bind=MASK - computenode0, task 82 82 [183956]: mask 0x100000000000000000 set
cpu-bind=MASK - computenode0, task 83 83 [183957]: mask 0x100000000000000000000000 set
cpu-bind=MASK - computenode0, task 84 84 [183958]: mask 0x200000 set
cpu-bind=MASK - computenode0, task 85 85 [183959]: mask 0x200000000000 set
cpu-bind=MASK - computenode0, task 86 86 [183960]: mask 0x200000000000000000 set
cpu-bind=MASK - computenode0, task 87 87 [183961]: mask 0x200000000000000000000000 set
cpu-bind=MASK - computenode0, task 88 88 [183962]: mask 0x400000 set
cpu-bind=MASK - computenode0, task 89 89 [183963]: mask 0x400000000000 set
cpu-bind=MASK - computenode0, task 90 90 [183964]: mask 0x400000000000000000 set
cpu-bind=MASK - computenode0, task 91 91 [183965]: mask 0x400000000000000000000000 set
cpu-bind=MASK - computenode0, task 92 92 [183966]: mask 0x800000 set
cpu-bind=MASK - computenode0, task 93 93 [183967]: mask 0x800000000000 set
cpu-bind=MASK - computenode0, task 94 94 [183968]: mask 0x800000000000000000 set
cpu-bind=MASK - computenode0, task 95 95 [183969]: mask 0x800000000000000000000000 set
cpu-bind=MASK - computenode0, task  0  0 [184007]: mask 0x1000000000000000000000001 set
cpu-bind=MASK - computenode0, task  1  1 [184008]: mask 0x1000000000000000000000001000000 set
cpu-bind=MASK - computenode0, task  2  2 [184009]: mask 0x1000000000000000000000001000000000000 set
cpu-bind=MASK - computenode0, task  3  3 [184010]: mask 0x1000000000000000000000001000000000000000000 set
cpu-bind=MASK - computenode0, task  4  4 [184011]: mask 0x2000000000000000000000002 set
cpu-bind=MASK - computenode0, task  5  5 [184012]: mask 0x2000000000000000000000002000000 set
cpu-bind=MASK - computenode0, task  6  6 [184013]: mask 0x2000000000000000000000002000000000000 set
cpu-bind=MASK - computenode0, task  7  7 [184014]: mask 0x2000000000000000000000002000000000000000000 set
cpu-bind=MASK - computenode0, task  8  8 [184015]: mask 0x4000000000000000000000004 set
cpu-bind=MASK - computenode0, task  9  9 [184016]: mask 0x4000000000000000000000004000000 set
cpu-bind=MASK - computenode0, task 10 10 [184017]: mask 0x4000000000000000000000004000000000000 set
cpu-bind=MASK - computenode0, task 11 11 [184018]: mask 0x4000000000000000000000004000000000000000000 set
cpu-bind=MASK - computenode0, task 12 12 [184019]: mask 0x8000000000000000000000008 set
cpu-bind=MASK - computenode0, task 13 13 [184020]: mask 0x8000000000000000000000008000000 set
cpu-bind=MASK - computenode0, task 14 14 [184021]: mask 0x8000000000000000000000008000000000000 set
cpu-bind=MASK - computenode0, task 15 15 [184022]: mask 0x8000000000000000000000008000000000000000000 set
cpu-bind=MASK - computenode0, task 16 16 [184023]: mask 0x10000000000000000000000010 set
cpu-bind=MASK - computenode0, task 17 17 [184024]: mask 0x10000000000000000000000010000000 set
cpu-bind=MASK - computenode0, task 18 18 [184025]: mask 0x10000000000000000000000010000000000000 set
cpu-bind=MASK - computenode0, task 19 19 [184026]: mask 0x10000000000000000000000010000000000000000000 set
cpu-bind=MASK - computenode0, task 20 20 [184027]: mask 0x20000000000000000000000020 set
cpu-bind=MASK - computenode0, task 21 21 [184028]: mask 0x20000000000000000000000020000000 set
cpu-bind=MASK - computenode0, task 22 22 [184029]: mask 0x20000000000000000000000020000000000000 set
cpu-bind=MASK - computenode0, task 23 23 [184030]: mask 0x20000000000000000000000020000000000000000000 set
cpu-bind=MASK - computenode0, task 24 24 [184031]: mask 0x40000000000000000000000040 set
cpu-bind=MASK - computenode0, task 25 25 [184032]: mask 0x40000000000000000000000040000000 set
cpu-bind=MASK - computenode0, task 26 26 [184033]: mask 0x40000000000000000000000040000000000000 set
cpu-bind=MASK - computenode0, task 27 27 [184034]: mask 0x40000000000000000000000040000000000000000000 set
cpu-bind=MASK - computenode0, task 28 28 [184035]: mask 0x80000000000000000000000080 set
cpu-bind=MASK - computenode0, task 29 29 [184036]: mask 0x80000000000000000000000080000000 set
cpu-bind=MASK - computenode0, task 30 30 [184037]: mask 0x80000000000000000000000080000000000000 set
cpu-bind=MASK - computenode0, task 31 31 [184038]: mask 0x80000000000000000000000080000000000000000000 set
cpu-bind=MASK - computenode0, task 32 32 [184039]: mask 0x100000000000000000000000100 set
cpu-bind=MASK - computenode0, task 33 33 [184040]: mask 0x100000000000000000000000100000000 set
cpu-bind=MASK - computenode0, task 34 34 [184041]: mask 0x100000000000000000000000100000000000000 set
cpu-bind=MASK - computenode0, task 35 35 [184042]: mask 0x100000000000000000000000100000000000000000000 set
cpu-bind=MASK - computenode0, task 36 36 [184043]: mask 0x200000000000000000000000200 set
cpu-bind=MASK - computenode0, task 37 37 [184044]: mask 0x200000000000000000000000200000000 set
cpu-bind=MASK - computenode0, task 38 38 [184045]: mask 0x200000000000000000000000200000000000000 set
cpu-bind=MASK - computenode0, task 39 39 [184046]: mask 0x200000000000000000000000200000000000000000000 set
cpu-bind=MASK - computenode0, task 40 40 [184047]: mask 0x400000000000000000000000400 set
cpu-bind=MASK - computenode0, task 41 41 [184048]: mask 0x400000000000000000000000400000000 set
cpu-bind=MASK - computenode0, task 42 42 [184049]: mask 0x400000000000000000000000400000000000000 set
cpu-bind=MASK - computenode0, task 43 43 [184050]: mask 0x400000000000000000000000400000000000000000000 set
cpu-bind=MASK - computenode0, task 44 44 [184051]: mask 0x800000000000000000000000800 set
cpu-bind=MASK - computenode0, task 45 45 [184052]: mask 0x800000000000000000000000800000000 set
cpu-bind=MASK - computenode0, task 46 46 [184053]: mask 0x800000000000000000000000800000000000000 set
cpu-bind=MASK - computenode0, task 47 47 [184054]: mask 0x800000000000000000000000800000000000000000000 set
cpu-bind=MASK - computenode0, task 48 48 [184055]: mask 0x1000000000000000000000001000 set
cpu-bind=MASK - computenode0, task 49 49 [184056]: mask 0x1000000000000000000000001000000000 set
cpu-bind=MASK - computenode0, task 50 50 [184057]: mask 0x1000000000000000000000001000000000000000 set
cpu-bind=MASK - computenode0, task 51 51 [184058]: mask 0x1000000000000000000000001000000000000000000000 set
cpu-bind=MASK - computenode0, task 52 52 [184059]: mask 0x2000000000000000000000002000 set
cpu-bind=MASK - computenode0, task 53 53 [184060]: mask 0x2000000000000000000000002000000000 set
cpu-bind=MASK - computenode0, task 54 54 [184061]: mask 0x2000000000000000000000002000000000000000 set
cpu-bind=MASK - computenode0, task 55 55 [184062]: mask 0x2000000000000000000000002000000000000000000000 set
cpu-bind=MASK - computenode0, task 56 56 [184063]: mask 0x4000000000000000000000004000 set
cpu-bind=MASK - computenode0, task 57 57 [184064]: mask 0x4000000000000000000000004000000000 set
cpu-bind=MASK - computenode0, task 58 58 [184065]: mask 0x4000000000000000000000004000000000000000 set
cpu-bind=MASK - computenode0, task 59 59 [184066]: mask 0x4000000000000000000000004000000000000000000000 set
cpu-bind=MASK - computenode0, task 60 60 [184067]: mask 0x8000000000000000000000008000 set
cpu-bind=MASK - computenode0, task 61 61 [184068]: mask 0x8000000000000000000000008000000000 set
cpu-bind=MASK - computenode0, task 62 62 [184069]: mask 0x8000000000000000000000008000000000000000 set
cpu-bind=MASK - computenode0, task 63 63 [184070]: mask 0x8000000000000000000000008000000000000000000000 set
cpu-bind=MASK - computenode0, task 64 64 [184071]: mask 0x10000000000000000000000010000 set
cpu-bind=MASK - computenode0, task 65 65 [184072]: mask 0x10000000000000000000000010000000000 set
cpu-bind=MASK - computenode0, task 66 66 [184073]: mask 0x10000000000000000000000010000000000000000 set
cpu-bind=MASK - computenode0, task 67 67 [184074]: mask 0x10000000000000000000000010000000000000000000000 set
cpu-bind=MASK - computenode0, task 68 68 [184075]: mask 0x20000000000000000000000020000 set
cpu-bind=MASK - computenode0, task 69 69 [184076]: mask 0x20000000000000000000000020000000000 set
cpu-bind=MASK - computenode0, task 70 70 [184077]: mask 0x20000000000000000000000020000000000000000 set
cpu-bind=MASK - computenode0, task 71 71 [184078]: mask 0x20000000000000000000000020000000000000000000000 set
cpu-bind=MASK - computenode0, task 72 72 [184079]: mask 0x40000000000000000000000040000 set
cpu-bind=MASK - computenode0, task 73 73 [184080]: mask 0x40000000000000000000000040000000000 set
cpu-bind=MASK - computenode0, task 74 74 [184081]: mask 0x40000000000000000000000040000000000000000 set
cpu-bind=MASK - computenode0, task 75 75 [184082]: mask 0x40000000000000000000000040000000000000000000000 set
cpu-bind=MASK - computenode0, task 76 76 [184083]: mask 0x80000000000000000000000080000 set
cpu-bind=MASK - computenode0, task 77 77 [184084]: mask 0x80000000000000000000000080000000000 set
cpu-bind=MASK - computenode0, task 78 78 [184085]: mask 0x80000000000000000000000080000000000000000 set
cpu-bind=MASK - computenode0, task 79 79 [184086]: mask 0x80000000000000000000000080000000000000000000000 set
cpu-bind=MASK - computenode0, task 80 80 [184087]: mask 0x100000000000000000000000100000 set
cpu-bind=MASK - computenode0, task 81 81 [184088]: mask 0x100000000000000000000000100000000000 set
cpu-bind=MASK - computenode0, task 82 82 [184089]: mask 0x100000000000000000000000100000000000000000 set
cpu-bind=MASK - computenode0, task 83 83 [184090]: mask 0x100000000000000000000000100000000000000000000000 set
cpu-bind=MASK - computenode0, task 84 84 [184091]: mask 0x200000000000000000000000200000 set
cpu-bind=MASK - computenode0, task 85 85 [184092]: mask 0x200000000000000000000000200000000000 set
cpu-bind=MASK - computenode0, task 86 86 [184093]: mask 0x200000000000000000000000200000000000000000 set
cpu-bind=MASK - computenode0, task 87 87 [184094]: mask 0x200000000000000000000000200000000000000000000000 set
cpu-bind=MASK - computenode0, task 88 88 [184095]: mask 0x400000000000000000000000400000 set
cpu-bind=MASK - computenode0, task 89 89 [184096]: mask 0x400000000000000000000000400000000000 set
cpu-bind=MASK - computenode0, task 90 90 [184097]: mask 0x400000000000000000000000400000000000000000 set
cpu-bind=MASK - computenode0, task 91 91 [184098]: mask 0x400000000000000000000000400000000000000000000000 set
cpu-bind=MASK - computenode0, task 92 92 [184099]: mask 0x800000000000000000000000800000 set
cpu-bind=MASK - computenode0, task 93 93 [184100]: mask 0x800000000000000000000000800000000000 set
cpu-bind=MASK - computenode0, task 94 94 [184101]: mask 0x800000000000000000000000800000000000000000 set
cpu-bind=MASK - computenode0, task 95 95 [184102]: mask 0x800000000000000000000000800000000000000000000000 set
cpu-bind=MASK - computenode0, task  0  0 [184151]: mask 0xffffff000000000000000000ffffff set
cpu-bind=MASK - computenode0, task  1  1 [184152]: mask 0xffffff000000000000000000ffffff000000 set
cpu-bind=MASK - computenode0, task  2  2 [184153]: mask 0xffffff000000000000000000ffffff000000000000 set
cpu-bind=MASK - computenode0, task  3  3 [184154]: mask 0xffffff000000000000000000ffffff000000000000000000 set
cpu-bind=MASK - computenode0, task  4  4 [184155]: mask 0xffffff000000000000000000ffffff set
cpu-bind=MASK - computenode0, task  5  5 [184156]: mask 0xffffff000000000000000000ffffff000000 set
cpu-bind=MASK - computenode0, task  6  6 [184157]: mask 0xffffff000000000000000000ffffff000000000000 set
cpu-bind=MASK - computenode0, task  7  7 [184158]: mask 0xffffff000000000000000000ffffff000000000000000000 set
cpu-bind=MASK - computenode0, task  8  8 [184159]: mask 0xffffff000000000000000000ffffff set
cpu-bind=MASK - computenode0, task  9  9 [184160]: mask 0xffffff000000000000000000ffffff000000 set
cpu-bind=MASK - computenode0, task 10 10 [184161]: mask 0xffffff000000000000000000ffffff000000000000 set
cpu-bind=MASK - computenode0, task 11 11 [184162]: mask 0xffffff000000000000000000ffffff000000000000000000 set
cpu-bind=MASK - computenode0, task 12 12 [184163]: mask 0xffffff000000000000000000ffffff set
cpu-bind=MASK - computenode0, task 13 13 [184164]: mask 0xffffff000000000000000000ffffff000000 set
cpu-bind=MASK - computenode0, task 14 14 [184165]: mask 0xffffff000000000000000000ffffff000000000000 set
cpu-bind=MASK - computenode0, task 15 15 [184166]: mask 0xffffff000000000000000000ffffff000000000000000000 set
cpu-bind=MASK - computenode0, task 16 16 [184167]: mask 0xffffff000000000000000000ffffff set
cpu-bind=MASK - computenode0, task 17 17 [184168]: mask 0xffffff000000000000000000ffffff000000 set
cpu-bind=MASK - computenode0, task 18 18 [184169]: mask 0xffffff000000000000000000ffffff000000000000 set
cpu-bind=MASK - computenode0, task 19 19 [184170]: mask 0xffffff000000000000000000ffffff000000000000000000 set
cpu-bind=MASK - computenode0, task 20 20 [184171]: mask 0xffffff000000000000000000ffffff set
cpu-bind=MASK - computenode0, task 21 21 [184172]: mask 0xffffff000000000000000000ffffff000000 set
cpu-bind=MASK - computenode0, task 22 22 [184173]: mask 0xffffff000000000000000000ffffff000000000000 set
cpu-bind=MASK - computenode0, task 23 23 [184174]: mask 0xffffff000000000000000000ffffff000000000000000000 set
cpu-bind=MASK - computenode0, task 24 24 [184175]: mask 0xffffff000000000000000000ffffff set
cpu-bind=MASK - computenode0, task 25 25 [184176]: mask 0xffffff000000000000000000ffffff000000 set
cpu-bind=MASK - computenode0, task 26 26 [184177]: mask 0xffffff000000000000000000ffffff000000000000 set
cpu-bind=MASK - computenode0, task 27 27 [184178]: mask 0xffffff000000000000000000ffffff000000000000000000 set
cpu-bind=MASK - computenode0, task 28 28 [184179]: mask 0xffffff000000000000000000ffffff set
cpu-bind=MASK - computenode0, task 29 29 [184180]: mask 0xffffff000000000000000000ffffff000000 set
cpu-bind=MASK - computenode0, task 30 30 [184181]: mask 0xffffff000000000000000000ffffff000000000000 set
cpu-bind=MASK - computenode0, task 31 31 [184182]: mask 0xffffff000000000000000000ffffff000000000000000000 set
cpu-bind=MASK - computenode0, task 32 32 [184183]: mask 0xffffff000000000000000000ffffff set
cpu-bind=MASK - computenode0, task 33 33 [184184]: mask 0xffffff000000000000000000ffffff000000 set
cpu-bind=MASK - computenode0, task 34 34 [184185]: mask 0xffffff000000000000000000ffffff000000000000 set
cpu-bind=MASK - computenode0, task 35 35 [184186]: mask 0xffffff000000000000000000ffffff000000000000000000 set
cpu-bind=MASK - computenode0, task 36 36 [184187]: mask 0xffffff000000000000000000ffffff set
cpu-bind=MASK - computenode0, task 37 37 [184188]: mask 0xffffff000000000000000000ffffff000000 set
cpu-bind=MASK - computenode0, task 38 38 [184189]: mask 0xffffff000000000000000000ffffff000000000000 set
cpu-bind=MASK - computenode0, task 39 39 [184190]: mask 0xffffff000000000000000000ffffff000000000000000000 set
cpu-bind=MASK - computenode0, task 40 40 [184191]: mask 0xffffff000000000000000000ffffff set
cpu-bind=MASK - computenode0, task 41 41 [184192]: mask 0xffffff000000000000000000ffffff000000 set
cpu-bind=MASK - computenode0, task 42 42 [184193]: mask 0xffffff000000000000000000ffffff000000000000 set
cpu-bind=MASK - computenode0, task 43 43 [184194]: mask 0xffffff000000000000000000ffffff000000000000000000 set
cpu-bind=MASK - computenode0, task 44 44 [184195]: mask 0xffffff000000000000000000ffffff set
cpu-bind=MASK - computenode0, task 45 45 [184196]: mask 0xffffff000000000000000000ffffff000000 set
cpu-bind=MASK - computenode0, task 46 46 [184197]: mask 0xffffff000000000000000000ffffff000000000000 set
cpu-bind=MASK - computenode0, task 47 47 [184198]: mask 0xffffff000000000000000000ffffff000000000000000000 set
cpu-bind=MASK - computenode0, task 48 48 [184199]: mask 0xffffff000000000000000000ffffff set
cpu-bind=MASK - computenode0, task 49 49 [184200]: mask 0xffffff000000000000000000ffffff000000 set
cpu-bind=MASK - computenode0, task 50 50 [184201]: mask 0xffffff000000000000000000ffffff000000000000 set
cpu-bind=MASK - computenode0, task 51 51 [184202]: mask 0xffffff000000000000000000ffffff000000000000000000 set
cpu-bind=MASK - computenode0, task 52 52 [184203]: mask 0xffffff000000000000000000ffffff set
cpu-bind=MASK - computenode0, task 53 53 [184204]: mask 0xffffff000000000000000000ffffff000000 set
cpu-bind=MASK - computenode0, task 54 54 [184205]: mask 0xffffff000000000000000000ffffff000000000000 set
cpu-bind=MASK - computenode0, task 55 55 [184206]: mask 0xffffff000000000000000000ffffff000000000000000000 set
cpu-bind=MASK - computenode0, task 56 56 [184207]: mask 0xffffff000000000000000000ffffff set
cpu-bind=MASK - computenode0, task 57 57 [184208]: mask 0xffffff000000000000000000ffffff000000 set
cpu-bind=MASK - computenode0, task 58 58 [184209]: mask 0xffffff000000000000000000ffffff000000000000 set
cpu-bind=MASK - computenode0, task 59 59 [184210]: mask 0xffffff000000000000000000ffffff000000000000000000 set
cpu-bind=MASK - computenode0, task 60 60 [184211]: mask 0xffffff000000000000000000ffffff set
cpu-bind=MASK - computenode0, task 61 61 [184212]: mask 0xffffff000000000000000000ffffff000000 set
cpu-bind=MASK - computenode0, task 62 62 [184213]: mask 0xffffff000000000000000000ffffff000000000000 set
cpu-bind=MASK - computenode0, task 63 63 [184214]: mask 0xffffff000000000000000000ffffff000000000000000000 set
cpu-bind=MASK - computenode0, task 64 64 [184215]: mask 0xffffff000000000000000000ffffff set
cpu-bind=MASK - computenode0, task 65 65 [184216]: mask 0xffffff000000000000000000ffffff000000 set
cpu-bind=MASK - computenode0, task 66 66 [184217]: mask 0xffffff000000000000000000ffffff000000000000 set
cpu-bind=MASK - computenode0, task 67 67 [184218]: mask 0xffffff000000000000000000ffffff000000000000000000 set
cpu-bind=MASK - computenode0, task 68 68 [184219]: mask 0xffffff000000000000000000ffffff set
cpu-bind=MASK - computenode0, task 69 69 [184220]: mask 0xffffff000000000000000000ffffff000000 set
cpu-bind=MASK - computenode0, task 70 70 [184221]: mask 0xffffff000000000000000000ffffff000000000000 set
cpu-bind=MASK - computenode0, task 71 71 [184222]: mask 0xffffff000000000000000000ffffff000000000000000000 set
cpu-bind=MASK - computenode0, task 72 72 [184223]: mask 0xffffff000000000000000000ffffff set
cpu-bind=MASK - computenode0, task 73 73 [184224]: mask 0xffffff000000000000000000ffffff000000 set
cpu-bind=MASK - computenode0, task 74 74 [184225]: mask 0xffffff000000000000000000ffffff000000000000 set
cpu-bind=MASK - computenode0, task 75 75 [184226]: mask 0xffffff000000000000000000ffffff000000000000000000 set
cpu-bind=MASK - computenode0, task 76 76 [184227]: mask 0xffffff000000000000000000ffffff set
cpu-bind=MASK - computenode0, task 77 77 [184228]: mask 0xffffff000000000000000000ffffff000000 set
cpu-bind=MASK - computenode0, task 78 78 [184229]: mask 0xffffff000000000000000000ffffff000000000000 set
cpu-bind=MASK - computenode0, task 79 79 [184230]: mask 0xffffff000000000000000000ffffff000000000000000000 set
cpu-bind=MASK - computenode0, task 80 80 [184231]: mask 0xffffff000000000000000000ffffff set
cpu-bind=MASK - computenode0, task 81 81 [184232]: mask 0xffffff000000000000000000ffffff000000 set
cpu-bind=MASK - computenode0, task 82 82 [184233]: mask 0xffffff000000000000000000ffffff000000000000 set
cpu-bind=MASK - computenode0, task 83 83 [184234]: mask 0xffffff000000000000000000ffffff000000000000000000 set
cpu-bind=MASK - computenode0, task 84 84 [184235]: mask 0xffffff000000000000000000ffffff set
cpu-bind=MASK - computenode0, task 85 85 [184236]: mask 0xffffff000000000000000000ffffff000000 set
cpu-bind=MASK - computenode0, task 86 86 [184237]: mask 0xffffff000000000000000000ffffff000000000000 set
cpu-bind=MASK - computenode0, task 87 87 [184238]: mask 0xffffff000000000000000000ffffff000000000000000000 set
cpu-bind=MASK - computenode0, task 88 88 [184239]: mask 0xffffff000000000000000000ffffff set
cpu-bind=MASK - computenode0, task 89 89 [184240]: mask 0xffffff000000000000000000ffffff000000 set
cpu-bind=MASK - computenode0, task 90 90 [184241]: mask 0xffffff000000000000000000ffffff000000000000 set
cpu-bind=MASK - computenode0, task 91 91 [184242]: mask 0xffffff000000000000000000ffffff000000000000000000 set
cpu-bind=MASK - computenode0, task 92 92 [184243]: mask 0xffffff000000000000000000ffffff set
cpu-bind=MASK - computenode0, task 93 93 [184244]: mask 0xffffff000000000000000000ffffff000000 set
cpu-bind=MASK - computenode0, task 94 94 [184245]: mask 0xffffff000000000000000000ffffff000000000000 set
cpu-bind=MASK - computenode0, task 95 95 [184246]: mask 0xffffff000000000000000000ffffff000000000000000000 set
cpu-bind=MASK - computenode0, task  0  0 [184290]: mask 0xffffff000000000000000000ffffff set
cpu-bind=MASK - computenode0, task  1  1 [184291]: mask 0xffffff000000000000000000ffffff000000 set
cpu-bind=MASK - computenode0, task  2  2 [184292]: mask 0xffffff000000000000000000ffffff000000000000 set
cpu-bind=MASK - computenode0, task  3  3 [184293]: mask 0xffffff000000000000000000ffffff000000000000000000 set
cpu-bind=MASK - computenode0, task  4  4 [184294]: mask 0xffffff000000000000000000ffffff set
cpu-bind=MASK - computenode0, task  5  5 [184295]: mask 0xffffff000000000000000000ffffff000000 set
cpu-bind=MASK - computenode0, task  6  6 [184296]: mask 0xffffff000000000000000000ffffff000000000000 set
cpu-bind=MASK - computenode0, task  7  7 [184297]: mask 0xffffff000000000000000000ffffff000000000000000000 set
cpu-bind=MASK - computenode0, task  8  8 [184298]: mask 0xffffff000000000000000000ffffff set
cpu-bind=MASK - computenode0, task  9  9 [184299]: mask 0xffffff000000000000000000ffffff000000 set
cpu-bind=MASK - computenode0, task 10 10 [184300]: mask 0xffffff000000000000000000ffffff000000000000 set
cpu-bind=MASK - computenode0, task 11 11 [184301]: mask 0xffffff000000000000000000ffffff000000000000000000 set
cpu-bind=MASK - computenode0, task 12 12 [184302]: mask 0xffffff000000000000000000ffffff set
cpu-bind=MASK - computenode0, task 13 13 [184303]: mask 0xffffff000000000000000000ffffff000000 set
cpu-bind=MASK - computenode0, task 14 14 [184304]: mask 0xffffff000000000000000000ffffff000000000000 set
cpu-bind=MASK - computenode0, task 15 15 [184305]: mask 0xffffff000000000000000000ffffff000000000000000000 set
cpu-bind=MASK - computenode0, task 16 16 [184306]: mask 0xffffff000000000000000000ffffff set
cpu-bind=MASK - computenode0, task 17 17 [184307]: mask 0xffffff000000000000000000ffffff000000 set
cpu-bind=MASK - computenode0, task 18 18 [184308]: mask 0xffffff000000000000000000ffffff000000000000 set
cpu-bind=MASK - computenode0, task 19 19 [184309]: mask 0xffffff000000000000000000ffffff000000000000000000 set
cpu-bind=MASK - computenode0, task 20 20 [184310]: mask 0xffffff000000000000000000ffffff set
cpu-bind=MASK - computenode0, task 21 21 [184311]: mask 0xffffff000000000000000000ffffff000000 set
cpu-bind=MASK - computenode0, task 22 22 [184312]: mask 0xffffff000000000000000000ffffff000000000000 set
cpu-bind=MASK - computenode0, task 23 23 [184313]: mask 0xffffff000000000000000000ffffff000000000000000000 set
cpu-bind=MASK - computenode0, task 24 24 [184314]: mask 0xffffff000000000000000000ffffff set
cpu-bind=MASK - computenode0, task 25 25 [184315]: mask 0xffffff000000000000000000ffffff000000 set
cpu-bind=MASK - computenode0, task 26 26 [184316]: mask 0xffffff000000000000000000ffffff000000000000 set
cpu-bind=MASK - computenode0, task 27 27 [184317]: mask 0xffffff000000000000000000ffffff000000000000000000 set
cpu-bind=MASK - computenode0, task 28 28 [184318]: mask 0xffffff000000000000000000ffffff set
cpu-bind=MASK - computenode0, task 29 29 [184319]: mask 0xffffff000000000000000000ffffff000000 set
cpu-bind=MASK - computenode0, task 30 30 [184320]: mask 0xffffff000000000000000000ffffff000000000000 set
cpu-bind=MASK - computenode0, task 31 31 [184321]: mask 0xffffff000000000000000000ffffff000000000000000000 set
cpu-bind=MASK - computenode0, task 32 32 [184322]: mask 0xffffff000000000000000000ffffff set
cpu-bind=MASK - computenode0, task 33 33 [184323]: mask 0xffffff000000000000000000ffffff000000 set
cpu-bind=MASK - computenode0, task 34 34 [184324]: mask 0xffffff000000000000000000ffffff000000000000 set
cpu-bind=MASK - computenode0, task 35 35 [184325]: mask 0xffffff000000000000000000ffffff000000000000000000 set
cpu-bind=MASK - computenode0, task 36 36 [184326]: mask 0xffffff000000000000000000ffffff set
cpu-bind=MASK - computenode0, task 37 37 [184327]: mask 0xffffff000000000000000000ffffff000000 set
cpu-bind=MASK - computenode0, task 38 38 [184328]: mask 0xffffff000000000000000000ffffff000000000000 set
cpu-bind=MASK - computenode0, task 39 39 [184329]: mask 0xffffff000000000000000000ffffff000000000000000000 set
cpu-bind=MASK - computenode0, task 40 40 [184330]: mask 0xffffff000000000000000000ffffff set
cpu-bind=MASK - computenode0, task 41 41 [184331]: mask 0xffffff000000000000000000ffffff000000 set
cpu-bind=MASK - computenode0, task 42 42 [184332]: mask 0xffffff000000000000000000ffffff000000000000 set
cpu-bind=MASK - computenode0, task 43 43 [184333]: mask 0xffffff000000000000000000ffffff000000000000000000 set
cpu-bind=MASK - computenode0, task 44 44 [184334]: mask 0xffffff000000000000000000ffffff set
cpu-bind=MASK - computenode0, task 45 45 [184335]: mask 0xffffff000000000000000000ffffff000000 set
cpu-bind=MASK - computenode0, task 46 46 [184336]: mask 0xffffff000000000000000000ffffff000000000000 set
cpu-bind=MASK - computenode0, task 47 47 [184337]: mask 0xffffff000000000000000000ffffff000000000000000000 set
cpu-bind=MASK - computenode0, task 48 48 [184338]: mask 0xffffff000000000000000000ffffff set
cpu-bind=MASK - computenode0, task 49 49 [184339]: mask 0xffffff000000000000000000ffffff000000 set
cpu-bind=MASK - computenode0, task 50 50 [184340]: mask 0xffffff000000000000000000ffffff000000000000 set
cpu-bind=MASK - computenode0, task 51 51 [184341]: mask 0xffffff000000000000000000ffffff000000000000000000 set
cpu-bind=MASK - computenode0, task 52 52 [184342]: mask 0xffffff000000000000000000ffffff set
cpu-bind=MASK - computenode0, task 53 53 [184343]: mask 0xffffff000000000000000000ffffff000000 set
cpu-bind=MASK - computenode0, task 54 54 [184344]: mask 0xffffff000000000000000000ffffff000000000000 set
cpu-bind=MASK - computenode0, task 55 55 [184345]: mask 0xffffff000000000000000000ffffff000000000000000000 set
cpu-bind=MASK - computenode0, task 56 56 [184346]: mask 0xffffff000000000000000000ffffff set
cpu-bind=MASK - computenode0, task 57 57 [184347]: mask 0xffffff000000000000000000ffffff000000 set
cpu-bind=MASK - computenode0, task 58 58 [184348]: mask 0xffffff000000000000000000ffffff000000000000 set
cpu-bind=MASK - computenode0, task 59 59 [184349]: mask 0xffffff000000000000000000ffffff000000000000000000 set
cpu-bind=MASK - computenode0, task 60 60 [184350]: mask 0xffffff000000000000000000ffffff set
cpu-bind=MASK - computenode0, task 61 61 [184351]: mask 0xffffff000000000000000000ffffff000000 set
cpu-bind=MASK - computenode0, task 62 62 [184352]: mask 0xffffff000000000000000000ffffff000000000000 set
cpu-bind=MASK - computenode0, task 63 63 [184353]: mask 0xffffff000000000000000000ffffff000000000000000000 set
cpu-bind=MASK - computenode0, task 64 64 [184354]: mask 0xffffff000000000000000000ffffff set
cpu-bind=MASK - computenode0, task 65 65 [184355]: mask 0xffffff000000000000000000ffffff000000 set
cpu-bind=MASK - computenode0, task 66 66 [184356]: mask 0xffffff000000000000000000ffffff000000000000 set
cpu-bind=MASK - computenode0, task 67 67 [184357]: mask 0xffffff000000000000000000ffffff000000000000000000 set
cpu-bind=MASK - computenode0, task 68 68 [184358]: mask 0xffffff000000000000000000ffffff set
cpu-bind=MASK - computenode0, task 69 69 [184359]: mask 0xffffff000000000000000000ffffff000000 set
cpu-bind=MASK - computenode0, task 70 70 [184360]: mask 0xffffff000000000000000000ffffff000000000000 set
cpu-bind=MASK - computenode0, task 71 71 [184361]: mask 0xffffff000000000000000000ffffff000000000000000000 set
cpu-bind=MASK - computenode0, task 72 72 [184362]: mask 0xffffff000000000000000000ffffff set
cpu-bind=MASK - computenode0, task 73 73 [184363]: mask 0xffffff000000000000000000ffffff000000 set
cpu-bind=MASK - computenode0, task 74 74 [184364]: mask 0xffffff000000000000000000ffffff000000000000 set
cpu-bind=MASK - computenode0, task 75 75 [184365]: mask 0xffffff000000000000000000ffffff000000000000000000 set
cpu-bind=MASK - computenode0, task 76 76 [184366]: mask 0xffffff000000000000000000ffffff set
cpu-bind=MASK - computenode0, task 77 77 [184367]: mask 0xffffff000000000000000000ffffff000000 set
cpu-bind=MASK - computenode0, task 78 78 [184368]: mask 0xffffff000000000000000000ffffff000000000000 set
cpu-bind=MASK - computenode0, task 79 79 [184369]: mask 0xffffff000000000000000000ffffff000000000000000000 set
cpu-bind=MASK - computenode0, task 80 80 [184370]: mask 0xffffff000000000000000000ffffff set
cpu-bind=MASK - computenode0, task 81 81 [184371]: mask 0xffffff000000000000000000ffffff000000 set
cpu-bind=MASK - computenode0, task 82 82 [184372]: mask 0xffffff000000000000000000ffffff000000000000 set
cpu-bind=MASK - computenode0, task 83 83 [184373]: mask 0xffffff000000000000000000ffffff000000000000000000 set
cpu-bind=MASK - computenode0, task 84 84 [184374]: mask 0xffffff000000000000000000ffffff set
cpu-bind=MASK - computenode0, task 85 85 [184375]: mask 0xffffff000000000000000000ffffff000000 set
cpu-bind=MASK - computenode0, task 86 86 [184376]: mask 0xffffff000000000000000000ffffff000000000000 set
cpu-bind=MASK - computenode0, task 87 87 [184377]: mask 0xffffff000000000000000000ffffff000000000000000000 set
cpu-bind=MASK - computenode0, task 88 88 [184378]: mask 0xffffff000000000000000000ffffff set
cpu-bind=MASK - computenode0, task 89 89 [184379]: mask 0xffffff000000000000000000ffffff000000 set
cpu-bind=MASK - computenode0, task 90 90 [184380]: mask 0xffffff000000000000000000ffffff000000000000 set
cpu-bind=MASK - computenode0, task 91 91 [184381]: mask 0xffffff000000000000000000ffffff000000000000000000 set
cpu-bind=MASK - computenode0, task 92 92 [184382]: mask 0xffffff000000000000000000ffffff set
cpu-bind=MASK - computenode0, task 93 93 [184383]: mask 0xffffff000000000000000000ffffff000000 set
cpu-bind=MASK - computenode0, task 94 94 [184384]: mask 0xffffff000000000000000000ffffff000000000000 set
cpu-bind=MASK - computenode0, task 95 95 [184385]: mask 0xffffff000000000000000000ffffff000000000000000000 set
cpu-bind=LDRANK - computenode0, task  0  0 [184422]: mask 0xffffff000000000000000000ffffff set
cpu-bind=LDRANK - computenode0, task  1  1 [184423]: mask 0xffffff000000000000000000ffffff000000 set
cpu-bind=LDRANK - computenode0, task  2  2 [184424]: mask 0xffffff000000000000000000ffffff000000000000 set
cpu-bind=LDRANK - computenode0, task  3  3 [184425]: mask 0xffffff000000000000000000ffffff000000000000000000 set
cpu-bind=LDRANK - computenode0, task  4  4 [184426]: mask 0xffffff000000000000000000ffffff set
cpu-bind=LDRANK - computenode0, task  5  5 [184427]: mask 0xffffff000000000000000000ffffff000000 set
cpu-bind=LDRANK - computenode0, task  6  6 [184428]: mask 0xffffff000000000000000000ffffff000000000000 set
cpu-bind=LDRANK - computenode0, task  7  7 [184429]: mask 0xffffff000000000000000000ffffff000000000000000000 set
cpu-bind=LDRANK - computenode0, task  8  8 [184430]: mask 0xffffff000000000000000000ffffff set
cpu-bind=LDRANK - computenode0, task  9  9 [184431]: mask 0xffffff000000000000000000ffffff000000 set
cpu-bind=LDRANK - computenode0, task 10 10 [184432]: mask 0xffffff000000000000000000ffffff000000000000 set
cpu-bind=LDRANK - computenode0, task 11 11 [184433]: mask 0xffffff000000000000000000ffffff000000000000000000 set
cpu-bind=LDRANK - computenode0, task 12 12 [184434]: mask 0xffffff000000000000000000ffffff set
cpu-bind=LDRANK - computenode0, task 13 13 [184435]: mask 0xffffff000000000000000000ffffff000000 set
cpu-bind=LDRANK - computenode0, task 14 14 [184436]: mask 0xffffff000000000000000000ffffff000000000000 set
cpu-bind=LDRANK - computenode0, task 15 15 [184437]: mask 0xffffff000000000000000000ffffff000000000000000000 set
cpu-bind=LDRANK - computenode0, task 16 16 [184438]: mask 0xffffff000000000000000000ffffff set
cpu-bind=LDRANK - computenode0, task 17 17 [184439]: mask 0xffffff000000000000000000ffffff000000 set
cpu-bind=LDRANK - computenode0, task 18 18 [184440]: mask 0xffffff000000000000000000ffffff000000000000 set
cpu-bind=LDRANK - computenode0, task 19 19 [184441]: mask 0xffffff000000000000000000ffffff000000000000000000 set
cpu-bind=LDRANK - computenode0, task 20 20 [184442]: mask 0xffffff000000000000000000ffffff set
cpu-bind=LDRANK - computenode0, task 21 21 [184443]: mask 0xffffff000000000000000000ffffff000000 set
cpu-bind=LDRANK - computenode0, task 22 22 [184444]: mask 0xffffff000000000000000000ffffff000000000000 set
cpu-bind=LDRANK - computenode0, task 23 23 [184445]: mask 0xffffff000000000000000000ffffff000000000000000000 set
cpu-bind=LDRANK - computenode0, task 24 24 [184446]: mask 0xffffff000000000000000000ffffff set
cpu-bind=LDRANK - computenode0, task 25 25 [184447]: mask 0xffffff000000000000000000ffffff000000 set
cpu-bind=LDRANK - computenode0, task 26 26 [184448]: mask 0xffffff000000000000000000ffffff000000000000 set
cpu-bind=LDRANK - computenode0, task 27 27 [184449]: mask 0xffffff000000000000000000ffffff000000000000000000 set
cpu-bind=LDRANK - computenode0, task 28 28 [184450]: mask 0xffffff000000000000000000ffffff set
cpu-bind=LDRANK - computenode0, task 29 29 [184451]: mask 0xffffff000000000000000000ffffff000000 set
cpu-bind=LDRANK - computenode0, task 30 30 [184452]: mask 0xffffff000000000000000000ffffff000000000000 set
cpu-bind=LDRANK - computenode0, task 31 31 [184453]: mask 0xffffff000000000000000000ffffff000000000000000000 set
cpu-bind=LDRANK - computenode0, task 32 32 [184454]: mask 0xffffff000000000000000000ffffff set
cpu-bind=LDRANK - computenode0, task 33 33 [184455]: mask 0xffffff000000000000000000ffffff000000 set
cpu-bind=LDRANK - computenode0, task 34 34 [184456]: mask 0xffffff000000000000000000ffffff000000000000 set
cpu-bind=LDRANK - computenode0, task 35 35 [184457]: mask 0xffffff000000000000000000ffffff000000000000000000 set
cpu-bind=LDRANK - computenode0, task 36 36 [184458]: mask 0xffffff000000000000000000ffffff set
cpu-bind=LDRANK - computenode0, task 37 37 [184459]: mask 0xffffff000000000000000000ffffff000000 set
cpu-bind=LDRANK - computenode0, task 38 38 [184460]: mask 0xffffff000000000000000000ffffff000000000000 set
cpu-bind=LDRANK - computenode0, task 39 39 [184461]: mask 0xffffff000000000000000000ffffff000000000000000000 set
cpu-bind=LDRANK - computenode0, task 40 40 [184462]: mask 0xffffff000000000000000000ffffff set
cpu-bind=LDRANK - computenode0, task 41 41 [184463]: mask 0xffffff000000000000000000ffffff000000 set
cpu-bind=LDRANK - computenode0, task 42 42 [184464]: mask 0xffffff000000000000000000ffffff000000000000 set
cpu-bind=LDRANK - computenode0, task 43 43 [184465]: mask 0xffffff000000000000000000ffffff000000000000000000 set
cpu-bind=LDRANK - computenode0, task 44 44 [184466]: mask 0xffffff000000000000000000ffffff set
cpu-bind=LDRANK - computenode0, task 45 45 [184467]: mask 0xffffff000000000000000000ffffff000000 set
cpu-bind=LDRANK - computenode0, task 46 46 [184468]: mask 0xffffff000000000000000000ffffff000000000000 set
cpu-bind=LDRANK - computenode0, task 47 47 [184469]: mask 0xffffff000000000000000000ffffff000000000000000000 set
cpu-bind=LDRANK - computenode0, task 48 48 [184470]: mask 0xffffff000000000000000000ffffff set
cpu-bind=LDRANK - computenode0, task 49 49 [184471]: mask 0xffffff000000000000000000ffffff000000 set
cpu-bind=LDRANK - computenode0, task 50 50 [184472]: mask 0xffffff000000000000000000ffffff000000000000 set
cpu-bind=LDRANK - computenode0, task 51 51 [184473]: mask 0xffffff000000000000000000ffffff000000000000000000 set
cpu-bind=LDRANK - computenode0, task 52 52 [184474]: mask 0xffffff000000000000000000ffffff set
cpu-bind=LDRANK - computenode0, task 53 53 [184475]: mask 0xffffff000000000000000000ffffff000000 set
cpu-bind=LDRANK - computenode0, task 54 54 [184476]: mask 0xffffff000000000000000000ffffff000000000000 set
cpu-bind=LDRANK - computenode0, task 55 55 [184477]: mask 0xffffff000000000000000000ffffff000000000000000000 set
cpu-bind=LDRANK - computenode0, task 56 56 [184478]: mask 0xffffff000000000000000000ffffff set
cpu-bind=LDRANK - computenode0, task 57 57 [184479]: mask 0xffffff000000000000000000ffffff000000 set
cpu-bind=LDRANK - computenode0, task 58 58 [184480]: mask 0xffffff000000000000000000ffffff000000000000 set
cpu-bind=LDRANK - computenode0, task 59 59 [184481]: mask 0xffffff000000000000000000ffffff000000000000000000 set
cpu-bind=LDRANK - computenode0, task 60 60 [184482]: mask 0xffffff000000000000000000ffffff set
cpu-bind=LDRANK - computenode0, task 61 61 [184483]: mask 0xffffff000000000000000000ffffff000000 set
cpu-bind=LDRANK - computenode0, task 62 62 [184484]: mask 0xffffff000000000000000000ffffff000000000000 set
cpu-bind=LDRANK - computenode0, task 63 63 [184485]: mask 0xffffff000000000000000000ffffff000000000000000000 set
cpu-bind=LDRANK - computenode0, task 64 64 [184486]: mask 0xffffff000000000000000000ffffff set
cpu-bind=LDRANK - computenode0, task 65 65 [184487]: mask 0xffffff000000000000000000ffffff000000 set
cpu-bind=LDRANK - computenode0, task 66 66 [184488]: mask 0xffffff000000000000000000ffffff000000000000 set
cpu-bind=LDRANK - computenode0, task 67 67 [184489]: mask 0xffffff000000000000000000ffffff000000000000000000 set
cpu-bind=LDRANK - computenode0, task 68 68 [184490]: mask 0xffffff000000000000000000ffffff set
cpu-bind=LDRANK - computenode0, task 69 69 [184491]: mask 0xffffff000000000000000000ffffff000000 set
cpu-bind=LDRANK - computenode0, task 70 70 [184492]: mask 0xffffff000000000000000000ffffff000000000000 set
cpu-bind=LDRANK - computenode0, task 71 71 [184493]: mask 0xffffff000000000000000000ffffff000000000000000000 set
cpu-bind=LDRANK - computenode0, task 72 72 [184494]: mask 0xffffff000000000000000000ffffff set
cpu-bind=LDRANK - computenode0, task 73 73 [184495]: mask 0xffffff000000000000000000ffffff000000 set
cpu-bind=LDRANK - computenode0, task 74 74 [184496]: mask 0xffffff000000000000000000ffffff000000000000 set
cpu-bind=LDRANK - computenode0, task 75 75 [184497]: mask 0xffffff000000000000000000ffffff000000000000000000 set
cpu-bind=LDRANK - computenode0, task 76 76 [184498]: mask 0xffffff000000000000000000ffffff set
cpu-bind=LDRANK - computenode0, task 77 77 [184499]: mask 0xffffff000000000000000000ffffff000000 set
cpu-bind=LDRANK - computenode0, task 78 78 [184500]: mask 0xffffff000000000000000000ffffff000000000000 set
cpu-bind=LDRANK - computenode0, task 79 79 [184501]: mask 0xffffff000000000000000000ffffff000000000000000000 set
cpu-bind=LDRANK - computenode0, task 80 80 [184502]: mask 0xffffff000000000000000000ffffff set
cpu-bind=LDRANK - computenode0, task 81 81 [184503]: mask 0xffffff000000000000000000ffffff000000 set
cpu-bind=LDRANK - computenode0, task 82 82 [184504]: mask 0xffffff000000000000000000ffffff000000000000 set
cpu-bind=LDRANK - computenode0, task 83 83 [184505]: mask 0xffffff000000000000000000ffffff000000000000000000 set
cpu-bind=LDRANK - computenode0, task 84 84 [184506]: mask 0xffffff000000000000000000ffffff set
cpu-bind=LDRANK - computenode0, task 85 85 [184507]: mask 0xffffff000000000000000000ffffff000000 set
cpu-bind=LDRANK - computenode0, task 86 86 [184508]: mask 0xffffff000000000000000000ffffff000000000000 set
cpu-bind=LDRANK - computenode0, task 87 87 [184509]: mask 0xffffff000000000000000000ffffff000000000000000000 set
cpu-bind=LDRANK - computenode0, task 88 88 [184510]: mask 0xffffff000000000000000000ffffff set
cpu-bind=LDRANK - computenode0, task 89 89 [184511]: mask 0xffffff000000000000000000ffffff000000 set
cpu-bind=LDRANK - computenode0, task 90 90 [184512]: mask 0xffffff000000000000000000ffffff000000000000 set
cpu-bind=LDRANK - computenode0, task 91 91 [184513]: mask 0xffffff000000000000000000ffffff000000000000000000 set
cpu-bind=LDRANK - computenode0, task 92 92 [184514]: mask 0xffffff000000000000000000ffffff set
cpu-bind=LDRANK - computenode0, task 93 93 [184515]: mask 0xffffff000000000000000000ffffff000000 set
cpu-bind=LDRANK - computenode0, task 94 94 [184516]: mask 0xffffff000000000000000000ffffff000000000000 set
cpu-bind=LDRANK - computenode0, task 95 95 [184517]: mask 0xffffff000000000000000000ffffff000000000000000000 set
